ARM Linker, 5.03 [Build 24] [MDK-ARM Standard]

==============================================================================

Section Cross References

    stm32f10x_it.o(.text) refers to usart.o(.text) for CheckUartBufferIRQ
    stm32f10x_it.o(.text) refers to stm32f10x_it.o(.data) for ticks_counter
    system_stm32f10x.o(.text) refers to system_stm32f10x.o(.data) for SystemCoreClock
    main.o(.text) refers to main.o(t._Z13__file_name__ILj17EEPKcRAT__S0_) for __file_name__<(unsigned)17>(const char(&)[T1])
    main.o(.text) refers to tracer.o(.text) for api::Tracer::printf(char*, ...)
    main.o(.text) refers to event.o(.text) for PostEvent
    main.o(.text) refers to stm32f10x_gpio.o(.text) for GPIO_ReadInputData
    main.o(.text) refers to setting.o(.text) for Setting::incRoundPerMinTicks()
    main.o(.text) refers to fpga.o(.text) for ext::Fpga::Read(unsigned char)
    main.o(.text) refers to delay.o(.text) for delay_init
    main.o(.text) refers to rt_memcpy_w.o(.text) for __aeabi_memcpy4
    main.o(.text) refers to sys.o(.text) for NVIC_Configuration
    main.o(.text) refers to usart.o(.text) for UART3_Init
    main.o(.text) refers to encoder.o(.text) for ENCODER_Init
    main.o(.text) refers to led.o(.text) for ext::Led::Init()
    main.o(.text) refers to lcd.o(.text) for lcd::reset()
    main.o(.text) refers to keyboard.o(.text) for ext::Keyboard::Init()
    main.o(.text) refers to main.o(i._ZN4Page11handleEnterEv) for Page::handleEnter()
    main.o(.text) refers to timer.o(.text) for Timer2_Init
    main.o(.text) refers to main.o(i._ZN6Page1213handleEncoderEc) for Page12::handleEncoder(char)
    main.o(.text) refers to tracer.o(.data) for api::tracer
    main.o(.text) refers to main.o(.bss) for uart3Buff
    main.o(.text) refers to main.o(.constdata) for .constdata
    main.o(.text) refers to main.o(.data) for preCmd
    main.o(.text) refers to main.o(i._ZN4PageC1Ev) for Page::Page()
    main.o(.text) refers to main.o(i._ZN9InputPageC1Ev) for InputPage::InputPage()
    main.o(.text) refers to main.o(.constdata__ZTV5Page0) for vtable for Page0
    main.o(.text) refers to main.o(.constdata__ZTV5Page1) for vtable for Page1
    main.o(.text) refers to main.o(.constdata__ZTV5Page2) for vtable for Page2
    main.o(.text) refers to main.o(.constdata__ZTV5Page3) for vtable for Page3
    main.o(.text) refers to main.o(.constdata__ZTV5Page4) for vtable for Page4
    main.o(.text) refers to main.o(.constdata__ZTV5Page5) for vtable for Page5
    main.o(.text) refers to main.o(.constdata__ZTV5Page6) for vtable for Page6
    main.o(.text) refers to main.o(.constdata__ZTV5Page7) for vtable for Page7
    main.o(.text) refers to main.o(.constdata__ZTV5Page8) for vtable for Page8
    main.o(.text) refers to main.o(.constdata__ZTV5Page9) for vtable for Page9
    main.o(.text) refers to main.o(.constdata__ZTV6Page10) for vtable for Page10
    main.o(.text) refers to main.o(.constdata__ZTV6Page11) for vtable for Page11
    main.o(.text) refers to main.o(.constdata__ZTV6Page12) for vtable for Page12
    main.o(.ARM.exidx) refers to main.o(.text) for .text
    main.o(.constdata) refers to main.o(.bss) for page0
    main.o(.constdata) refers to main.o(.data) for page3
    main.o(.init_array) refers to main.o(.text) for __sti___8_main_cpp
    main.o(.init_array) refers to init_aeabi.o(.text) for __cpp_initialize__aeabi_
    startup_stm32f10x_hd.o(STACK) refers (Special) to heapauxi.o(.text) for __use_two_region_memory
    startup_stm32f10x_hd.o(HEAP) refers (Special) to heapauxi.o(.text) for __use_two_region_memory
    startup_stm32f10x_hd.o(RESET) refers (Special) to heapauxi.o(.text) for __use_two_region_memory
    startup_stm32f10x_hd.o(RESET) refers to startup_stm32f10x_hd.o(STACK) for __initial_sp
    startup_stm32f10x_hd.o(RESET) refers to startup_stm32f10x_hd.o(.text) for Reset_Handler
    startup_stm32f10x_hd.o(RESET) refers to stm32f10x_it.o(.text) for NMI_Handler
    startup_stm32f10x_hd.o(RESET) refers to encoder.o(.text) for EXTI9_5_IRQHandler
    startup_stm32f10x_hd.o(RESET) refers to timer.o(.text) for TIM2_IRQHandler
    startup_stm32f10x_hd.o(RESET) refers to usart.o(.text) for USART1_IRQHandler
    startup_stm32f10x_hd.o(.text) refers (Special) to heapauxi.o(.text) for __use_two_region_memory
    startup_stm32f10x_hd.o(.text) refers to system_stm32f10x.o(.text) for SystemInit
    startup_stm32f10x_hd.o(.text) refers to __main.o(!!!main) for __main
    startup_stm32f10x_hd.o(.text) refers to startup_stm32f10x_hd.o(HEAP) for Heap_Mem
    startup_stm32f10x_hd.o(.text) refers to startup_stm32f10x_hd.o(STACK) for Stack_Mem
    stm32f10x_adc.o(.text) refers to stm32f10x_rcc.o(.text) for RCC_APB2PeriphResetCmd
    stm32f10x_bkp.o(.text) refers to stm32f10x_rcc.o(.text) for RCC_BackupResetCmd
    stm32f10x_can.o(.text) refers to stm32f10x_rcc.o(.text) for RCC_APB1PeriphResetCmd
    stm32f10x_cec.o(.text) refers to stm32f10x_rcc.o(.text) for RCC_APB1PeriphResetCmd
[...]
    RTC_IRQHandler                           0x08000ba7   Thumb Code     0  startup_stm32f10x_hd.o(.text)
    SDIO_IRQHandler                          0x08000ba7   Thumb Code     0  startup_stm32f10x_hd.o(.text)
    SPI1_IRQHandler                          0x08000ba7   Thumb Code     0  startup_stm32f10x_hd.o(.text)
    SPI2_IRQHandler                          0x08000ba7   Thumb Code     0  startup_stm32f10x_hd.o(.text)
    SPI3_IRQHandler                          0x08000ba7   Thumb Code     0  startup_stm32f10x_hd.o(.text)
    TAMPER_IRQHandler                        0x08000ba7   Thumb Code     0  startup_stm32f10x_hd.o(.text)
    TIM1_BRK_IRQHandler                      0x08000ba7   Thumb Code     0  startup_stm32f10x_hd.o(.text)
    TIM1_CC_IRQHandler                       0x08000ba7   Thumb Code     0  startup_stm32f10x_hd.o(.text)
    TIM1_TRG_COM_IRQHandler                  0x08000ba7   Thumb Code     0  startup_stm32f10x_hd.o(.text)
    TIM1_UP_IRQHandler                       0x08000ba7   Thumb Code     0  startup_stm32f10x_hd.o(.text)
    TIM8_BRK_IRQHandler                      0x08000ba7   Thumb Code     0  startup_stm32f10x_hd.o(.text)
    TIM8_CC_IRQHandler                       0x08000ba7   Thumb Code     0  startup_stm32f10x_hd.o(.text)
    TIM8_TRG_COM_IRQHandler                  0x08000ba7   Thumb Code     0  startup_stm32f10x_hd.o(.text)
    TIM8_UP_IRQHandler                       0x08000ba7   Thumb Code     0  startup_stm32f10x_hd.o(.text)
    UART4_IRQHandler                         0x08000ba7   Thumb Code     0  startup_stm32f10x_hd.o(.text)
    UART5_IRQHandler                         0x08000ba7   Thumb Code     0  startup_stm32f10x_hd.o(.text)
    USBWakeUp_IRQHandler                     0x08000ba7   Thumb Code     0  startup_stm32f10x_hd.o(.text)
    USB_HP_CAN1_TX_IRQHandler                0x08000ba7   Thumb Code     0  startup_stm32f10x_hd.o(.text)
    USB_LP_CAN1_RX0_IRQHandler               0x08000ba7   Thumb Code     0  startup_stm32f10x_hd.o(.text)
    WWDG_IRQHandler                          0x08000ba7   Thumb Code     0  startup_stm32f10x_hd.o(.text)
    __user_initial_stackheap                 0x08000ba9   Thumb Code     0  startup_stm32f10x_hd.o(.text)
    NVIC_PriorityGroupConfig                 0x08000bcd   Thumb Code    10  misc.o(.text)
    NVIC_Init                                0x08000bd7   Thumb Code   102  misc.o(.text)
    NVIC_SetVectorTable                      0x08000c3d   Thumb Code    14  misc.o(.text)
    NVIC_SystemLPConfig                      0x08000c4b   Thumb Code    34  misc.o(.text)
    SysTick_CLKSourceConfig                  0x08000c6d   Thumb Code    40  misc.o(.text)
    EXTI_DeInit                              0x08000ca9   Thumb Code    28  stm32f10x_exti.o(.text)
    EXTI_Init                                0x08000cc5   Thumb Code   142  stm32f10x_exti.o(.text)
    EXTI_StructInit                          0x08000d53   Thumb Code    16  stm32f10x_exti.o(.text)
    EXTI_GenerateSWInterrupt                 0x08000d63   Thumb Code    16  stm32f10x_exti.o(.text)
    EXTI_GetFlagStatus                       0x08000d73   Thumb Code    22  stm32f10x_exti.o(.text)
    EXTI_ClearFlag                           0x08000d89   Thumb Code     8  stm32f10x_exti.o(.text)
    EXTI_GetITStatus                         0x08000d91   Thumb Code    34  stm32f10x_exti.o(.text)
    EXTI_ClearITPendingBit                   0x08000db3   Thumb Code     8  stm32f10x_exti.o(.text)
    GPIO_DeInit                              0x08000dc5   Thumb Code   172  stm32f10x_gpio.o(.text)
    GPIO_AFIODeInit                          0x08000e71   Thumb Code    20  stm32f10x_gpio.o(.text)
    GPIO_Init                                0x08000e85   Thumb Code   274  stm32f10x_gpio.o(.text)
    GPIO_StructInit                          0x08000f97   Thumb Code    16  stm32f10x_gpio.o(.text)
    GPIO_ReadInputDataBit                    0x08000fa7   Thumb Code    18  stm32f10x_gpio.o(.text)
    GPIO_ReadInputData                       0x08000fb9   Thumb Code     8  stm32f10x_gpio.o(.text)
    GPIO_ReadOutputDataBit                   0x08000fc1   Thumb Code    18  stm32f10x_gpio.o(.text)
    GPIO_ReadOutputData                      0x08000fd3   Thumb Code     8  stm32f10x_gpio.o(.text)
    GPIO_SetBits                             0x08000fdb   Thumb Code     4  stm32f10x_gpio.o(.text)
    GPIO_ResetBits                           0x08000fdf   Thumb Code     4  stm32f10x_gpio.o(.text)
    GPIO_WriteBit                            0x08000fe3   Thumb Code    10  stm32f10x_gpio.o(.text)
    GPIO_Write                               0x08000fed   Thumb Code     4  stm32f10x_gpio.o(.text)
    GPIO_PinLockConfig                       0x08000ff1   Thumb Code    18  stm32f10x_gpio.o(.text)
    GPIO_EventOutputConfig                   0x08001003   Thumb Code    26  stm32f10x_gpio.o(.text)
    GPIO_EventOutputCmd                      0x0800101d   Thumb Code     6  stm32f10x_gpio.o(.text)
    GPIO_PinRemapConfig                      0x08001023   Thumb Code   138  stm32f10x_gpio.o(.text)
    GPIO_EXTILineConfig                      0x080010ad   Thumb Code    66  stm32f10x_gpio.o(.text)
    GPIO_ETH_MediaInterfaceConfig            0x080010ef   Thumb Code     6  stm32f10x_gpio.o(.text)
    I2C_DeInit                               0x0800111d   Thumb Code    50  stm32f10x_i2c.o(.text)
    I2C_Init                                 0x0800114f   Thumb Code   222  stm32f10x_i2c.o(.text)
    I2C_StructInit                           0x0800122d   Thumb Code    30  stm32f10x_i2c.o(.text)
    I2C_Cmd                                  0x0800124b   Thumb Code    24  stm32f10x_i2c.o(.text)
    I2C_DMACmd                               0x08001263   Thumb Code    24  stm32f10x_i2c.o(.text)
    I2C_DMALastTransferCmd                   0x0800127b   Thumb Code    24  stm32f10x_i2c.o(.text)
    I2C_GenerateSTART                        0x08001293   Thumb Code    24  stm32f10x_i2c.o(.text)
    I2C_GenerateSTOP                         0x080012ab   Thumb Code    24  stm32f10x_i2c.o(.text)
    I2C_AcknowledgeConfig                    0x080012c3   Thumb Code    24  stm32f10x_i2c.o(.text)
    I2C_OwnAddress2Config                    0x080012db   Thumb Code    22  stm32f10x_i2c.o(.text)
    I2C_DualAddressCmd                       0x080012f1   Thumb Code    24  stm32f10x_i2c.o(.text)
    I2C_GeneralCallCmd                       0x08001309   Thumb Code    24  stm32f10x_i2c.o(.text)
    I2C_ITConfig                             0x08001321   Thumb Code    18  stm32f10x_i2c.o(.text)
    I2C_SendData                             0x08001333   Thumb Code     4  stm32f10x_i2c.o(.text)
    I2C_ReceiveData                          0x08001337   Thumb Code     8  stm32f10x_i2c.o(.text)
    I2C_Send7bitAddress                      0x0800133f   Thumb Code    18  stm32f10x_i2c.o(.text)
    I2C_ReadRegister                         0x08001351   Thumb Code    22  stm32f10x_i2c.o(.text)
    I2C_SoftwareResetCmd                     0x08001367   Thumb Code    22  stm32f10x_i2c.o(.text)
    I2C_NACKPositionConfig                   0x0800137d   Thumb Code    28  stm32f10x_i2c.o(.text)
    I2C_SMBusAlertConfig                     0x08001399   Thumb Code    28  stm32f10x_i2c.o(.text)
    I2C_TransmitPEC                          0x080013b5   Thumb Code    24  stm32f10x_i2c.o(.text)
    I2C_PECPositionConfig                    0x080013cd   Thumb Code    28  stm32f10x_i2c.o(.text)
    I2C_CalculatePEC                         0x080013e9   Thumb Code    24  stm32f10x_i2c.o(.text)
    I2C_GetPEC                               0x08001401   Thumb Code     8  stm32f10x_i2c.o(.text)
    I2C_ARPCmd                               0x08001409   Thumb Code    24  stm32f10x_i2c.o(.text)
    I2C_StretchClockCmd                      0x08001421   Thumb Code    24  stm32f10x_i2c.o(.text)
    I2C_FastModeDutyCycleConfig              0x08001439   Thumb Code    28  stm32f10x_i2c.o(.text)
    I2C_CheckEvent                           0x08001455   Thumb Code    42  stm32f10x_i2c.o(.text)
    I2C_GetLastEvent                         0x0800147f   Thumb Code    26  stm32f10x_i2c.o(.text)
    I2C_GetFlagStatus                        0x08001499   Thumb Code    58  stm32f10x_i2c.o(.text)
    I2C_ClearFlag                            0x080014d3   Thumb Code    12  stm32f10x_i2c.o(.text)
    I2C_GetITStatus                          0x080014df   Thumb Code    54  stm32f10x_i2c.o(.text)
    I2C_ClearITPendingBit                    0x08001515   Thumb Code    12  stm32f10x_i2c.o(.text)
    RCC_DeInit                               0x08001521   Thumb Code    64  stm32f10x_rcc.o(.text)
    RCC_HSEConfig                            0x08001561   Thumb Code    70  stm32f10x_rcc.o(.text)
    RCC_GetFlagStatus                        0x080015a7   Thumb Code    56  stm32f10x_rcc.o(.text)
    RCC_WaitForHSEStartUp                    0x080015df   Thumb Code    56  stm32f10x_rcc.o(.text)
    RCC_AdjustHSICalibrationValue            0x08001617   Thumb Code    20  stm32f10x_rcc.o(.text)
    RCC_HSICmd                               0x0800162b   Thumb Code     6  stm32f10x_rcc.o(.text)
    RCC_PLLConfig                            0x08001631   Thumb Code    24  stm32f10x_rcc.o(.text)
    RCC_PLLCmd                               0x08001649   Thumb Code     6  stm32f10x_rcc.o(.text)
    RCC_SYSCLKConfig                         0x0800164f   Thumb Code    18  stm32f10x_rcc.o(.text)
    RCC_GetSYSCLKSource                      0x08001661   Thumb Code    10  stm32f10x_rcc.o(.text)
    RCC_HCLKConfig                           0x0800166b   Thumb Code    18  stm32f10x_rcc.o(.text)
    RCC_PCLK1Config                          0x0800167d   Thumb Code    18  stm32f10x_rcc.o(.text)
    RCC_PCLK2Config                          0x0800168f   Thumb Code    20  stm32f10x_rcc.o(.text)
    RCC_ITConfig                             0x080016a3   Thumb Code    26  stm32f10x_rcc.o(.text)
    RCC_USBCLKConfig                         0x080016bd   Thumb Code     6  stm32f10x_rcc.o(.text)
    RCC_ADCCLKConfig                         0x080016c3   Thumb Code    18  stm32f10x_rcc.o(.text)
    RCC_LSEConfig                            0x080016d5   Thumb Code    44  stm32f10x_rcc.o(.text)
    RCC_LSICmd                               0x08001701   Thumb Code     6  stm32f10x_rcc.o(.text)
    RCC_RTCCLKConfig                         0x08001707   Thumb Code    12  stm32f10x_rcc.o(.text)
    RCC_RTCCLKCmd                            0x08001713   Thumb Code     8  stm32f10x_rcc.o(.text)
    RCC_GetClocksFreq                        0x0800171b   Thumb Code   192  stm32f10x_rcc.o(.text)
    RCC_AHBPeriphClockCmd                    0x080017db   Thumb Code    26  stm32f10x_rcc.o(.text)
    RCC_APB2PeriphClockCmd                   0x080017f5   Thumb Code    26  stm32f10x_rcc.o(.text)
    RCC_APB1PeriphClockCmd                   0x0800180f   Thumb Code    26  stm32f10x_rcc.o(.text)
    RCC_APB2PeriphResetCmd                   0x08001829   Thumb Code    26  stm32f10x_rcc.o(.text)
    RCC_APB1PeriphResetCmd                   0x08001843   Thumb Code    26  stm32f10x_rcc.o(.text)
    RCC_BackupResetCmd                       0x0800185d   Thumb Code     8  stm32f10x_rcc.o(.text)
    RCC_ClockSecuritySystemCmd               0x08001865   Thumb Code     6  stm32f10x_rcc.o(.text)
    RCC_MCOConfig                            0x0800186b   Thumb Code     6  stm32f10x_rcc.o(.text)
    RCC_ClearFlag                            0x08001871   Thumb Code    14  stm32f10x_rcc.o(.text)
    RCC_GetITStatus                          0x0800187f   Thumb Code    20  stm32f10x_rcc.o(.text)
    RCC_ClearITPendingBit                    0x08001893   Thumb Code     6  stm32f10x_rcc.o(.text)
    TIM_DeInit                               0x080018c5   Thumb Code   424  stm32f10x_tim.o(.text)
    TIM_TimeBaseInit                         0x08001a6d   Thumb Code   122  stm32f10x_tim.o(.text)
    TIM_OC1Init                              0x08001ae7   Thumb Code   132  stm32f10x_tim.o(.text)
    TIM_OC2Init                              0x08001b6b   Thumb Code   154  stm32f10x_tim.o(.text)
    TIM_OC3Init                              0x08001c05   Thumb Code   150  stm32f10x_tim.o(.text)
    TIM_OC4Init                              0x08001c9b   Thumb Code   182  stm32f10x_tim.o(.text)
    TIM_SetIC4Prescaler                      0x08001d51   Thumb Code    26  stm32f10x_tim.o(.text)
    TIM_SetIC3Prescaler                      0x08001ded   Thumb Code    18  stm32f10x_tim.o(.text)
    TIM_SetIC2Prescaler                      0x08001e79   Thumb Code    26  stm32f10x_tim.o(.text)
    TIM_SetIC1Prescaler                      0x08001f15   Thumb Code    18  stm32f10x_tim.o(.text)
    TIM_ICInit                               0x08001f93   Thumb Code   150  stm32f10x_tim.o(.text)
    TIM_PWMIConfig                           0x08002029   Thumb Code   124  stm32f10x_tim.o(.text)
    TIM_BDTRConfig                           0x080020a5   Thumb Code    32  stm32f10x_tim.o(.text)
    TIM_TimeBaseStructInit                   0x080020c5   Thumb Code    18  stm32f10x_tim.o(.text)
    TIM_OCStructInit                         0x080020d7   Thumb Code    20  stm32f10x_tim.o(.text)
    TIM_ICStructInit                         0x080020eb   Thumb Code    18  stm32f10x_tim.o(.text)
    TIM_BDTRStructInit                       0x080020fd   Thumb Code    40  stm32f10x_tim.o(.text)
    TIM_Cmd                                  0x08002125   Thumb Code    24  stm32f10x_tim.o(.text)
    TIM_CtrlPWMOutputs                       0x0800213d   Thumb Code    30  stm32f10x_tim.o(.text)
    TIM_ITConfig                             0x0800215b   Thumb Code    18  stm32f10x_tim.o(.text)
    TIM_GenerateEvent                        0x0800216d   Thumb Code     4  stm32f10x_tim.o(.text)
    TIM_DMAConfig                            0x08002171   Thumb Code    10  stm32f10x_tim.o(.text)
    TIM_DMACmd                               0x0800217b   Thumb Code    18  stm32f10x_tim.o(.text)
    TIM_InternalClockConfig                  0x0800218d   Thumb Code    12  stm32f10x_tim.o(.text)
    TIM_SelectInputTrigger                   0x08002199   Thumb Code    18  stm32f10x_tim.o(.text)
    TIM_ITRxExternalClockConfig              0x080021ab   Thumb Code    24  stm32f10x_tim.o(.text)
    TIM_TIxExternalClockConfig               0x080021c3   Thumb Code    62  stm32f10x_tim.o(.text)
    TIM_ETRConfig                            0x08002201   Thumb Code    28  stm32f10x_tim.o(.text)
    TIM_ETRClockMode1Config                  0x0800221d   Thumb Code    54  stm32f10x_tim.o(.text)
    TIM_ETRClockMode2Config                  0x08002253   Thumb Code    32  stm32f10x_tim.o(.text)
    TIM_PrescalerConfig                      0x08002273   Thumb Code     6  stm32f10x_tim.o(.text)
    TIM_CounterModeConfig                    0x08002279   Thumb Code    18  stm32f10x_tim.o(.text)
    TIM_EncoderInterfaceConfig               0x0800228b   Thumb Code    66  stm32f10x_tim.o(.text)
    TIM_ForcedOC1Config                      0x080022cd   Thumb Code    18  stm32f10x_tim.o(.text)
    TIM_ForcedOC2Config                      0x080022df   Thumb Code    26  stm32f10x_tim.o(.text)
    TIM_ForcedOC3Config                      0x080022f9   Thumb Code    18  stm32f10x_tim.o(.text)
    TIM_ForcedOC4Config                      0x0800230b   Thumb Code    26  stm32f10x_tim.o(.text)
    TIM_ARRPreloadConfig                     0x08002325   Thumb Code    24  stm32f10x_tim.o(.text)
    TIM_SelectCOM                            0x0800233d   Thumb Code    24  stm32f10x_tim.o(.text)
    TIM_SelectCCDMA                          0x08002355   Thumb Code    24  stm32f10x_tim.o(.text)
    TIM_CCPreloadControl                     0x0800236d   Thumb Code    24  stm32f10x_tim.o(.text)
    TIM_OC1PreloadConfig                     0x08002385   Thumb Code    18  stm32f10x_tim.o(.text)
    TIM_OC2PreloadConfig                     0x08002397   Thumb Code    26  stm32f10x_tim.o(.text)
    TIM_OC3PreloadConfig                     0x080023b1   Thumb Code    18  stm32f10x_tim.o(.text)
    TIM_OC4PreloadConfig                     0x080023c3   Thumb Code    26  stm32f10x_tim.o(.text)
    TIM_OC1FastConfig                        0x080023dd   Thumb Code    18  stm32f10x_tim.o(.text)
    TIM_OC2FastConfig                        0x080023ef   Thumb Code    26  stm32f10x_tim.o(.text)
    TIM_OC3FastConfig                        0x08002409   Thumb Code    18  stm32f10x_tim.o(.text)
    TIM_OC4FastConfig                        0x0800241b   Thumb Code    26  stm32f10x_tim.o(.text)
    TIM_ClearOC1Ref                          0x08002435   Thumb Code    18  stm32f10x_tim.o(.text)
    TIM_ClearOC2Ref                          0x08002447   Thumb Code    24  stm32f10x_tim.o(.text)
    TIM_ClearOC3Ref                          0x0800245f   Thumb Code    18  stm32f10x_tim.o(.text)
    TIM_ClearOC4Ref                          0x08002471   Thumb Code    24  stm32f10x_tim.o(.text)
    TIM_OC1PolarityConfig                    0x08002489   Thumb Code    18  stm32f10x_tim.o(.text)
    TIM_OC1NPolarityConfig                   0x0800249b   Thumb Code    18  stm32f10x_tim.o(.text)
    TIM_OC2PolarityConfig                    0x080024ad   Thumb Code    26  stm32f10x_tim.o(.text)
    TIM_OC2NPolarityConfig                   0x080024c7   Thumb Code    26  stm32f10x_tim.o(.text)
    TIM_OC3PolarityConfig                    0x080024e1   Thumb Code    26  stm32f10x_tim.o(.text)
    TIM_OC3NPolarityConfig                   0x080024fb   Thumb Code    26  stm32f10x_tim.o(.text)
    TIM_OC4PolarityConfig                    0x08002515   Thumb Code    26  stm32f10x_tim.o(.text)
    TIM_CCxCmd                               0x0800252f   Thumb Code    30  stm32f10x_tim.o(.text)
    TIM_CCxNCmd                              0x0800254d   Thumb Code    30  stm32f10x_tim.o(.text)
    TIM_SelectOCxM                           0x0800256b   Thumb Code    82  stm32f10x_tim.o(.text)
    TIM_UpdateDisableConfig                  0x080025bd   Thumb Code    24  stm32f10x_tim.o(.text)
    TIM_UpdateRequestConfig                  0x080025d5   Thumb Code    24  stm32f10x_tim.o(.text)
    TIM_SelectHallSensor                     0x080025ed   Thumb Code    24  stm32f10x_tim.o(.text)
    TIM_SelectOnePulseMode                   0x08002605   Thumb Code    18  stm32f10x_tim.o(.text)
    TIM_SelectOutputTrigger                  0x08002617   Thumb Code    18  stm32f10x_tim.o(.text)
    TIM_SelectSlaveMode                      0x08002629   Thumb Code    18  stm32f10x_tim.o(.text)
    TIM_SelectMasterSlaveMode                0x0800263b   Thumb Code    18  stm32f10x_tim.o(.text)
    TIM_SetCounter                           0x0800264d   Thumb Code     4  stm32f10x_tim.o(.text)
    TIM_SetAutoreload                        0x08002651   Thumb Code     4  stm32f10x_tim.o(.text)
    TIM_SetCompare1                          0x08002655   Thumb Code     4  stm32f10x_tim.o(.text)
    TIM_SetCompare2                          0x08002659   Thumb Code     4  stm32f10x_tim.o(.text)
    TIM_SetCompare3                          0x0800265d   Thumb Code     4  stm32f10x_tim.o(.text)
    TIM_SetCompare4                          0x08002661   Thumb Code     6  stm32f10x_tim.o(.text)
    TIM_SetClockDivision                     0x08002667   Thumb Code    18  stm32f10x_tim.o(.text)
    TIM_GetCapture1                          0x08002679   Thumb Code     6  stm32f10x_tim.o(.text)
    TIM_GetCapture2                          0x0800267f   Thumb Code     6  stm32f10x_tim.o(.text)
    TIM_GetCapture3                          0x08002685   Thumb Code     6  stm32f10x_tim.o(.text)
    TIM_GetCapture4                          0x0800268b   Thumb Code     8  stm32f10x_tim.o(.text)
    TIM_GetCounter                           0x08002693   Thumb Code     6  stm32f10x_tim.o(.text)
    TIM_GetPrescaler                         0x08002699   Thumb Code     6  stm32f10x_tim.o(.text)
    TIM_GetFlagStatus                        0x0800269f   Thumb Code    18  stm32f10x_tim.o(.text)
    TIM_ClearFlag                            0x080026b1   Thumb Code     6  stm32f10x_tim.o(.text)
    TIM_GetITStatus                          0x080026b7   Thumb Code    34  stm32f10x_tim.o(.text)
    TIM_ClearITPendingBit                    0x080026d9   Thumb Code     6  stm32f10x_tim.o(.text)
    USART_DeInit                             0x080026e1   Thumb Code   134  stm32f10x_usart.o(.text)
    USART_Init                               0x08002767   Thumb Code   210  stm32f10x_usart.o(.text)
    USART_StructInit                         0x08002839   Thumb Code    24  stm32f10x_usart.o(.text)
    USART_ClockInit                          0x08002851   Thumb Code    34  stm32f10x_usart.o(.text)
    USART_ClockStructInit                    0x08002873   Thumb Code    12  stm32f10x_usart.o(.text)
    USART_Cmd                                0x0800287f   Thumb Code    24  stm32f10x_usart.o(.text)
    USART_ITConfig                           0x08002897   Thumb Code    74  stm32f10x_usart.o(.text)
    USART_DMACmd                             0x080028e1   Thumb Code    18  stm32f10x_usart.o(.text)
    USART_SetAddress                         0x080028f3   Thumb Code    18  stm32f10x_usart.o(.text)
    USART_WakeUpConfig                       0x08002905   Thumb Code    18  stm32f10x_usart.o(.text)
    USART_ReceiverWakeUpCmd                  0x08002917   Thumb Code    24  stm32f10x_usart.o(.text)
    USART_LINBreakDetectLengthConfig         0x0800292f   Thumb Code    18  stm32f10x_usart.o(.text)
    USART_LINCmd                             0x08002941   Thumb Code    24  stm32f10x_usart.o(.text)
    USART_SendData                           0x08002959   Thumb Code     8  stm32f10x_usart.o(.text)
    USART_ReceiveData                        0x08002961   Thumb Code    10  stm32f10x_usart.o(.text)
    USART_SendBreak                          0x0800296b   Thumb Code    10  stm32f10x_usart.o(.text)
    USART_SetGuardTime                       0x08002975   Thumb Code    16  stm32f10x_usart.o(.text)
    USART_SetPrescaler                       0x08002985   Thumb Code    16  stm32f10x_usart.o(.text)
    USART_SmartCardCmd                       0x08002995   Thumb Code    24  stm32f10x_usart.o(.text)
    USART_SmartCardNACKCmd                   0x080029ad   Thumb Code    24  stm32f10x_usart.o(.text)
    USART_HalfDuplexCmd                      0x080029c5   Thumb Code    24  stm32f10x_usart.o(.text)
    USART_OverSampling8Cmd                   0x080029dd   Thumb Code    22  stm32f10x_usart.o(.text)
    USART_OneBitMethodCmd                    0x080029f3   Thumb Code    24  stm32f10x_usart.o(.text)
    USART_IrDAConfig                         0x08002a0b   Thumb Code    18  stm32f10x_usart.o(.text)
    USART_IrDACmd                            0x08002a1d   Thumb Code    24  stm32f10x_usart.o(.text)
    USART_GetFlagStatus                      0x08002a35   Thumb Code    26  stm32f10x_usart.o(.text)
    USART_ClearFlag                          0x08002a4f   Thumb Code    18  stm32f10x_usart.o(.text)
    USART_GetITStatus                        0x08002a61   Thumb Code    84  stm32f10x_usart.o(.text)
    USART_ClearITPendingBit                  0x08002ab5   Thumb Code    52  stm32f10x_usart.o(.text)
    delay_init                               0x08002ae9   Thumb Code    40  delay.o(.text)
    delay_us                                 0x08002b11   Thumb Code    70  delay.o(.text)
    delay_ms                                 0x08002b57   Thumb Code    70  delay.o(.text)
    NVIC_Configuration                       0x08002bad   Thumb Code    12  sys.o(.text)
    _sys_exit                                0x08002bb9   Thumb Code     6  usart.o(.text)
    fputc                                    0x08002bbf   Thumb Code    32  usart.o(.text)
    UART1_Init                               0x08002bdf   Thumb Code   158  usart.o(.text)
    UART2_Init                               0x08002c7d   Thumb Code   222  usart.o(.text)
    CheckUartBuffer                          0x08002d5b   Thumb Code    38  usart.o(.text)
    CheckUartBufferIRQ                       0x08002d81   Thumb Code    22  usart.o(.text)
    UartIRQ                                  0x08002d97   Thumb Code   222  usart.o(.text)
    USART1_IRQHandler                        0x08002e75   Thumb Code    10  usart.o(.text)
    USART2_IRQHandler                        0x08002e7f   Thumb Code    10  usart.o(.text)
    USART3_IRQHandler                        0x08002e89   Thumb Code    10  usart.o(.text)
    UART3_Init                               0x08002e93   Thumb Code   224  usart.o(.text)
    UART_SendString                          0x08002f73   Thumb Code   350  usart.o(.text)
    UART_SendBuffer                          0x080030d1   Thumb Code   318  usart.o(.text)
    UART3_SendString                         0x0800320f   Thumb Code    14  usart.o(.text)
    UART3_SendBuffer                         0x0800321d   Thumb Code    18  usart.o(.text)
    UART2_SendString                         0x0800322f   Thumb Code    14  usart.o(.text)
    UART2_SendBuffer                         0x0800323d   Thumb Code    18  usart.o(.text)
    PostEvent                                0x08003259   Thumb Code    82  event.o(.text)
    ReadEvent                                0x080032ab   Thumb Code    56  event.o(.text)
    ext::Keyboard::Init()                    0x0800333d   Thumb Code   270  keyboard.o(.text)
    ext::Keyboard::SubScanCol(unsigned short) 0x0800344b   Thumb Code   124  keyboard.o(.text)
    ext::Keyboard::Scan()                    0x080034c7   Thumb Code   392  keyboard.o(.text)
    lcd::reset()                             0x08003759   Thumb Code    20  lcd.o(.text)
    lcd::readCurrPage()                      0x0800376d   Thumb Code    20  lcd.o(.text)
    lcd::jumpToPage(short)                   0x08003781   Thumb Code    76  lcd.o(.text)
    lcd::jumpToPageDirect(short)             0x080037cd   Thumb Code    38  lcd.o(.text)
    lcd::parseCodes(char*, int)              0x080037f3   Thumb Code   132  lcd.o(.text)
    lcd::sendKeycode(char)                   0x08003877   Thumb Code    26  lcd.o(.text)
    lcd::sendAddrValue(short, short)         0x08003891   Thumb Code    56  lcd.o(.text)
    lcd::sendAddrValue(short, short, short)  0x080038c9   Thumb Code    72  lcd.o(.text)
    lcd::sendAddrValueLong(short, unsigned long) 0x08003911   Thumb Code    72  lcd.o(.text)
    lcd::displayUnicode(short, short*, short) 0x08003959   Thumb Code   120  lcd.o(.text)
    lcd::displayUnicodeQueue(short, short*, short) 0x080039d1   Thumb Code   120  lcd.o(.text)
    api::Tracer::operator <<(const char*)    0x08003acd   Thumb Code    16  tracer.o(.text)
    api::Tracer::operator <<(unsigned)       0x08003add   Thumb Code    74  tracer.o(.text)
    api::Tracer::operator <<(int)            0x08003b27   Thumb Code    92  tracer.o(.text)
    api::Tracer::printf(char*, ...)          0x08003b83   Thumb Code    44  tracer.o(.text)
    I2C1_init                                0x08003bb1   Thumb Code   106  i2c.o(.text)
    At24c02_w8                               0x08003c1b   Thumb Code   166  i2c.o(.text)
    At24c02_write                            0x08003cc1   Thumb Code   136  i2c.o(.text)
    I2C_WaitEepromStandbyState               0x08003d49   Thumb Code    70  i2c.o(.text)
    At24c02_read                             0x08003d8f   Thumb Code   248  i2c.o(.text)
    I2C2_Config                              0x08003e87   Thumb Code    88  i2c.o(.text)
    I2C_AcknowledgePolling                   0x08003edf   Thumb Code    66  i2c.o(.text)
    I2C_SequentialRead_AT24C01A_02           0x08003f21   Thumb Code   260  i2c.o(.text)
    I2C_PageWrite_AT24C01A_02                0x08004025   Thumb Code   200  i2c.o(.text)
    EXTI9_5_IRQHandler                       0x080040f9   Thumb Code    52  encoder.o(.text)
    ENCODER_Init                             0x0800412d   Thumb Code   188  encoder.o(.text)
    tool::convertFixed(int, int, short*, unsigned, bool, short) 0x080041f1   Thumb Code   232  tool.o(.text)
    tool::convertPulseToAngle(unsigned, unsigned, short*, unsigned) 0x080042d9   Thumb Code   194  tool.o(.text)
    Timer_Configuration                      0x080043a1   Thumb Code    76  timer.o(.text)
    NVIC2_Configuration                      0x080043ed   Thumb Code    64  timer.o(.text)
    TIM2_IRQHandler                          0x0800442d   Thumb Code    32  timer.o(.text)
    Timer2_Stop                              0x0800444d   Thumb Code    32  timer.o(.text)
    Timer2_Init                              0x0800446d   Thumb Code    50  timer.o(.text)
    TIM3_IRQHandler                          0x0800449f   Thumb Code    32  timer.o(.text)
    Timer3_Stop                              0x080044bf   Thumb Code    30  timer.o(.text)
    Timer3_Init                              0x080044dd   Thumb Code    48  timer.o(.text)
    TIM4_IRQHandler                          0x0800450d   Thumb Code    32  timer.o(.text)
    Timer4_Stop                              0x0800452d   Thumb Code    30  timer.o(.text)
    Timer4_Init                              0x0800454b   Thumb Code    48  timer.o(.text)
    TIM5_IRQHandler                          0x0800457b   Thumb Code    32  timer.o(.text)
    Timer5_Stop                              0x0800459b   Thumb Code    30  timer.o(.text)
    Timer5_Init                              0x080045b9   Thumb Code    48  timer.o(.text)
    TIM6_IRQHandler                          0x080045e9   Thumb Code    32  timer.o(.text)
    Timer6_Stop                              0x08004609   Thumb Code    30  timer.o(.text)
    Timer6_Init                              0x08004627   Thumb Code    48  timer.o(.text)
    TIM7_IRQHandler                          0x08004657   Thumb Code    32  timer.o(.text)
    Timer7_Stop                              0x08004677   Thumb Code    30  timer.o(.text)
    Timer7_Init                              0x08004695   Thumb Code    48  timer.o(.text)
    Timer1_Init                              0x080046c5   Thumb Code    12  timer.o(.text)
    Timer1_DelayUS                           0x080046d1   Thumb Code    76  timer.o(.text)
    Timer1_DelayMS                           0x0800471d   Thumb Code    78  timer.o(.text)
    setOuputMode()                           0x080047c1   Thumb Code    46  fpga.o(.text)
    setInputMode()                           0x080047ef   Thumb Code    46  fpga.o(.text)
    ext::Fpga::Init()                        0x0800481d   Thumb Code   208  fpga.o(.text)
    ext::Fpga::Write(unsigned char, unsigned char) 0x080048ed   Thumb Code    94  fpga.o(.text)
    ext::Fpga::Read(unsigned char)           0x0800494b   Thumb Code    88  fpga.o(.text)
    ext::Led::Init()                         0x080049e5   Thumb Code    60  led.o(.text)
    ext::Led::SetLed(int, bool)              0x08004a21   Thumb Code    28  led.o(.text)
    original_method(int, int, int, int)      0x08004a41   Thumb Code   252  setting.o(.text)
    Setting::getDistUMCountPerTooth()        0x08004b3d   Thumb Code     6  setting.o(.text)
    Setting::getPulseCountPerCircle()        0x08004b43   Thumb Code     6  setting.o(.text)
    current_method(int, int, int, int)       0x08004b49   Thumb Code   138  setting.o(.text)
    Setting::initSetting()                   0x08004bd3   Thumb Code   176  setting.o(.text)
    Setting::setMeasureFixPulse(unsigned, unsigned) 0x08004c83   Thumb Code    10  setting.o(.text)
    Setting::getMeasureFixPulse(unsigned&, unsigned&) 0x08004c8d   Thumb Code    14  setting.o(.text)
    Setting::setWhellFixPulse(int, int)      0x08004c9b   Thumb Code    10  setting.o(.text)
    Setting::getWhellFixPulse(int&, int&)    0x08004ca5   Thumb Code    14  setting.o(.text)
    Setting::setMainAxisAngleInPulse(unsigned) 0x08004cb3   Thumb Code     6  setting.o(.text)
    Setting::getMainAxisAngleInPulse()       0x08004cb9   Thumb Code     6  setting.o(.text)
    Setting::setToothCount(unsigned)         0x08004cbf   Thumb Code     6  setting.o(.text)
    Setting::getToothCount()                 0x08004cc5   Thumb Code     6  setting.o(.text)
    Setting::getInput(unsigned)              0x08004ccb   Thumb Code    56  setting.o(.text)
    Setting::setInput(unsigned, unsigned)    0x08004d03   Thumb Code    16  setting.o(.text)
    Setting::setBaseConfigInput(unsigned, unsigned, int) 0x08004d13   Thumb Code    68  setting.o(.text)
    Setting::setDefaultBaseConfigInputIndex(unsigned) 0x08004d57   Thumb Code    16  setting.o(.text)
    Setting::getDefaultBaseConfigInputIndex() 0x08004d67   Thumb Code     6  setting.o(.text)
    Setting::getBaseConfigInput(unsigned, int&) 0x08004d6d   Thumb Code    76  setting.o(.text)
    Setting::setConfigToothType(ToothType)   0x08004db9   Thumb Code     6  setting.o(.text)
    Setting::getConfigToothType()            0x08004dbf   Thumb Code     6  setting.o(.text)
    Setting::saveToFlash()                   0x08004dc5   Thumb Code    50  setting.o(.text)
    Setting::distUMToPulse(long)             0x08004df7   Thumb Code    24  setting.o(.text)
    Setting::pulseToDistUM(long)             0x08004e0f   Thumb Code    24  setting.o(.text)
    Setting::getRoundPerMin()                0x08004e27   Thumb Code   246  setting.o(.text)
    Setting::resetRoundPerMin()              0x08004f1d   Thumb Code    24  setting.o(.text)
    Setting::incRoundPerMinTicks()           0x08004f35   Thumb Code    12  setting.o(.text)
    Setting::getRoundPerMinTicks()           0x08004f41   Thumb Code     6  setting.o(.text)
    Setting::updateRoundPerMin(unsigned, unsigned short) 0x08004f47   Thumb Code   172  setting.o(.text)
    Setting::needPresetParameters()          0x08004ff3   Thumb Code     6  setting.o(.text)
    Setting::setNeedPresetParameters(bool)   0x08004ff9   Thumb Code     6  setting.o(.text)
    Setting::calcDegreePulse(unsigned)       0x08004fff   Thumb Code   110  setting.o(.text)
    Setting::getPrecision()                  0x0800506d   Thumb Code     6  setting.o(.text)
    Setting::calculateDelayedPulse(int, int, int, int) 0x08005073   Thumb Code    32  setting.o(.text)
    Setting::calcDistToZero(unsigned, int)   0x08005093   Thumb Code    44  setting.o(.text)
    __use_no_semihosting                     0x08005101   Thumb Code     2  use_no_semi_2.o(.text)
    __c89vsprintf                            0x08005105   Thumb Code    32  c89vsprintf.o(.text)
    __aeabi_memcpy4                          0x08005129   Thumb Code     0  rt_memcpy_w.o(.text)
    __aeabi_memcpy8                          0x08005129   Thumb Code     0  rt_memcpy_w.o(.text)
    __rt_memcpy_w                            0x08005129   Thumb Code   100  rt_memcpy_w.o(.text)
    _memcpy_lastbytes_aligned                0x08005171   Thumb Code     0  rt_memcpy_w.o(.text)
    __use_two_region_memory                  0x0800518d   Thumb Code     2  heapauxi.o(.text)
    __rt_heap_escrow$2region                 0x0800518f   Thumb Code     2  heapauxi.o(.text)
    __rt_heap_expand$2region                 0x08005191   Thumb Code     2  heapauxi.o(.text)
    __cpp_initialize__aeabi_                 0x08005195   Thumb Code    26  init_aeabi.o(.text)
    __I$use$semihosting                      0x080051b9   Thumb Code     0  use_no_semi.o(.text)
    __use_no_semihosting_swi                 0x080051b9   Thumb Code     2  use_no_semi.o(.text)
    _printf_pre_padding                      0x080051bb   Thumb Code    46  _printf_pad.o(.text)
    _printf_post_padding                     0x080051e9   Thumb Code    36  _printf_pad.o(.text)
    _printf_truncate_signed                  0x0800520d   Thumb Code    18  _printf_truncate.o(.text)
    _printf_truncate_unsigned                0x0800521f   Thumb Code    18  _printf_truncate.o(.text)
    _printf_str                              0x08005231   Thumb Code    82  _printf_str.o(.text)
    _printf_int_dec                          0x08005285   Thumb Code   102  _printf_dec.o(.text)
    _printf_charcount                        0x080052fd   Thumb Code    42  _printf_charcount.o(.text)
    _printf_char_common                      0x08005333   Thumb Code    32  _printf_char_common.o(.text)
    _sputc                                   0x08005359   Thumb Code    10  _sputc.o(.text)
    _printf_wctomb                           0x08005365   Thumb Code   182  _printf_wctomb.o(.text)
    _printf_longlong_dec                     0x08005421   Thumb Code   104  _printf_longlong_dec.o(.text)
    _printf_longlong_oct                     0x08005499   Thumb Code    76  _printf_oct_int_ll.o(.text)
    _printf_int_oct                          0x080054e5   Thumb Code    24  _printf_oct_int_ll.o(.text)
    _printf_ll_oct                           0x080054fd   Thumb Code    12  _printf_oct_int_ll.o(.text)
    _printf_longlong_hex                     0x08005511   Thumb Code    92  _printf_hex_int_ll_ptr.o(.text)
    _printf_int_hex                          0x0800556d   Thumb Code    28  _printf_hex_int_ll_ptr.o(.text)
    _printf_ll_hex                           0x08005589   Thumb Code    12  _printf_hex_int_ll_ptr.o(.text)
    _printf_hex_ptr                          0x08005595   Thumb Code    18  _printf_hex_int_ll_ptr.o(.text)
    __printf                                 0x080055ad   Thumb Code   390  __printf_flags_ss_wp.o(.text)
    _ll_udiv10                               0x08005739   Thumb Code   138  lludiv10.o(.text)
    _printf_int_common                       0x080057c3   Thumb Code   184  _printf_intcommon.o(.text)
    __lib_sel_fp_printf                      0x0800587b   Thumb Code     2  _printf_fp_dec.o(.text)
    _printf_fp_dec_real                      0x08005a27   Thumb Code   628  _printf_fp_dec.o(.text)
    _printf_cs_common                        0x08005c9b   Thumb Code    20  _printf_char.o(.text)
    _printf_char                             0x08005caf   Thumb Code    16  _printf_char.o(.text)
    _printf_string                           0x08005cbf   Thumb Code     8  _printf_char.o(.text)
    _printf_lcs_common                       0x08005cc7   Thumb Code    20  _printf_wchar.o(.text)
    _printf_wchar                            0x08005cdb   Thumb Code    16  _printf_wchar.o(.text)
    _printf_wstring                          0x08005ceb   Thumb Code     8  _printf_wchar.o(.text)
    _wcrtomb                                 0x08005cf3   Thumb Code    64  _wcrtomb.o(.text)
    __user_setup_stackheap                   0x08005d33   Thumb Code    74  sys_stackheap_outer.o(.text)
    __rt_ctype_table                         0x08005d7d   Thumb Code    16  rt_ctype_table.o(.text)
    __rt_locale                              0x08005d8d   Thumb Code     8  rt_locale_intlibspace.o(.text)
    _printf_fp_infnan                        0x08005d95   Thumb Code   112  _printf_fp_infnan.o(.text)
    _btod_etento                             0x08005e15   Thumb Code   222  bigflt0.o(.text)
    exit                                     0x08005ef9   Thumb Code    12  exit.o(.text)
    __user_libspace                          0x08005f05   Thumb Code     8  libspace.o(.text)
    __user_perproc_libspace                  0x08005f05   Thumb Code     0  libspace.o(.text)
    __user_perthread_libspace                0x08005f05   Thumb Code     0  libspace.o(.text)
    strcmp                                   0x08005f0d   Thumb Code   128  strcmpv7m.o(.text)
    _btod_d2e                                0x08005f8d   Thumb Code    62  btod.o(CL$$btod_d2e)
    _d2e_denorm_low                          0x08005fcb   Thumb Code    70  btod.o(CL$$btod_d2e_denorm_low)
    _d2e_norm_op1                            0x08006011   Thumb Code    96  btod.o(CL$$btod_d2e_norm_op1)
    __btod_div_common                        0x08006071   Thumb Code   696  btod.o(CL$$btod_div_common)
    _e2e                                     0x080063a9   Thumb Code   198  btod.o(CL$$btod_e2e)
    _btod_ediv                               0x0800646f   Thumb Code    40  btod.o(CL$$btod_ediv)
    _btod_emul                               0x08006497   Thumb Code    40  btod.o(CL$$btod_emul)
    __btod_mult_common                       0x080064bf   Thumb Code   580  btod.o(CL$$btod_mult_common)
    Page::handleEnter()                      0x08006703   Thumb Code    18  main.o(i._ZN4Page11handleEnterEv)
    Page::onKeyPressed(ext::ExeCommand)      0x08006715   Thumb Code    92  main.o(i._ZN4Page12onKeyPressedEN3ext10ExeCommandE)
    Page::enter()                            0x080067d5   Thumb Code     2  main.o(i._ZN4Page5enterEv)
    Page::leave()                            0x080067d7   Thumb Code     2  main.o(i._ZN4Page5leaveEv)
    Page::onTimer()                          0x080067d9   Thumb Code     2  main.o(i._ZN4Page7onTimerEv)
    Page::Page()                             0x080067dd   Thumb Code    10  main.o(i._ZN4PageC1Ev)
    Page::Page__sub_object()                 0x080067dd   Thumb Code     0  main.o(i._ZN4PageC1Ev)
    Page0::onTimer()                         0x080067ed   Thumb Code    60  main.o(i._ZN5Page07onTimerEv)
    Page1::onTimer()                         0x0800685d   Thumb Code    60  main.o(i._ZN5Page17onTimerEv)
    Page2::onKeyPressed(ext::ExeCommand)     0x080068cd   Thumb Code    64  main.o(i._ZN5Page212onKeyPressedEN3ext10ExeCommandE)
    Page2::enter()                           0x0800694d   Thumb Code    42  main.o(i._ZN5Page25enterEv)
    Page2::onTimer()                         0x080069b1   Thumb Code    42  main.o(i._ZN5Page27onTimerEv)
    Page3::onKeyPressed(ext::ExeCommand)     0x080069dd   Thumb Code    76  main.o(i._ZN5Page312onKeyPressedEN3ext10ExeCommandE)
    Page3::dispToothDist()                   0x08006a65   Thumb Code    92  main.o(i._ZN5Page313dispToothDistEv)
    Page3::dispToothType()                   0x08006ac1   Thumb Code   126  main.o(i._ZN5Page313dispToothTypeEv)
    Page3::dispToothCoverType()              0x08006b3f   Thumb Code   100  main.o(i._ZN5Page318dispToothCoverTypeEv)
    Page3::enter()                           0x08006ba5   Thumb Code   100  main.o(i._ZN5Page35enterEv)
    Page4::onKeyPressed(ext::ExeCommand)     0x08006c41   Thumb Code   234  main.o(i._ZN5Page412onKeyPressedEN3ext10ExeCommandE)
    Page4::enter()                           0x08006d6d   Thumb Code    52  main.o(i._ZN5Page45enterEv)
    Page4::leave()                           0x08006da1   Thumb Code    52  main.o(i._ZN5Page45leaveEv)
    Page5::onKeyPressed(ext::ExeCommand)     0x08006dd5   Thumb Code   292  main.o(i._ZN5Page512onKeyPressedEN3ext10ExeCommandE)
    Page5::displayRotateSpeed()              0x08006f39   Thumb Code    98  main.o(i._ZN5Page518displayRotateSpeedEv)
    Page5::enter()                           0x08006f9d   Thumb Code   198  main.o(i._ZN5Page55enterEv)
    Page5::onTimer()                         0x080070ad   Thumb Code    18  main.o(i._ZN5Page57onTimerEv)
    Page6::displayState()                    0x080070bf   Thumb Code   184  main.o(i._ZN5Page612displayStateEv)
    Page6::onKeyPressed(ext::ExeCommand)     0x08007179   Thumb Code   366  main.o(i._ZN5Page612onKeyPressedEN3ext10ExeCommandE)
    Page6::enter()                           0x08007365   Thumb Code    42  main.o(i._ZN5Page65enterEv)
    Page6::leave()                           0x0800738f   Thumb Code     2  main.o(i._ZN5Page65leaveEv)
    Page6::display(unsigned, unsigned)       0x08007391   Thumb Code   956  main.o(i._ZN5Page67displayEjj)
    Page6::onTimer()                         0x080077b5   Thumb Code    28  main.o(i._ZN5Page67onTimerEv)
    Page7::displayInfor(bool)                0x080077d1   Thumb Code   104  main.o(i._ZN5Page712displayInforEb)
    Page7::onKeyPressed(ext::ExeCommand)     0x08007839   Thumb Code   252  main.o(i._ZN5Page712onKeyPressedEN3ext10ExeCommandE)
    Page7::enter()                           0x08007975   Thumb Code    60  main.o(i._ZN5Page75enterEv)
    Page7::leave()                           0x080079b1   Thumb Code    52  main.o(i._ZN5Page75leaveEv)
    Page8::onKeyPressed(ext::ExeCommand)     0x080079e5   Thumb Code    64  main.o(i._ZN5Page812onKeyPressedEN3ext10ExeCommandE)
    Page9::onKeyPressed(ext::ExeCommand)     0x08007a61   Thumb Code   272  main.o(i._ZN5Page912onKeyPressedEN3ext10ExeCommandE)
    Page9::enter()                           0x08007bb1   Thumb Code    74  main.o(i._ZN5Page95enterEv)
    Page9::leave()                           0x08007bfb   Thumb Code    74  main.o(i._ZN5Page95leaveEv)
    Page10::onKeyPressed(ext::ExeCommand)    0x08007c45   Thumb Code   216  main.o(i._ZN6Page1012onKeyPressedEN3ext10ExeCommandE)
    Page10::enter()                          0x08007d5d   Thumb Code   136  main.o(i._ZN6Page105enterEv)
    Page11::onKeyPressed(ext::ExeCommand)    0x08007de5   Thumb Code    70  main.o(i._ZN6Page1112onKeyPressedEN3ext10ExeCommandE)
    Page12::updateIcon()                     0x08007e6d   Thumb Code    72  main.o(i._ZN6Page1210updateIconEv)
    Page12::onKeyPressed(ext::ExeCommand)    0x08007eb5   Thumb Code   166  main.o(i._ZN6Page1212onKeyPressedEN3ext10ExeCommandE)
    Page12::handleEncoder(char)              0x08007fa5   Thumb Code    94  main.o(i._ZN6Page1213handleEncoderEc)
    Page12::enter()                          0x08008003   Thumb Code    42  main.o(i._ZN6Page125enterEv)
    Page12::leave()                          0x0800802d   Thumb Code     2  main.o(i._ZN6Page125leaveEv)
    Page12::display()                        0x08008031   Thumb Code   244  main.o(i._ZN6Page127displayEv)
    InputPage::onKeyPressed(ext::ExeCommand) 0x0800815d   Thumb Code  1662  main.o(i._ZN9InputPage12onKeyPressedEN3ext10ExeCommandE)
    InputPage::haveValidInput()              0x080087db   Thumb Code    22  main.o(i._ZN9InputPage14haveValidInputEv)
    InputPage::displayAllValue()             0x080087f1   Thumb Code    76  main.o(i._ZN9InputPage15displayAllValueEv)
    InputPage::displayMeasured(int)          0x0800883d   Thumb Code    88  main.o(i._ZN9InputPage15displayMeasuredEi)
    InputPage::dotNumbToUnicode(int, unsigned) 0x080088a5   Thumb Code   258  main.o(i._ZN9InputPage16dotNumbToUnicodeEij)
    InputPage::checkAndFillInput(int)        0x080089ad   Thumb Code   886  main.o(i._ZN9InputPage17checkAndFillInputEi)
    InputPage::displayFixedPulse(int, unsigned) 0x08008d25   Thumb Code   222  main.o(i._ZN9InputPage17displayFixedPulseEij)
    InputPage::displayEditorFocus(unsigned)  0x08008e15   Thumb Code    32  main.o(i._ZN9InputPage18displayEditorFocusEj)
    InputPage::displayFixedDigree(int, unsigned) 0x08008e35   Thumb Code   120  main.o(i._ZN9InputPage18displayFixedDigreeEij)
    InputPage::hideAllEditorFocus()          0x08008ead   Thumb Code    22  main.o(i._ZN9InputPage18hideAllEditorFocusEv)
    InputPage::displayMainAxisDegree()       0x08008ec3   Thumb Code    48  main.o(i._ZN9InputPage21displayMainAxisDegreeEv)
    InputPage::checkAndFillInputWhenEditing(int, int) 0x08008ef3   Thumb Code   408  main.o(i._ZN9InputPage28checkAndFillInputWhenEditingEii)
    InputPage::enter()                       0x0800908b   Thumb Code   168  main.o(i._ZN9InputPage5enterEv)
    InputPage::onTimer()                     0x08009133   Thumb Code    72  main.o(i._ZN9InputPage7onTimerEv)
    InputPage::InputPage()                   0x0800917d   Thumb Code    20  main.o(i._ZN9InputPageC1Ev)
    InputPage::InputPage__sub_object()       0x0800917d   Thumb Code     0  main.o(i._ZN9InputPageC1Ev)
    __ARM_fpclassify                         0x08009195   Thumb Code    40  fpclassify.o(i.__ARM_fpclassify)
    _is_digit                                0x080091bd   Thumb Code    14  __printf_wp.o(i._is_digit)
    _get_lc_numeric                          0x080091cd   Thumb Code    44  lc_numeric_c.o(locale$$code)
    _get_lc_ctype                            0x080091f9   Thumb Code    44  lc_ctype_c.o(locale$$code)
    __file_name__<(unsigned)15>(const char(&)[T1]) 0x08009225   Thumb Code    28  lcd.o(t._Z13__file_name__ILj15EEPKcRAT__S0_)
    __file_name__<(unsigned)16>(const char(&)[T1]) 0x08009241   Thumb Code    28  fpga.o(t._Z13__file_name__ILj16EEPKcRAT__S0_)
    __file_name__<(unsigned)17>(const char(&)[T1]) 0x0800925d   Thumb Code    28  main.o(t._Z13__file_name__ILj17EEPKcRAT__S0_)
    __file_name__<(unsigned)20>(const char(&)[T1]) 0x08009279   Thumb Code    28  keyboard.o(t._Z13__file_name__ILj20EEPKcRAT__S0_)
    __file_name__<(unsigned)23>(const char(&)[T1]) 0x08009295   Thumb Code    28  setting.o(t._Z13__file_name__ILj23EEPKcRAT__S0_)
    __file_name__<(unsigned)24>(const char(&)[T1]) 0x080092b1   Thumb Code    28  main.o(t._Z13__file_name__ILj24EEPKcRAT__S0_)
    __file_name__<(unsigned)25>(const char(&)[T1]) 0x080092cd   Thumb Code    28  main.o(t._Z13__file_name__ILj25EEPKcRAT__S0_)
    __file_name__<(unsigned)30>(const char(&)[T1]) 0x080092e9   Thumb Code    28  main.o(t._Z13__file_name__ILj30EEPKcRAT__S0_)
    StaticQueue<Node, (int)512>::inQueue(const Node&) 0x08009305   Thumb Code    94  event.o(t._ZN11StaticQueueI4NodeLi512EE7inQueueERKS0_)
    StaticQueue<Node, (int)512>::outQueue(Node&) 0x08009363   Thumb Code    90  event.o(t._ZN11StaticQueueI4NodeLi512EE8outQueueERS0_)
    __aeabi_dadd                             0x080093bd   Thumb Code     0  daddsub_clz.o(x$fpl$dadd)
    _dadd                                    0x080093bd   Thumb Code   332  daddsub_clz.o(x$fpl$dadd)
    __aeabi_ddiv                             0x0800950d   Thumb Code     0  ddiv.o(x$fpl$ddiv)
    _ddiv                                    0x0800950d   Thumb Code   552  ddiv.o(x$fpl$ddiv)
    __aeabi_d2iz                             0x080097bd   Thumb Code     0  dfix.o(x$fpl$dfix)
    _dfix                                    0x080097bd   Thumb Code    94  dfix.o(x$fpl$dfix)
    __aeabi_i2d                              0x0800981b   Thumb Code     0  dflt_clz.o(x$fpl$dflt)
    _dflt                                    0x0800981b   Thumb Code    46  dflt_clz.o(x$fpl$dflt)
    __aeabi_dmul                             0x08009849   Thumb Code     0  dmul.o(x$fpl$dmul)
    _dmul                                    0x08009849   Thumb Code   332  dmul.o(x$fpl$dmul)
    __fpl_dnaninf                            0x0800999d   Thumb Code   156  dnaninf.o(x$fpl$dnaninf)
    __fpl_dretinf                            0x08009a39   Thumb Code    12  dretinf.o(x$fpl$dretinf)
    __aeabi_dsub                             0x08009a45   Thumb Code     0  daddsub_clz.o(x$fpl$dsub)
    _dsub                                    0x08009a45   Thumb Code   464  daddsub_clz.o(x$fpl$dsub)
    _printf_fp_dec                           0x08009c19   Thumb Code     4  printf1.o(x$fpl$printf1)
    __I$use$fp                               0x08009c1c   Number         0  usenofp.o(x$fpl$usenofp)
    vtable for Page                          0x08009d44   Data          24  main.o(.constdata__ZTV4Page)
    vtable for Page0                         0x08009d5c   Data          24  main.o(.constdata__ZTV5Page0)
    vtable for Page1                         0x08009d74   Data          24  main.o(.constdata__ZTV5Page1)
    vtable for Page2                         0x08009d8c   Data          24  main.o(.constdata__ZTV5Page2)
    vtable for Page3                         0x08009da4   Data          24  main.o(.constdata__ZTV5Page3)
    vtable for Page4                         0x08009dbc   Data          24  main.o(.constdata__ZTV5Page4)
    vtable for Page5                         0x08009dd4   Data          24  main.o(.constdata__ZTV5Page5)
    vtable for Page6                         0x08009dec   Data          24  main.o(.constdata__ZTV5Page6)
    vtable for Page7                         0x08009e04   Data          24  main.o(.constdata__ZTV5Page7)
    vtable for Page8                         0x08009e1c   Data          24  main.o(.constdata__ZTV5Page8)
    vtable for Page9                         0x08009e34   Data          24  main.o(.constdata__ZTV5Page9)
    vtable for Page10                        0x08009e4c   Data          24  main.o(.constdata__ZTV6Page10)
    vtable for Page11                        0x08009e64   Data          24  main.o(.constdata__ZTV6Page11)
    vtable for Page12                        0x08009e7c   Data          24  main.o(.constdata__ZTV6Page12)
    vtable for InputPage                     0x08009e94   Data          24  main.o(.constdata__ZTV9InputPage)
    Region$$Table$$Base                      0x08009eac   Number         0  anon$$obj.o(Region$$Table)
    Region$$Table$$Limit                     0x08009ecc   Number         0  anon$$obj.o(Region$$Table)
    __ctype                                  0x08009ef5   Data           0  lc_ctype_c.o(locale$$data)
    SHT$$INIT_ARRAY$$Base                    0x08009ff8   Number         0  main.o(.init_array)
    SHT$$INIT_ARRAY$$Limit                   0x0800a000   Number         0  event.o(.init_array)
    SystemCoreClock                          0x20000008   Data           4  system_stm32f10x.o(.data)
    AHBPrescTable                            0x2000000c   Data          16  system_stm32f10x.o(.data)
    LedRead                                  0x2000001c   Data           6  main.o(.data)
    KeyCode                                  0x20000022   Data           6  main.o(.data)
    BeepCode                                 0x20000028   Data           6  main.o(.data)
    page3                                    0x20000030   Data           8  main.o(.data)
    page4                                    0x20000038   Data           8  main.o(.data)
    page7                                    0x20000040   Data           8  main.o(.data)
    page8                                    0x20000048   Data           8  main.o(.data)
    page9                                    0x20000050   Data           8  main.o(.data)
    page11                                   0x20000058   Data           8  main.o(.data)
    preCmd                                   0x20000060   Data           1  main.o(.data)
    scanLines                                0x20000080   Data          56  keyboard.o(.data)
    ext::Keyboard::key_prev                  0x200000b8   Data           2  keyboard.o(.data)
    api::tracer                              0x2000013a   Data           1  tracer.o(.data)
    TIM2_UserCallback                        0x20000144   Data           4  timer.o(.data)
    TIM3_UserCallback                        0x2000014c   Data           4  timer.o(.data)
    TIM4_UserCallback                        0x20000154   Data           4  timer.o(.data)
    TIM5_UserCallback                        0x2000015c   Data           4  timer.o(.data)
    TIM6_UserCallback                        0x20000164   Data           4  timer.o(.data)
    TIM7_UserCallback                        0x2000016c   Data           4  timer.o(.data)
    uart3Buff                                0x200001a4   Data        1024  main.o(.bss)
    uart2Buff                                0x200005a4   Data        1024  main.o(.bss)
    uart3TxBuffer                            0x200009a4   Data        1024  main.o(.bss)
    uart3RxBuffer                            0x20000da4   Data        1024  main.o(.bss)
    uart2TxBuffer                            0x200011a4   Data        1024  main.o(.bss)
    uart2RxBuffer                            0x200015a4   Data        1024  main.o(.bss)
    page0                                    0x200019a4   Data          12  main.o(.bss)
    page1                                    0x200019b0   Data          12  main.o(.bss)
    page2                                    0x200019bc   Data          12  main.o(.bss)
    page5                                    0x200019c8   Data         216  main.o(.bss)
    page6                                    0x20001aa0   Data          16  main.o(.bss)
    page10                                   0x20001ab0   Data         216  main.o(.bss)
    page12                                   0x20001b88   Data          16  main.o(.bss)
    USART1_RX_BUF                            0x20001b98   Data         200  usart.o(.bss)
    hUart1                                   0x20001c60   Data          48  usart.o(.bss)
    hUart2                                   0x20001c90   Data          48  usart.o(.bss)
    hUart3                                   0x20001cc0   Data          48  usart.o(.bss)
    __libspace_start                         0x20003d40   Data          96  libspace.o(.bss)
    __temporary_stack_top$libspace           0x20003da0   Data           0  libspace.o(.bss)



==============================================================================

Memory Map of the image

  Image Entry point : 0x08000131

  Load Region LR_IROM1 (Base: 0x08000000, Size: 0x0000a1a4, Max: 0x00080000, ABSOLUTE, COMPRESSED[0x0000a05c])

    Execution Region ER_IROM1 (Base: 0x08000000, Size: 0x0000a000, Max: 0x00080000, ABSOLUTE)

    Base Addr    Size         Type   Attr      Idx    E Section Name        Object

    0x08000000   0x00000130   Data   RO          791    RESET               startup_stm32f10x_hd.o
    0x08000130   0x00000008   Code   RO         1842  * !!!main             c_w.l(__main.o)
    0x08000138   0x00000034   Code   RO         2293    !!!scatter          c_w.l(__scatter.o)
    0x0800016c   0x0000005a   Code   RO         2291    !!dczerorl2         c_w.l(__dczerorl2.o)
    0x080001c6   0x00000002   PAD
    0x080001c8   0x0000001c   Code   RO         2295    !!handler_zi        c_w.l(__scatter_zi.o)
    0x080001e4   0x00000000   Code   RO         2056    .ARM.Collect$$_printf_percent$$00000000  c_w.l(_printf_percent.o)
    0x080001e4   0x00000006   Code   RO         2045    .ARM.Collect$$_printf_percent$$00000001  c_w.l(_printf_n.o)
    0x080001ea   0x00000006   Code   RO         2047    .ARM.Collect$$_printf_percent$$00000002  c_w.l(_printf_p.o)
    0x080001f0   0x00000006   Code   RO         2052    .ARM.Collect$$_printf_percent$$00000003  c_w.l(_printf_f.o)
    0x080001f6   0x00000006   Code   RO         2053    .ARM.Collect$$_printf_percent$$00000004  c_w.l(_printf_e.o)
    0x080001fc   0x00000006   Code   RO         2054    .ARM.Collect$$_printf_percent$$00000005  c_w.l(_printf_g.o)
    0x08000202   0x00000006   Code   RO         2055    .ARM.Collect$$_printf_percent$$00000006  c_w.l(_printf_a.o)
    0x08000208   0x0000000a   Code   RO         2060    .ARM.Collect$$_printf_percent$$00000007  c_w.l(_printf_ll.o)
    0x08000212   0x00000006   Code   RO         2049    .ARM.Collect$$_printf_percent$$00000008  c_w.l(_printf_i.o)
    0x08000218   0x00000006   Code   RO         2050    .ARM.Collect$$_printf_percent$$00000009  c_w.l(_printf_d.o)
    0x0800021e   0x00000006   Code   RO         2051    .ARM.Collect$$_printf_percent$$0000000A  c_w.l(_printf_u.o)
    0x08000224   0x00000006   Code   RO         2048    .ARM.Collect$$_printf_percent$$0000000B  c_w.l(_printf_o.o)
    0x0800022a   0x00000006   Code   RO         2046    .ARM.Collect$$_printf_percent$$0000000C  c_w.l(_printf_x.o)
    0x08000230   0x00000006   Code   RO         2057    .ARM.Collect$$_printf_percent$$0000000D  c_w.l(_printf_lli.o)
    0x08000236   0x00000006   Code   RO         2058    .ARM.Collect$$_printf_percent$$0000000E  c_w.l(_printf_lld.o)
    0x0800023c   0x00000006   Code   RO         2059    .ARM.Collect$$_printf_percent$$0000000F  c_w.l(_printf_llu.o)
    0x08000242   0x00000006   Code   RO         2064    .ARM.Collect$$_printf_percent$$00000010  c_w.l(_printf_llo.o)
    0x08000248   0x00000006   Code   RO         2065    .ARM.Collect$$_printf_percent$$00000011  c_w.l(_printf_llx.o)
    0x0800024e   0x0000000a   Code   RO         2061    .ARM.Collect$$_printf_percent$$00000012  c_w.l(_printf_l.o)
    0x08000258   0x00000006   Code   RO         2043    .ARM.Collect$$_printf_percent$$00000013  c_w.l(_printf_c.o)
    0x0800025e   0x00000006   Code   RO         2044    .ARM.Collect$$_printf_percent$$00000014  c_w.l(_printf_s.o)
    0x08000264   0x00000006   Code   RO         2062    .ARM.Collect$$_printf_percent$$00000015  c_w.l(_printf_lc.o)
    0x0800026a   0x00000006   Code   RO         2063    .ARM.Collect$$_printf_percent$$00000016  c_w.l(_printf_ls.o)
    0x08000270   0x00000004   Code   RO         2153    .ARM.Collect$$_printf_percent$$00000017  c_w.l(_printf_percent_end.o)
    0x08000274   0x00000002   Code   RO         2210    .ARM.Collect$$libinit$$00000000  c_w.l(libinit.o)
    0x08000276   0x00000000   Code   RO         2067    .ARM.Collect$$libinit$$00000002  c_w.l(libinit2.o)
    0x08000276   0x00000000   Code   RO         2070    .ARM.Collect$$libinit$$00000008  c_w.l(libinit2.o)
    0x08000276   0x00000000   Code   RO         2072    .ARM.Collect$$libinit$$0000000A  c_w.l(libinit2.o)
    0x08000276   0x00000000   Code   RO         2074    .ARM.Collect$$libinit$$0000000C  c_w.l(libinit2.o)
    0x08000276   0x00000006   Code   RO         2075    .ARM.Collect$$libinit$$0000000D  c_w.l(libinit2.o)
    0x0800027c   0x00000000   Code   RO         2077    .ARM.Collect$$libinit$$0000000F  c_w.l(libinit2.o)
    0x0800027c   0x0000000c   Code   RO         2078    .ARM.Collect$$libinit$$00000010  c_w.l(libinit2.o)
    0x08000288   0x00000000   Code   RO         2079    .ARM.Collect$$libinit$$00000011  c_w.l(libinit2.o)
    0x08000288   0x00000000   Code   RO         2081    .ARM.Collect$$libinit$$00000013  c_w.l(libinit2.o)
    0x08000288   0x0000000a   Code   RO         2082    .ARM.Collect$$libinit$$00000014  c_w.l(libinit2.o)
    0x08000292   0x00000000   Code   RO         2083    .ARM.Collect$$libinit$$00000015  c_w.l(libinit2.o)
    0x08000292   0x00000000   Code   RO         2085    .ARM.Collect$$libinit$$00000017  c_w.l(libinit2.o)
    0x08000292   0x00000000   Code   RO         2087    .ARM.Collect$$libinit$$00000019  c_w.l(libinit2.o)
    0x08000292   0x00000000   Code   RO         2089    .ARM.Collect$$libinit$$0000001B  c_w.l(libinit2.o)
    0x08000292   0x00000000   Code   RO         2091    .ARM.Collect$$libinit$$0000001D  c_w.l(libinit2.o)
    0x08000292   0x00000000   Code   RO         2093    .ARM.Collect$$libinit$$0000001F  c_w.l(libinit2.o)
    0x08000292   0x00000000   Code   RO         2095    .ARM.Collect$$libinit$$00000021  c_w.l(libinit2.o)
    0x08000292   0x00000000   Code   RO         2097    .ARM.Collect$$libinit$$00000023  c_w.l(libinit2.o)
    0x08000292   0x00000000   Code   RO         2101    .ARM.Collect$$libinit$$0000002A  c_w.l(libinit2.o)
    0x08000292   0x00000000   Code   RO         2103    .ARM.Collect$$libinit$$0000002C  c_w.l(libinit2.o)
    0x08000292   0x00000000   Code   RO         2105    .ARM.Collect$$libinit$$0000002E  c_w.l(libinit2.o)
    0x08000292   0x00000004   Code   RO         2106    .ARM.Collect$$libinit$$0000002F  c_w.l(libinit2.o)
    0x08000296   0x00000000   Code   RO         2107    .ARM.Collect$$libinit$$00000030  c_w.l(libinit2.o)
    0x08000296   0x00000002   Code   RO         2108    .ARM.Collect$$libinit$$00000031  c_w.l(libinit2.o)
    0x08000298   0x00000002   Code   RO         2253    .ARM.Collect$$libshutdown$$00000000  c_w.l(libshutdown.o)
    0x0800029a   0x00000000   Code   RO         2260    .ARM.Collect$$libshutdown$$00000003  c_w.l(libshutdown2.o)
    0x0800029a   0x00000000   Code   RO         2263    .ARM.Collect$$libshutdown$$00000006  c_w.l(libshutdown2.o)
    0x0800029a   0x00000000   Code   RO         2266    .ARM.Collect$$libshutdown$$00000009  c_w.l(libshutdown2.o)
    0x0800029a   0x00000000   Code   RO         2268    .ARM.Collect$$libshutdown$$0000000B  c_w.l(libshutdown2.o)
    0x0800029a   0x00000000   Code   RO         2271    .ARM.Collect$$libshutdown$$0000000E  c_w.l(libshutdown2.o)
    0x0800029a   0x00000002   Code   RO         2272    .ARM.Collect$$libshutdown$$0000000F  c_w.l(libshutdown2.o)
    0x0800029c   0x00000000   Code   RO         1974    .ARM.Collect$$rtentry$$00000000  c_w.l(rtentry.o)
    0x0800029c   0x00000000   Code   RO         2127    .ARM.Collect$$rtentry$$00000002  c_w.l(rtentry2.o)
    0x0800029c   0x00000006   Code   RO         2139    .ARM.Collect$$rtentry$$00000004  c_w.l(rtentry4.o)
    0x080002a2   0x00000000   Code   RO         2129    .ARM.Collect$$rtentry$$00000009  c_w.l(rtentry2.o)
    0x080002a2   0x00000004   Code   RO         2130    .ARM.Collect$$rtentry$$0000000A  c_w.l(rtentry2.o)
    0x080002a6   0x00000000   Code   RO         2132    .ARM.Collect$$rtentry$$0000000C  c_w.l(rtentry2.o)
    0x080002a6   0x00000008   Code   RO         2133    .ARM.Collect$$rtentry$$0000000D  c_w.l(rtentry2.o)
    0x080002ae   0x00000002   Code   RO         2220    .ARM.Collect$$rtexit$$00000000  c_w.l(rtexit.o)
    0x080002b0   0x00000000   Code   RO         2235    .ARM.Collect$$rtexit$$00000002  c_w.l(rtexit2.o)
    0x080002b0   0x00000004   Code   RO         2236    .ARM.Collect$$rtexit$$00000003  c_w.l(rtexit2.o)
    0x080002b4   0x00000006   Code   RO         2237    .ARM.Collect$$rtexit$$00000004  c_w.l(rtexit2.o)
    0x080002ba   0x00000002   PAD
    0x080002bc   0x00000050   Code   RO            3    .text               stm32f10x_it.o
    0x0800030c   0x000001dc   Code   RO           81    .text               system_stm32f10x.o
    0x080004e8   0x000006a4   Code   RO          107    .text               main.o
    0x08000b8c   0x00000040   Code   RO          792    .text               startup_stm32f10x_hd.o
    0x08000bcc   0x000000dc   Code   RO          798    .text               misc.o
    0x08000ca8   0x0000011c   Code   RO          999    .text               stm32f10x_exti.o
    0x08000dc4   0x00000358   Code   RO         1065    .text               stm32f10x_gpio.o
    0x0800111c   0x00000404   Code   RO         1085    .text               stm32f10x_i2c.o
    0x08001520   0x000003a4   Code   RO         1154    .text               stm32f10x_rcc.o
    0x080018c4   0x00000e1a   Code   RO         1245    .text               stm32f10x_tim.o
    0x080026de   0x00000002   PAD
    0x080026e0   0x00000408   Code   RO         1265    .text               stm32f10x_usart.o
    0x08002ae8   0x000000c4   Code   RO         1308    .text               delay.o
    0x08002bac   0x0000000c   Code   RO         1336    .text               sys.o
    0x08002bb8   0x000006a0   Code   RO         1356    .text               usart.o
    0x08003258   0x000000e4   Code   RO         1391    .text               event.o
    0x0800333c   0x0000041c   Code   RO         1452    .text               keyboard.o
    0x08003758   0x00000374   Code   RO         1508    .text               lcd.o
    0x08003acc   0x000000e2   Code   RO         1559    .text               tracer.o
    0x08003bae   0x00000002   PAD
    0x08003bb0   0x00000548   Code   RO         1588    .text               i2c.o
    0x080040f8   0x000000f8   Code   RO         1617    .text               encoder.o
    0x080041f0   0x000001b0   Code   RO         1659    .text               tool.o
    0x080043a0   0x00000420   Code   RO         1688    .text               timer.o
    0x080047c0   0x00000224   Code   RO         1721    .text               fpga.o
    0x080049e4   0x0000005c   Code   RO         1752    .text               led.o
    0x08004a40   0x000006c0   Code   RO         1778    .text               setting.o
    0x08005100   0x00000002   Code   RO         1834    .text               c_w.l(use_no_semi_2.o)
    0x08005102   0x00000002   PAD
    0x08005104   0x00000024   Code   RO         1836    .text               c_w.l(c89vsprintf.o)
    0x08005128   0x00000064   Code   RO         1838    .text               c_w.l(rt_memcpy_w.o)
    0x0800518c   0x00000006   Code   RO         1840    .text               c_w.l(heapauxi.o)
    0x08005192   0x00000002   PAD
    0x08005194   0x00000024   Code   RO         1847    .text               c_w.l(init_aeabi.o)
    0x080051b8   0x00000002   Code   RO         1972    .text               c_w.l(use_no_semi.o)
    0x080051ba   0x00000052   Code   RO         1977    .text               c_w.l(_printf_pad.o)
    0x0800520c   0x00000024   Code   RO         1979    .text               c_w.l(_printf_truncate.o)
    0x08005230   0x00000052   Code   RO         1981    .text               c_w.l(_printf_str.o)
    0x08005282   0x00000002   PAD
    0x08005284   0x00000078   Code   RO         1983    .text               c_w.l(_printf_dec.o)
    0x080052fc   0x0000002a   Code   RO         1985    .text               c_w.l(_printf_charcount.o)
    0x08005326   0x00000002   PAD
    0x08005328   0x00000030   Code   RO         1987    .text               c_w.l(_printf_char_common.o)
    0x08005358   0x0000000a   Code   RO         1989    .text               c_w.l(_sputc.o)
    0x08005362   0x00000002   PAD
    0x08005364   0x000000bc   Code   RO         1991    .text               c_w.l(_printf_wctomb.o)
    0x08005420   0x00000078   Code   RO         1994    .text               c_w.l(_printf_longlong_dec.o)
    0x08005498   0x00000078   Code   RO         2000    .text               c_w.l(_printf_oct_int_ll.o)
    0x08005510   0x0000009c   Code   RO         2020    .text               c_w.l(_printf_hex_int_ll_ptr.o)
    0x080055ac   0x0000018c   Code   RO         2040    .text               c_w.l(__printf_flags_ss_wp.o)
    0x08005738   0x0000008a   Code   RO         2141    .text               c_w.l(lludiv10.o)
    0x080057c2   0x000000b8   Code   RO         2143    .text               c_w.l(_printf_intcommon.o)
    0x0800587a   0x00000420   Code   RO         2145    .text               c_w.l(_printf_fp_dec.o)
    0x08005c9a   0x0000002c   Code   RO         2149    .text               c_w.l(_printf_char.o)
    0x08005cc6   0x0000002c   Code   RO         2151    .text               c_w.l(_printf_wchar.o)
    0x08005cf2   0x00000040   Code   RO         2154    .text               c_w.l(_wcrtomb.o)
    0x08005d32   0x0000004a   Code   RO         2160    .text               c_w.l(sys_stackheap_outer.o)
    0x08005d7c   0x00000010   Code   RO         2162    .text               c_w.l(rt_ctype_table.o)
    0x08005d8c   0x00000008   Code   RO         2167    .text               c_w.l(rt_locale_intlibspace.o)
    0x08005d94   0x00000080   Code   RO         2169    .text               c_w.l(_printf_fp_infnan.o)
    0x08005e14   0x000000e4   Code   RO         2171    .text               c_w.l(bigflt0.o)
    0x08005ef8   0x0000000c   Code   RO         2199    .text               c_w.l(exit.o)
    0x08005f04   0x00000008   Code   RO         2217    .text               c_w.l(libspace.o)
    0x08005f0c   0x00000080   Code   RO         2231    .text               c_w.l(strcmpv7m.o)
    0x08005f8c   0x0000003e   Code   RO         2174    CL$$btod_d2e        c_w.l(btod.o)
    0x08005fca   0x00000046   Code   RO         2176    CL$$btod_d2e_denorm_low  c_w.l(btod.o)
    0x08006010   0x00000060   Code   RO         2175    CL$$btod_d2e_norm_op1  c_w.l(btod.o)
    0x08006070   0x00000338   Code   RO         2184    CL$$btod_div_common  c_w.l(btod.o)
    0x080063a8   0x000000c6   Code   RO         2181    CL$$btod_e2e        c_w.l(btod.o)
    0x0800646e   0x00000028   Code   RO         2178    CL$$btod_ediv       c_w.l(btod.o)
    0x08006496   0x00000028   Code   RO         2177    CL$$btod_emul       c_w.l(btod.o)
    0x080064be   0x00000244   Code   RO         2183    CL$$btod_mult_common  c_w.l(btod.o)
    0x08006702   0x00000012   Code   RO          267    i._ZN4Page11handleEnterEv  main.o
    0x08006714   0x000000c0   Code   RO          376    i._ZN4Page12onKeyPressedEN3ext10ExeCommandE  main.o
    0x080067d4   0x00000002   Code   RO          358    i._ZN4Page5enterEv  main.o
    0x080067d6   0x00000002   Code   RO          364    i._ZN4Page5leaveEv  main.o
    0x080067d8   0x00000002   Code   RO          370    i._ZN4Page7onTimerEv  main.o
    0x080067da   0x00000002   PAD
    0x080067dc   0x00000010   Code   RO          280    i._ZN4PageC1Ev      main.o
    0x080067ec   0x00000070   Code   RO          382    i._ZN5Page07onTimerEv  main.o
    0x0800685c   0x00000070   Code   RO          388    i._ZN5Page17onTimerEv  main.o
    0x080068cc   0x00000080   Code   RO          406    i._ZN5Page212onKeyPressedEN3ext10ExeCommandE  main.o
    0x0800694c   0x00000064   Code   RO          394    i._ZN5Page25enterEv  main.o
    0x080069b0   0x0000002a   Code   RO          400    i._ZN5Page27onTimerEv  main.o
    0x080069da   0x00000002   PAD
    0x080069dc   0x00000088   Code   RO          418    i._ZN5Page312onKeyPressedEN3ext10ExeCommandE  main.o
    0x08006a64   0x0000005c   Code   RO          574    i._ZN5Page313dispToothDistEv  main.o
    0x08006ac0   0x0000007e   Code   RO          568    i._ZN5Page313dispToothTypeEv  main.o
    0x08006b3e   0x00000064   Code   RO          562    i._ZN5Page318dispToothCoverTypeEv  main.o
    0x08006ba2   0x00000002   PAD
    0x08006ba4   0x0000009c   Code   RO          412    i._ZN5Page35enterEv  main.o
    0x08006c40   0x0000012c   Code   RO          436    i._ZN5Page412onKeyPressedEN3ext10ExeCommandE  main.o
    0x08006d6c   0x00000034   Code   RO          424    i._ZN5Page45enterEv  main.o
    0x08006da0   0x00000034   Code   RO          430    i._ZN5Page45leaveEv  main.o
    0x08006dd4   0x00000164   Code   RO          454    i._ZN5Page512onKeyPressedEN3ext10ExeCommandE  main.o
    0x08006f38   0x00000062   Code   RO          237    i._ZN5Page518displayRotateSpeedEv  main.o
    0x08006f9a   0x00000002   PAD
    0x08006f9c   0x00000110   Code   RO          442    i._ZN5Page55enterEv  main.o
    0x080070ac   0x00000012   Code   RO          448    i._ZN5Page57onTimerEv  main.o
    0x080070be   0x000000b8   Code   RO          243    i._ZN5Page612displayStateEv  main.o
    0x08007176   0x00000002   PAD
    0x08007178   0x000001ec   Code   RO          472    i._ZN5Page612onKeyPressedEN3ext10ExeCommandE  main.o
    0x08007364   0x0000002a   Code   RO          460    i._ZN5Page65enterEv  main.o
    0x0800738e   0x00000002   Code   RO          466    i._ZN5Page65leaveEv  main.o
    0x08007390   0x00000424   Code   RO          249    i._ZN5Page67displayEjj  main.o
    0x080077b4   0x0000001c   Code   RO          478    i._ZN5Page67onTimerEv  main.o
    0x080077d0   0x00000068   Code   RO          255    i._ZN5Page712displayInforEb  main.o
    0x08007838   0x0000013c   Code   RO          496    i._ZN5Page712onKeyPressedEN3ext10ExeCommandE  main.o
    0x08007974   0x0000003c   Code   RO          484    i._ZN5Page75enterEv  main.o
    0x080079b0   0x00000034   Code   RO          490    i._ZN5Page75leaveEv  main.o
    0x080079e4   0x0000007c   Code   RO          502    i._ZN5Page812onKeyPressedEN3ext10ExeCommandE  main.o
    0x08007a60   0x00000150   Code   RO          520    i._ZN5Page912onKeyPressedEN3ext10ExeCommandE  main.o
    0x08007bb0   0x0000004a   Code   RO          508    i._ZN5Page95enterEv  main.o
    0x08007bfa   0x0000004a   Code   RO          514    i._ZN5Page95leaveEv  main.o
    0x08007c44   0x00000118   Code   RO          532    i._ZN6Page1012onKeyPressedEN3ext10ExeCommandE  main.o
    0x08007d5c   0x00000088   Code   RO          526    i._ZN6Page105enterEv  main.o
    0x08007de4   0x00000088   Code   RO          538    i._ZN6Page1112onKeyPressedEN3ext10ExeCommandE  main.o
    0x08007e6c   0x00000048   Code   RO          261    i._ZN6Page1210updateIconEv  main.o
    0x08007eb4   0x000000f0   Code   RO          556    i._ZN6Page1212onKeyPressedEN3ext10ExeCommandE  main.o
    0x08007fa4   0x0000005e   Code   RO          274    i._ZN6Page1213handleEncoderEc  main.o
    0x08008002   0x0000002a   Code   RO          544    i._ZN6Page125enterEv  main.o
    0x0800802c   0x00000002   Code   RO          550    i._ZN6Page125leaveEv  main.o
    0x0800802e   0x00000002   PAD
    0x08008030   0x0000012c   Code   RO          158    i._ZN6Page127displayEv  main.o
    0x0800815c   0x0000067e   Code   RO          225    i._ZN9InputPage12onKeyPressedEN3ext10ExeCommandE  main.o
    0x080087da   0x00000016   Code   RO          580    i._ZN9InputPage14haveValidInputEv  main.o
    0x080087f0   0x0000004c   Code   RO          194    i._ZN9InputPage15displayAllValueEv  main.o
    0x0800883c   0x00000068   Code   RO          182    i._ZN9InputPage15displayMeasuredEi  main.o
    0x080088a4   0x00000108   Code   RO          207    i._ZN9InputPage16dotNumbToUnicodeEij  main.o
    0x080089ac   0x00000376   Code   RO          213    i._ZN9InputPage17checkAndFillInputEi  main.o
    0x08008d22   0x00000002   PAD
    0x08008d24   0x000000f0   Code   RO          170    i._ZN9InputPage17displayFixedPulseEij  main.o
    0x08008e14   0x00000020   Code   RO          164    i._ZN9InputPage18displayEditorFocusEj  main.o
    0x08008e34   0x00000078   Code   RO          176    i._ZN9InputPage18displayFixedDigreeEij  main.o
    0x08008eac   0x00000016   Code   RO          292    i._ZN9InputPage18hideAllEditorFocusEv  main.o
    0x08008ec2   0x00000030   Code   RO          188    i._ZN9InputPage21displayMainAxisDegreeEv  main.o
    0x08008ef2   0x00000198   Code   RO          219    i._ZN9InputPage28checkAndFillInputWhenEditingEii  main.o
    0x0800908a   0x000000a8   Code   RO          200    i._ZN9InputPage5enterEv  main.o
    0x08009132   0x00000048   Code   RO          231    i._ZN9InputPage7onTimerEv  main.o
    0x0800917a   0x00000002   PAD
    0x0800917c   0x00000018   Code   RO          286    i._ZN9InputPageC1Ev  main.o
    0x08009194   0x00000028   Code   RO         2213    i.__ARM_fpclassify  m_ws.l(fpclassify.o)
    0x080091bc   0x0000000e   Code   RO         2033    i._is_digit         c_w.l(__printf_wp.o)
    0x080091ca   0x00000002   PAD
    0x080091cc   0x0000002c   Code   RO         2197    locale$$code        c_w.l(lc_numeric_c.o)
    0x080091f8   0x0000002c   Code   RO         2225    locale$$code        c_w.l(lc_ctype_c.o)
    0x08009224   0x0000001c   Code   RO         1525    t._Z13__file_name__ILj15EEPKcRAT__S0_  lcd.o
    0x08009240   0x0000001c   Code   RO         1737    t._Z13__file_name__ILj16EEPKcRAT__S0_  fpga.o
    0x0800925c   0x0000001c   Code   RO          151    t._Z13__file_name__ILj17EEPKcRAT__S0_  main.o
    0x08009278   0x0000001c   Code   RO         1471    t._Z13__file_name__ILj20EEPKcRAT__S0_  keyboard.o
    0x08009294   0x0000001c   Code   RO         1797    t._Z13__file_name__ILj23EEPKcRAT__S0_  setting.o
    0x080092b0   0x0000001c   Code   RO          137    t._Z13__file_name__ILj24EEPKcRAT__S0_  main.o
    0x080092cc   0x0000001c   Code   RO          130    t._Z13__file_name__ILj25EEPKcRAT__S0_  main.o
    0x080092e8   0x0000001c   Code   RO          144    t._Z13__file_name__ILj30EEPKcRAT__S0_  main.o
    0x08009304   0x0000005e   Code   RO         1410    t._ZN11StaticQueueI4NodeLi512EE7inQueueERKS0_  event.o
    0x08009362   0x0000005a   Code   RO         1416    t._ZN11StaticQueueI4NodeLi512EE8outQueueERS0_  event.o
    0x080093bc   0x00000150   Code   RO         1950    x$fpl$dadd          fz_ws.l(daddsub_clz.o)
    0x0800950c   0x000002b0   Code   RO         1957    x$fpl$ddiv          fz_ws.l(ddiv.o)
    0x080097bc   0x0000005e   Code   RO         1960    x$fpl$dfix          fz_ws.l(dfix.o)
    0x0800981a   0x0000002e   Code   RO         1965    x$fpl$dflt          fz_ws.l(dflt_clz.o)
    0x08009848   0x00000154   Code   RO         1970    x$fpl$dmul          fz_ws.l(dmul.o)
    0x0800999c   0x0000009c   Code   RO         2119    x$fpl$dnaninf       fz_ws.l(dnaninf.o)
    0x08009a38   0x0000000c   Code   RO         2121    x$fpl$dretinf       fz_ws.l(dretinf.o)
    0x08009a44   0x000001d4   Code   RO         1952    x$fpl$dsub          fz_ws.l(daddsub_clz.o)
    0x08009c18   0x00000004   Code   RO         2123    x$fpl$printf1       fz_ws.l(printf1.o)
    0x08009c1c   0x00000000   Code   RO         2125    x$fpl$usenofp       fz_ws.l(usenofp.o)
    0x08009c1c   0x00000034   Data   RO          110    .constdata          main.o
    0x08009c50   0x0000001c   Data   RO         1454    .constdata          keyboard.o
    0x08009c6c   0x00000008   Data   RO         1992    .constdata          c_w.l(_printf_wctomb.o)
    0x08009c74   0x00000028   Data   RO         2021    .constdata          c_w.l(_printf_hex_int_ll_ptr.o)
    0x08009c9c   0x00000011   Data   RO         2041    .constdata          c_w.l(__printf_flags_ss_wp.o)
    0x08009cad   0x00000003   PAD
    0x08009cb0   0x00000094   Data   RO         2172    .constdata          c_w.l(bigflt0.o)
    0x08009d44   0x00000018   Data   RO          299    .constdata__ZTV4Page  main.o
    0x08009d5c   0x00000018   Data   RO          301    .constdata__ZTV5Page0  main.o
    0x08009d74   0x00000018   Data   RO          303    .constdata__ZTV5Page1  main.o
    0x08009d8c   0x00000018   Data   RO          305    .constdata__ZTV5Page2  main.o
    0x08009da4   0x00000018   Data   RO          307    .constdata__ZTV5Page3  main.o
    0x08009dbc   0x00000018   Data   RO          309    .constdata__ZTV5Page4  main.o
    0x08009dd4   0x00000018   Data   RO          313    .constdata__ZTV5Page5  main.o
    0x08009dec   0x00000018   Data   RO          315    .constdata__ZTV5Page6  main.o
    0x08009e04   0x00000018   Data   RO          317    .constdata__ZTV5Page7  main.o
    0x08009e1c   0x00000018   Data   RO          319    .constdata__ZTV5Page8  main.o
    0x08009e34   0x00000018   Data   RO          321    .constdata__ZTV5Page9  main.o
    0x08009e4c   0x00000018   Data   RO          323    .constdata__ZTV6Page10  main.o
    0x08009e64   0x00000018   Data   RO          325    .constdata__ZTV6Page11  main.o
    0x08009e7c   0x00000018   Data   RO          327    .constdata__ZTV6Page12  main.o
    0x08009e94   0x00000018   Data   RO          311    .constdata__ZTV9InputPage  main.o
    0x08009eac   0x00000020   Data   RO         2289    Region$$Table       anon$$obj.o
    0x08009ecc   0x0000001c   Data   RO         2196    locale$$data        c_w.l(lc_numeric_c.o)
    0x08009ee8   0x00000110   Data   RO         2224    locale$$data        c_w.l(lc_ctype_c.o)
    0x08009ff8   0x00000004   Data   RO          112    .init_array         main.o
    0x08009ffc   0x00000004   Data   RO         1394    .init_array         event.o


    Execution Region RW_IRAM1 (Base: 0x20000000, Size: 0x000043a0, Max: 0x00010000, ABSOLUTE, COMPRESSED[0x0000005c])

    Base Addr    Size         Type   Attr      Idx    E Section Name        Object

    0x20000000   0x00000008   Data   RW            4    .data               stm32f10x_it.o
    0x20000008   0x00000014   Data   RW           82    .data               system_stm32f10x.o
    0x2000001c   0x00000045   Data   RW          111    .data               main.o
    0x20000061   0x00000014   Data   RW         1155    .data               stm32f10x_rcc.o
    0x20000075   0x00000003   PAD
    0x20000078   0x00000008   Data   RW         1309    .data               delay.o
    0x20000080   0x0000003a   Data   RW         1455    .data               keyboard.o
    0x200000ba   0x00000080   Data   RW         1510    .data               lcd.o
    0x2000013a   0x00000001   Data   RW         1561    .data               tracer.o
    0x2000013b   0x00000001   PAD
    0x2000013c   0x00000004   Data   RW         1618    .data               encoder.o
    0x20000140   0x00000030   Data   RW         1689    .data               timer.o
    0x20000170   0x00000034   Data   RW         1781    .data               setting.o
    0x200001a4   0x000019f4   Zero   RW          109    .bss                main.o
    0x20001b98   0x00000158   Zero   RW         1357    .bss                usart.o
    0x20001cf0   0x00002008   Zero   RW         1393    .bss                event.o
    0x20003cf8   0x00000048   Zero   RW         1780    .bss                setting.o
    0x20003d40   0x00000060   Zero   RW         2218    .bss                c_w.l(libspace.o)
    0x20003da0   0x00000200   Zero   RW          790    HEAP                startup_stm32f10x_hd.o
    0x20003fa0   0x00000400   Zero   RW          789    STACK               startup_stm32f10x_hd.o


==============================================================================

Image component sizes


      Code (inc. data)   RO Data    RW Data    ZI Data      Debug   Object Name

       196         16          0          8          0        855   delay.o
       248          8          0          4          0       1286   encoder.o
       412         72          4          0       8200       4822   event.o
       576         66          0          0          0       2380   fpga.o
      1352         44          0          0          0       3517   i2c.o
      1080        266         28         58          0       4416   keyboard.o
       912        132          0        128          0       3744   lcd.o
        92          4          0          0          0        984   led.o
     12694       1912        416         69       6644     290633   main.o
       220         20          0          0          0       1697   misc.o
      1756        306          0         52         72      10237   setting.o
        64         26        304          0       1536        728   startup_stm32f10x_hd.o
       284         10          0          0          0       2131   stm32f10x_exti.o
       856         40          0          0          0       5545   stm32f10x_gpio.o
      1028         16          0          0          0      16907   stm32f10x_i2c.o
        80         10          0          8          0     256387   stm32f10x_it.o
       932         44          0         20          0       8652   stm32f10x_rcc.o
      3610         88          0          0          0      22028   stm32f10x_tim.o
      1032         22          0          0          0       8264   stm32f10x_usart.o
        12          0          0          0          0        373   sys.o
       476         36          0         20          0       1587   system_stm32f10x.o
      1056         86          0         48          0      28933   timer.o
       432          6          0          0          0       2152   tool.o
       226          0          0          1          0       2972   tracer.o
      1696         42          0          0        344       7745   usart.o

    ----------------------------------------------------------------------
     31342       3272        784        420      16796     688975   Object Totals
         0          0         32          0          0          0   (incl. Generated)
        20          0          0          4          0          0   (incl. Padding)

    ----------------------------------------------------------------------

      Code (inc. data)   RO Data    RW Data    ZI Data      Debug   Library Member Name

        90          0          0          0          0          0   __dczerorl2.o
         8          0          0          0          0         68   __main.o
       396          6         17          0          0         92   __printf_flags_ss_wp.o
        14          0          0          0          0         68   __printf_wp.o
        52          8          0          0          0          0   __scatter.o
        28          0          0          0          0          0   __scatter_zi.o
         6          0          0          0          0          0   _printf_a.o
         6          0          0          0          0          0   _printf_c.o
        44          0          0          0          0        108   _printf_char.o
        48          6          0          0          0         96   _printf_char_common.o
        42          0          0          0          0         68   _printf_charcount.o
         6          0          0          0          0          0   _printf_d.o
       120         18          0          0          0         92   _printf_dec.o
         6          0          0          0          0          0   _printf_e.o
         6          0          0          0          0          0   _printf_f.o
      1056          0          0          0          0        212   _printf_fp_dec.o
       128         16          0          0          0         84   _printf_fp_infnan.o
         6          0          0          0          0          0   _printf_g.o
       156          6         40          0          0        160   _printf_hex_int_ll_ptr.o
         6          0          0          0          0          0   _printf_i.o
       184          0          0          0          0         88   _printf_intcommon.o
        10          0          0          0          0          0   _printf_l.o
         6          0          0          0          0          0   _printf_lc.o
        10          0          0          0          0          0   _printf_ll.o
         6          0          0          0          0          0   _printf_lld.o
         6          0          0          0          0          0   _printf_lli.o
         6          0          0          0          0          0   _printf_llo.o
         6          0          0          0          0          0   _printf_llu.o
         6          0          0          0          0          0   _printf_llx.o
       120         16          0          0          0         92   _printf_longlong_dec.o
         6          0          0          0          0          0   _printf_ls.o
         6          0          0          0          0          0   _printf_n.o
         6          0          0          0          0          0   _printf_o.o
       120          8          0          0          0        124   _printf_oct_int_ll.o
         6          0          0          0          0          0   _printf_p.o
        82          0          0          0          0        108   _printf_pad.o
         0          0          0          0          0          0   _printf_percent.o
         4          0          0          0          0          0   _printf_percent_end.o
         6          0          0          0          0          0   _printf_s.o
        82          0          0          0          0         80   _printf_str.o
        36          0          0          0          0         84   _printf_truncate.o
         6          0          0          0          0          0   _printf_u.o
        44          0          0          0          0        108   _printf_wchar.o
       188          6          8          0          0         92   _printf_wctomb.o
         6          0          0          0          0          0   _printf_x.o
        10          0          0          0          0         68   _sputc.o
        64          0          0          0          0         92   _wcrtomb.o
       228          6        148          0          0         96   bigflt0.o
      1910        128          0          0          0        672   btod.o
        36          4          0          0          0         76   c89vsprintf.o
        12          0          0          0          0         72   exit.o
         6          0          0          0          0        152   heapauxi.o
        36         10          0          0          0         80   init_aeabi.o
        44         10        272          0          0         76   lc_ctype_c.o
        44         10         28          0          0         76   lc_numeric_c.o
         2          0          0          0          0          0   libinit.o
        34          0          0          0          0          0   libinit2.o
         2          0          0          0          0          0   libshutdown.o
         2          0          0          0          0          0   libshutdown2.o
         8          4          0          0         96         68   libspace.o
       138          0          0          0          0         80   lludiv10.o
        16          4          0          0          0         76   rt_ctype_table.o
         8          4          0          0          0         68   rt_locale_intlibspace.o
       100          0          0          0          0         80   rt_memcpy_w.o
         0          0          0          0          0          0   rtentry.o
        12          0          0          0          0          0   rtentry2.o
         6          0          0          0          0          0   rtentry4.o
         2          0          0          0          0          0   rtexit.o
        10          0          0          0          0          0   rtexit2.o
       128          0          0          0          0         68   strcmpv7m.o
        74          0          0          0          0         80   sys_stackheap_outer.o
         2          0          0          0          0         68   use_no_semi.o
         2          0          0          0          0         68   use_no_semi_2.o
       804         16          0          0          0        280   daddsub_clz.o
       688        140          0          0          0        212   ddiv.o
        94          4          0          0          0         92   dfix.o
        46          0          0          0          0         68   dflt_clz.o
       340         12          0          0          0        104   dmul.o
       156          4          0          0          0         92   dnaninf.o
        12          0          0          0          0         68   dretinf.o
         4          0          0          0          0         68   printf1.o
         0          0          0          0          0          0   usenofp.o
        40          0          0          0          0         68   fpclassify.o

    ----------------------------------------------------------------------
      8318        446        516          0         96       4992   Library Totals
        16          0          3          0          0          0   (incl. Padding)

    ----------------------------------------------------------------------

      Code (inc. data)   RO Data    RW Data    ZI Data      Debug   Library Name

      6118        270        513          0         96       3940   c_w.l
      2144        176          0          0          0        984   fz_ws.l
        40          0          0          0          0         68   m_ws.l

    ----------------------------------------------------------------------
      8318        446        516          0         96       4992   Library Totals

    ----------------------------------------------------------------------

==============================================================================


      Code (inc. data)   RO Data    RW Data    ZI Data      Debug   

     39660       3718       1300        420      16892     685283   Grand Totals
     39660       3718       1300         92      16892     685283   ELF Image Totals (compressed)
     39660       3718       1300         92          0          0   ROM Totals

==============================================================================

    Total RO  Size (Code + RO Data)                40960 (  40.00kB)
    Total RW  Size (RW Data + ZI Data)             17312 (  16.91kB)
    Total ROM Size (Code + RO Data + RW Data)      41052 (  40.09kB)

==============================================================================

