ARM Linker, 4.1 [Build 791] [Standard]

==============================================================================

Section Cross References

    stm32f10x_it.o(.text) refers to usart.o(.text) for CheckUartBufferIRQ
    stm32f10x_it.o(.text) refers to stm32f10x_it.o(.data) for ticks_counter
    system_stm32f10x.o(.text) refers to system_stm32f10x.o(.data) for SystemCoreClock
    main.o(.text) refers to main.o(t._Z13__file_name__ILj17EEPKcRAT__S0_) for __file_name__<(unsigned)17>(const char(&)[T1])
    main.o(.text) refers to tracer.o(.text) for api::Tracer::printf(char*, ...)
    main.o(.text) refers to event.o(.text) for PostEvent
    main.o(.text) refers to stm32f10x_gpio.o(.text) for GPIO_ReadInputData
    main.o(.text) refers to setting.o(.text) for Setting::incRoundPerMinTicks()
    main.o(.text) refers to fpga.o(.text) for ext::Fpga::Read(unsigned char)
    main.o(.text) refers to delay.o(.text) for delay_init
    main.o(.text) refers to rt_memcpy_w.o(.text) for __aeabi_memcpy4
    main.o(.text) refers to sys.o(.text) for NVIC_Configuration
    main.o(.text) refers to usart.o(.text) for UART3_Init
    main.o(.text) refers to encoder.o(.text) for ENCODER_Init
    main.o(.text) refers to led.o(.text) for ext::Led::Init()
    main.o(.text) refers to lcd.o(.text) for lcd::reset()
    main.o(.text) refers to keyboard.o(.text) for ext::Keyboard::Init()
    main.o(.text) refers to main.o(i._ZN4Page11handleEnterEv) for Page::handleEnter()
    main.o(.text) refers to timer.o(.text) for Timer2_Init
    main.o(.text) refers to main.o(i._ZN6Page1213handleEncoderEc) for Page12::handleEncoder(char)
    main.o(.text) refers to tracer.o(.data) for api::tracer
    main.o(.text) refers to main.o(.bss) for uart3Buff
    main.o(.text) refers to main.o(.constdata) for .constdata
    main.o(.text) refers to main.o(i._ZN4PageC1Ev) for Page::Page()
    main.o(.text) refers to main.o(i._ZN9InputPageC1Ev) for InputPage::InputPage()
    main.o(.text) refers to main.o(.data) for preCmd
    main.o(.text) refers to main.o(.constdata__ZTV5Page0) for vtable for Page0
    main.o(.text) refers to main.o(.constdata__ZTV5Page1) for vtable for Page1
    main.o(.text) refers to main.o(.constdata__ZTV5Page2) for vtable for Page2
    main.o(.text) refers to main.o(.constdata__ZTV5Page3) for vtable for Page3
    main.o(.text) refers to main.o(.constdata__ZTV5Page4) for vtable for Page4
    main.o(.text) refers to main.o(.constdata__ZTV5Page5) for vtable for Page5
    main.o(.text) refers to main.o(.constdata__ZTV5Page6) for vtable for Page6
    main.o(.text) refers to main.o(.constdata__ZTV5Page7) for vtable for Page7
    main.o(.text) refers to main.o(.constdata__ZTV5Page8) for vtable for Page8
    main.o(.text) refers to main.o(.constdata__ZTV5Page9) for vtable for Page9
    main.o(.text) refers to main.o(.constdata__ZTV6Page10) for vtable for Page10
    main.o(.text) refers to main.o(.constdata__ZTV6Page11) for vtable for Page11
    main.o(.text) refers to main.o(.constdata__ZTV6Page12) for vtable for Page12
    main.o(.ARM.exidx) refers to main.o(.text) for .text
    main.o(.constdata) refers to main.o(.bss) for page0
    main.o(.constdata) refers to main.o(.data) for page3
    main.o(.init_array) refers to main.o(.text) for __sti___8_main_cpp
    main.o(.init_array) refers to init_aeabi.o(.text) for __cpp_initialize__aeabi_
    startup_stm32f10x_hd.o(STACK) refers (Special) to heapauxi.o(.text) for __use_two_region_memory
    startup_stm32f10x_hd.o(HEAP) refers (Special) to heapauxi.o(.text) for __use_two_region_memory
    startup_stm32f10x_hd.o(RESET) refers (Special) to heapauxi.o(.text) for __use_two_region_memory
    startup_stm32f10x_hd.o(RESET) refers to startup_stm32f10x_hd.o(STACK) for __initial_sp
    startup_stm32f10x_hd.o(RESET) refers to startup_stm32f10x_hd.o(.text) for Reset_Handler
    startup_stm32f10x_hd.o(RESET) refers to stm32f10x_it.o(.text) for NMI_Handler
    startup_stm32f10x_hd.o(RESET) refers to encoder.o(.text) for EXTI9_5_IRQHandler
    startup_stm32f10x_hd.o(RESET) refers to timer.o(.text) for TIM2_IRQHandler
    startup_stm32f10x_hd.o(RESET) refers to usart.o(.text) for USART1_IRQHandler
    startup_stm32f10x_hd.o(.text) refers (Special) to heapauxi.o(.text) for __use_two_region_memory
    startup_stm32f10x_hd.o(.text) refers to system_stm32f10x.o(.text) for SystemInit
    startup_stm32f10x_hd.o(.text) refers to __main.o(!!!main) for __main
    startup_stm32f10x_hd.o(.text) refers to startup_stm32f10x_hd.o(HEAP) for Heap_Mem
    startup_stm32f10x_hd.o(.text) refers to startup_stm32f10x_hd.o(STACK) for Stack_Mem
    stm32f10x_adc.o(.text) refers to stm32f10x_rcc.o(.text) for RCC_APB2PeriphResetCmd
    stm32f10x_bkp.o(.text) refers to stm32f10x_rcc.o(.text) for RCC_BackupResetCmd
    stm32f10x_can.o(.text) refers to stm32f10x_rcc.o(.text) for RCC_APB1PeriphResetCmd
    stm32f10x_cec.o(.text) refers to stm32f10x_rcc.o(.text) for RCC_APB1PeriphResetCmd
[...]
    I2C_DMACmd                               0x08001375   Thumb Code    26  stm32f10x_i2c.o(.text)
    I2C_DMALastTransferCmd                   0x0800138f   Thumb Code    26  stm32f10x_i2c.o(.text)
    I2C_GenerateSTART                        0x080013a9   Thumb Code    26  stm32f10x_i2c.o(.text)
    I2C_GenerateSTOP                         0x080013c3   Thumb Code    26  stm32f10x_i2c.o(.text)
    I2C_AcknowledgeConfig                    0x080013dd   Thumb Code    26  stm32f10x_i2c.o(.text)
    I2C_OwnAddress2Config                    0x080013f7   Thumb Code    28  stm32f10x_i2c.o(.text)
    I2C_DualAddressCmd                       0x08001413   Thumb Code    26  stm32f10x_i2c.o(.text)
    I2C_GeneralCallCmd                       0x0800142d   Thumb Code    26  stm32f10x_i2c.o(.text)
    I2C_ITConfig                             0x08001447   Thumb Code    30  stm32f10x_i2c.o(.text)
    I2C_SendData                             0x08001465   Thumb Code     4  stm32f10x_i2c.o(.text)
    I2C_ReceiveData                          0x08001469   Thumb Code     8  stm32f10x_i2c.o(.text)
    I2C_Send7bitAddress                      0x08001471   Thumb Code    20  stm32f10x_i2c.o(.text)
    I2C_ReadRegister                         0x08001485   Thumb Code    14  stm32f10x_i2c.o(.text)
    I2C_SoftwareResetCmd                     0x08001493   Thumb Code    22  stm32f10x_i2c.o(.text)
    I2C_NACKPositionConfig                   0x080014a9   Thumb Code    30  stm32f10x_i2c.o(.text)
    I2C_SMBusAlertConfig                     0x080014c7   Thumb Code    30  stm32f10x_i2c.o(.text)
    I2C_TransmitPEC                          0x080014e5   Thumb Code    26  stm32f10x_i2c.o(.text)
    I2C_PECPositionConfig                    0x080014ff   Thumb Code    30  stm32f10x_i2c.o(.text)
    I2C_CalculatePEC                         0x0800151d   Thumb Code    26  stm32f10x_i2c.o(.text)
    I2C_GetPEC                               0x08001537   Thumb Code    10  stm32f10x_i2c.o(.text)
    I2C_ARPCmd                               0x08001541   Thumb Code    26  stm32f10x_i2c.o(.text)
    I2C_StretchClockCmd                      0x0800155b   Thumb Code    26  stm32f10x_i2c.o(.text)
    I2C_FastModeDutyCycleConfig              0x08001575   Thumb Code    30  stm32f10x_i2c.o(.text)
    I2C_CheckEvent                           0x08001593   Thumb Code    50  stm32f10x_i2c.o(.text)
    I2C_GetLastEvent                         0x080015c5   Thumb Code    30  stm32f10x_i2c.o(.text)
    I2C_GetFlagStatus                        0x080015e3   Thumb Code    72  stm32f10x_i2c.o(.text)
    I2C_ClearFlag                            0x0800162b   Thumb Code    16  stm32f10x_i2c.o(.text)
    I2C_GetITStatus                          0x0800163b   Thumb Code    44  stm32f10x_i2c.o(.text)
    I2C_ClearITPendingBit                    0x08001667   Thumb Code    16  stm32f10x_i2c.o(.text)
    RCC_DeInit                               0x08001679   Thumb Code    68  stm32f10x_rcc.o(.text)
    RCC_HSEConfig                            0x080016bd   Thumb Code    70  stm32f10x_rcc.o(.text)
    RCC_GetFlagStatus                        0x08001703   Thumb Code    68  stm32f10x_rcc.o(.text)
    RCC_WaitForHSEStartUp                    0x08001747   Thumb Code    56  stm32f10x_rcc.o(.text)
    RCC_AdjustHSICalibrationValue            0x0800177f   Thumb Code    22  stm32f10x_rcc.o(.text)
    RCC_HSICmd                               0x08001795   Thumb Code     6  stm32f10x_rcc.o(.text)
    RCC_PLLConfig                            0x0800179b   Thumb Code    28  stm32f10x_rcc.o(.text)
    RCC_PLLCmd                               0x080017b7   Thumb Code     6  stm32f10x_rcc.o(.text)
    RCC_SYSCLKConfig                         0x080017bd   Thumb Code    22  stm32f10x_rcc.o(.text)
    RCC_GetSYSCLKSource                      0x080017d3   Thumb Code    10  stm32f10x_rcc.o(.text)
    RCC_HCLKConfig                           0x080017dd   Thumb Code    22  stm32f10x_rcc.o(.text)
    RCC_PCLK1Config                          0x080017f3   Thumb Code    22  stm32f10x_rcc.o(.text)
    RCC_PCLK2Config                          0x08001809   Thumb Code    22  stm32f10x_rcc.o(.text)
    RCC_ITConfig                             0x0800181f   Thumb Code    36  stm32f10x_rcc.o(.text)
    RCC_USBCLKConfig                         0x08001843   Thumb Code     6  stm32f10x_rcc.o(.text)
    RCC_ADCCLKConfig                         0x08001849   Thumb Code    22  stm32f10x_rcc.o(.text)
    RCC_LSEConfig                            0x0800185f   Thumb Code    50  stm32f10x_rcc.o(.text)
    RCC_LSICmd                               0x08001891   Thumb Code     6  stm32f10x_rcc.o(.text)
    RCC_RTCCLKConfig                         0x08001897   Thumb Code    14  stm32f10x_rcc.o(.text)
    RCC_RTCCLKCmd                            0x080018a5   Thumb Code     6  stm32f10x_rcc.o(.text)
    RCC_GetClocksFreq                        0x080018ab   Thumb Code   216  stm32f10x_rcc.o(.text)
    RCC_AHBPeriphClockCmd                    0x08001983   Thumb Code    30  stm32f10x_rcc.o(.text)
    RCC_APB2PeriphClockCmd                   0x080019a1   Thumb Code    30  stm32f10x_rcc.o(.text)
    RCC_APB1PeriphClockCmd                   0x080019bf   Thumb Code    30  stm32f10x_rcc.o(.text)
    RCC_APB2PeriphResetCmd                   0x080019dd   Thumb Code    30  stm32f10x_rcc.o(.text)
    RCC_APB1PeriphResetCmd                   0x080019fb   Thumb Code    30  stm32f10x_rcc.o(.text)
    RCC_BackupResetCmd                       0x08001a19   Thumb Code     6  stm32f10x_rcc.o(.text)
    RCC_ClockSecuritySystemCmd               0x08001a1f   Thumb Code     6  stm32f10x_rcc.o(.text)
    RCC_MCOConfig                            0x08001a25   Thumb Code     6  stm32f10x_rcc.o(.text)
    RCC_ClearFlag                            0x08001a2b   Thumb Code    14  stm32f10x_rcc.o(.text)
    RCC_GetITStatus                          0x08001a39   Thumb Code    26  stm32f10x_rcc.o(.text)
    RCC_ClearITPendingBit                    0x08001a53   Thumb Code    58  stm32f10x_rcc.o(.text)
    TIM_DeInit                               0x08001a8d   Thumb Code   424  stm32f10x_tim.o(.text)
    TIM_TimeBaseInit                         0x08001c35   Thumb Code   134  stm32f10x_tim.o(.text)
    TIM_OC1Init                              0x08001cbb   Thumb Code   168  stm32f10x_tim.o(.text)
    TIM_OC2Init                              0x08001d63   Thumb Code   178  stm32f10x_tim.o(.text)
    TIM_OC3Init                              0x08001e15   Thumb Code   240  stm32f10x_tim.o(.text)
    TIM_OC4Init                              0x08001f05   Thumb Code   126  stm32f10x_tim.o(.text)
    TIM_SetIC4Prescaler                      0x08001f83   Thumb Code    26  stm32f10x_tim.o(.text)
    TIM_SetIC3Prescaler                      0x08002027   Thumb Code    22  stm32f10x_tim.o(.text)
    TIM_SetIC2Prescaler                      0x080020c3   Thumb Code    26  stm32f10x_tim.o(.text)
    TIM_SetIC1Prescaler                      0x08002167   Thumb Code    22  stm32f10x_tim.o(.text)
    TIM_ICInit                               0x080021f9   Thumb Code   150  stm32f10x_tim.o(.text)
    TIM_PWMIConfig                           0x0800228f   Thumb Code   136  stm32f10x_tim.o(.text)
    TIM_BDTRConfig                           0x08002317   Thumb Code    66  stm32f10x_tim.o(.text)
    TIM_TimeBaseStructInit                   0x08002359   Thumb Code    20  stm32f10x_tim.o(.text)
    TIM_OCStructInit                         0x0800236d   Thumb Code    22  stm32f10x_tim.o(.text)
    TIM_ICStructInit                         0x08002383   Thumb Code    24  stm32f10x_tim.o(.text)
    TIM_BDTRStructInit                       0x0800239b   Thumb Code    20  stm32f10x_tim.o(.text)
    TIM_Cmd                                  0x080023af   Thumb Code    26  stm32f10x_tim.o(.text)
    TIM_CtrlPWMOutputs                       0x080023c9   Thumb Code    30  stm32f10x_tim.o(.text)
    TIM_ITConfig                             0x080023e7   Thumb Code    30  stm32f10x_tim.o(.text)
    TIM_GenerateEvent                        0x08002405   Thumb Code     4  stm32f10x_tim.o(.text)
    TIM_DMAConfig                            0x08002409   Thumb Code    10  stm32f10x_tim.o(.text)
    TIM_DMACmd                               0x08002413   Thumb Code    30  stm32f10x_tim.o(.text)
    TIM_InternalClockConfig                  0x08002431   Thumb Code    14  stm32f10x_tim.o(.text)
    TIM_SelectInputTrigger                   0x0800243f   Thumb Code    24  stm32f10x_tim.o(.text)
    TIM_ITRxExternalClockConfig              0x08002457   Thumb Code    24  stm32f10x_tim.o(.text)
    TIM_TIxExternalClockConfig               0x0800246f   Thumb Code    62  stm32f10x_tim.o(.text)
    TIM_ETRConfig                            0x080024ad   Thumb Code    32  stm32f10x_tim.o(.text)
    TIM_ETRClockMode1Config                  0x080024cd   Thumb Code    60  stm32f10x_tim.o(.text)
    TIM_ETRClockMode2Config                  0x08002509   Thumb Code    32  stm32f10x_tim.o(.text)
    TIM_PrescalerConfig                      0x08002529   Thumb Code     6  stm32f10x_tim.o(.text)
    TIM_CounterModeConfig                    0x0800252f   Thumb Code    24  stm32f10x_tim.o(.text)
    TIM_EncoderInterfaceConfig               0x08002547   Thumb Code    78  stm32f10x_tim.o(.text)
    TIM_ForcedOC1Config                      0x08002595   Thumb Code    24  stm32f10x_tim.o(.text)
    TIM_ForcedOC2Config                      0x080025ad   Thumb Code    28  stm32f10x_tim.o(.text)
    TIM_ForcedOC3Config                      0x080025c9   Thumb Code    24  stm32f10x_tim.o(.text)
    TIM_ForcedOC4Config                      0x080025e1   Thumb Code    28  stm32f10x_tim.o(.text)
    TIM_ARRPreloadConfig                     0x080025fd   Thumb Code    26  stm32f10x_tim.o(.text)
    TIM_SelectCOM                            0x08002617   Thumb Code    26  stm32f10x_tim.o(.text)
    TIM_SelectCCDMA                          0x08002631   Thumb Code    26  stm32f10x_tim.o(.text)
    TIM_CCPreloadControl                     0x0800264b   Thumb Code    26  stm32f10x_tim.o(.text)
    TIM_OC1PreloadConfig                     0x08002665   Thumb Code    24  stm32f10x_tim.o(.text)
    TIM_OC2PreloadConfig                     0x0800267d   Thumb Code    28  stm32f10x_tim.o(.text)
    TIM_OC3PreloadConfig                     0x08002699   Thumb Code    24  stm32f10x_tim.o(.text)
    TIM_OC4PreloadConfig                     0x080026b1   Thumb Code    28  stm32f10x_tim.o(.text)
    TIM_OC1FastConfig                        0x080026cd   Thumb Code    24  stm32f10x_tim.o(.text)
    TIM_OC2FastConfig                        0x080026e5   Thumb Code    28  stm32f10x_tim.o(.text)
    TIM_OC3FastConfig                        0x08002701   Thumb Code    24  stm32f10x_tim.o(.text)
    TIM_OC4FastConfig                        0x08002719   Thumb Code    28  stm32f10x_tim.o(.text)
    TIM_ClearOC1Ref                          0x08002735   Thumb Code    24  stm32f10x_tim.o(.text)
    TIM_ClearOC2Ref                          0x0800274d   Thumb Code    24  stm32f10x_tim.o(.text)
    TIM_ClearOC3Ref                          0x08002765   Thumb Code    24  stm32f10x_tim.o(.text)
    TIM_ClearOC4Ref                          0x0800277d   Thumb Code    24  stm32f10x_tim.o(.text)
    TIM_OC1PolarityConfig                    0x08002795   Thumb Code    24  stm32f10x_tim.o(.text)
    TIM_OC1NPolarityConfig                   0x080027ad   Thumb Code    24  stm32f10x_tim.o(.text)
    TIM_OC2PolarityConfig                    0x080027c5   Thumb Code    28  stm32f10x_tim.o(.text)
    TIM_OC2NPolarityConfig                   0x080027e1   Thumb Code    28  stm32f10x_tim.o(.text)
    TIM_OC3PolarityConfig                    0x080027fd   Thumb Code    28  stm32f10x_tim.o(.text)
    TIM_OC3NPolarityConfig                   0x08002819   Thumb Code    28  stm32f10x_tim.o(.text)
    TIM_OC4PolarityConfig                    0x08002835   Thumb Code    28  stm32f10x_tim.o(.text)
    TIM_CCxCmd                               0x08002851   Thumb Code    46  stm32f10x_tim.o(.text)
    TIM_CCxNCmd                              0x0800287f   Thumb Code    46  stm32f10x_tim.o(.text)
    TIM_SelectOCxM                           0x080028ad   Thumb Code   100  stm32f10x_tim.o(.text)
    TIM_UpdateDisableConfig                  0x08002911   Thumb Code    26  stm32f10x_tim.o(.text)
    TIM_UpdateRequestConfig                  0x0800292b   Thumb Code    26  stm32f10x_tim.o(.text)
    TIM_SelectHallSensor                     0x08002945   Thumb Code    26  stm32f10x_tim.o(.text)
    TIM_SelectOnePulseMode                   0x0800295f   Thumb Code    22  stm32f10x_tim.o(.text)
    TIM_SelectOutputTrigger                  0x08002975   Thumb Code    22  stm32f10x_tim.o(.text)
    TIM_SelectSlaveMode                      0x0800298b   Thumb Code    22  stm32f10x_tim.o(.text)
    TIM_SelectMasterSlaveMode                0x080029a1   Thumb Code    22  stm32f10x_tim.o(.text)
    TIM_SetCounter                           0x080029b7   Thumb Code     4  stm32f10x_tim.o(.text)
    TIM_SetAutoreload                        0x080029bb   Thumb Code     4  stm32f10x_tim.o(.text)
    TIM_SetCompare1                          0x080029bf   Thumb Code     4  stm32f10x_tim.o(.text)
    TIM_SetCompare2                          0x080029c3   Thumb Code     4  stm32f10x_tim.o(.text)
    TIM_SetCompare3                          0x080029c7   Thumb Code     4  stm32f10x_tim.o(.text)
    TIM_SetCompare4                          0x080029cb   Thumb Code     6  stm32f10x_tim.o(.text)
    TIM_SetClockDivision                     0x080029d1   Thumb Code    22  stm32f10x_tim.o(.text)
    TIM_GetCapture1                          0x080029e7   Thumb Code     6  stm32f10x_tim.o(.text)
    TIM_GetCapture2                          0x080029ed   Thumb Code     6  stm32f10x_tim.o(.text)
    TIM_GetCapture3                          0x080029f3   Thumb Code     6  stm32f10x_tim.o(.text)
    TIM_GetCapture4                          0x080029f9   Thumb Code     8  stm32f10x_tim.o(.text)
    TIM_GetCounter                           0x08002a01   Thumb Code     6  stm32f10x_tim.o(.text)
    TIM_GetPrescaler                         0x08002a07   Thumb Code     6  stm32f10x_tim.o(.text)
    TIM_GetFlagStatus                        0x08002a0d   Thumb Code    24  stm32f10x_tim.o(.text)
    TIM_ClearFlag                            0x08002a25   Thumb Code     8  stm32f10x_tim.o(.text)
    TIM_GetITStatus                          0x08002a2d   Thumb Code    40  stm32f10x_tim.o(.text)
    TIM_ClearITPendingBit                    0x08002a55   Thumb Code     8  stm32f10x_tim.o(.text)
    USART_DeInit                             0x08002a5d   Thumb Code   134  stm32f10x_usart.o(.text)
    USART_Init                               0x08002ae3   Thumb Code   250  stm32f10x_usart.o(.text)
    USART_StructInit                         0x08002bdd   Thumb Code    30  stm32f10x_usart.o(.text)
    USART_ClockInit                          0x08002bfb   Thumb Code    46  stm32f10x_usart.o(.text)
    USART_ClockStructInit                    0x08002c29   Thumb Code    14  stm32f10x_usart.o(.text)
    USART_Cmd                                0x08002c37   Thumb Code    26  stm32f10x_usart.o(.text)
    USART_ITConfig                           0x08002c51   Thumb Code    88  stm32f10x_usart.o(.text)
    USART_DMACmd                             0x08002ca9   Thumb Code    30  stm32f10x_usart.o(.text)
    USART_SetAddress                         0x08002cc7   Thumb Code    22  stm32f10x_usart.o(.text)
    USART_WakeUpConfig                       0x08002cdd   Thumb Code    22  stm32f10x_usart.o(.text)
    USART_ReceiverWakeUpCmd                  0x08002cf3   Thumb Code    26  stm32f10x_usart.o(.text)
    USART_LINBreakDetectLengthConfig         0x08002d0d   Thumb Code    22  stm32f10x_usart.o(.text)
    USART_LINCmd                             0x08002d23   Thumb Code    26  stm32f10x_usart.o(.text)
    USART_SendData                           0x08002d3d   Thumb Code     8  stm32f10x_usart.o(.text)
    USART_ReceiveData                        0x08002d45   Thumb Code    10  stm32f10x_usart.o(.text)
    USART_SendBreak                          0x08002d4f   Thumb Code    10  stm32f10x_usart.o(.text)
    USART_SetGuardTime                       0x08002d59   Thumb Code    16  stm32f10x_usart.o(.text)
    USART_SetPrescaler                       0x08002d69   Thumb Code    18  stm32f10x_usart.o(.text)
    USART_SmartCardCmd                       0x08002d7b   Thumb Code    26  stm32f10x_usart.o(.text)
    USART_SmartCardNACKCmd                   0x08002d95   Thumb Code    26  stm32f10x_usart.o(.text)
    USART_HalfDuplexCmd                      0x08002daf   Thumb Code    26  stm32f10x_usart.o(.text)
    USART_OverSampling8Cmd                   0x08002dc9   Thumb Code    22  stm32f10x_usart.o(.text)
    USART_OneBitMethodCmd                    0x08002ddf   Thumb Code    26  stm32f10x_usart.o(.text)
    USART_IrDAConfig                         0x08002df9   Thumb Code    22  stm32f10x_usart.o(.text)
    USART_IrDACmd                            0x08002e0f   Thumb Code    26  stm32f10x_usart.o(.text)
    USART_GetFlagStatus                      0x08002e29   Thumb Code    54  stm32f10x_usart.o(.text)
    USART_ClearFlag                          0x08002e5f   Thumb Code    20  stm32f10x_usart.o(.text)
    USART_GetITStatus                        0x08002e73   Thumb Code   104  stm32f10x_usart.o(.text)
    USART_ClearITPendingBit                  0x08002edb   Thumb Code    40  stm32f10x_usart.o(.text)
    delay_init                               0x08002f05   Thumb Code    42  delay.o(.text)
    delay_us                                 0x08002f2f   Thumb Code    76  delay.o(.text)
    delay_ms                                 0x08002f7b   Thumb Code    76  delay.o(.text)
    NVIC_Configuration                       0x08002fd9   Thumb Code    12  sys.o(.text)
    _sys_exit                                0x08002fe5   Thumb Code     6  usart.o(.text)
    fputc                                    0x08002feb   Thumb Code    32  usart.o(.text)
    UART1_Init                               0x0800300b   Thumb Code   176  usart.o(.text)
    UART2_Init                               0x080030bb   Thumb Code   254  usart.o(.text)
    CheckUartBuffer                          0x080031b9   Thumb Code    40  usart.o(.text)
    CheckUartBufferIRQ                       0x080031e1   Thumb Code    22  usart.o(.text)
    UartIRQ                                  0x080031f7   Thumb Code   230  usart.o(.text)
    USART1_IRQHandler                        0x080032dd   Thumb Code    10  usart.o(.text)
    USART2_IRQHandler                        0x080032e7   Thumb Code    10  usart.o(.text)
    USART3_IRQHandler                        0x080032f1   Thumb Code    10  usart.o(.text)
    UART3_Init                               0x080032fb   Thumb Code   284  usart.o(.text)
    UART_SendString                          0x08003417   Thumb Code   334  usart.o(.text)
    UART_SendBuffer                          0x08003565   Thumb Code   330  usart.o(.text)
    UART3_SendString                         0x080036af   Thumb Code    14  usart.o(.text)
    UART3_SendBuffer                         0x080036bd   Thumb Code    18  usart.o(.text)
    UART2_SendString                         0x080036cf   Thumb Code    14  usart.o(.text)
    UART2_SendBuffer                         0x080036dd   Thumb Code    18  usart.o(.text)
    PostEvent                                0x080036f9   Thumb Code    82  event.o(.text)
    ReadEvent                                0x0800374b   Thumb Code    56  event.o(.text)
    ext::Keyboard::Init()                    0x080037e1   Thumb Code   292  keyboard.o(.text)
    ext::Keyboard::SubScanCol(unsigned short) 0x08003905   Thumb Code   128  keyboard.o(.text)
    ext::Keyboard::Scan()                    0x08003985   Thumb Code   400  keyboard.o(.text)
    lcd::changeBrightness()                  0x08003c1d   Thumb Code    20  lcd.o(.text)
    lcd::BeepON()                            0x08003c31   Thumb Code    30  lcd.o(.text)
    lcd::reset()                             0x08003c4f   Thumb Code    20  lcd.o(.text)
    lcd::readCurrPage()                      0x08003c63   Thumb Code    20  lcd.o(.text)
    lcd::jumpToPage(short)                   0x08003c77   Thumb Code    76  lcd.o(.text)
    lcd::jumpToPageDirect(short)             0x08003cc3   Thumb Code    38  lcd.o(.text)
    lcd::parseCodes(char*, int)              0x08003ce9   Thumb Code   132  lcd.o(.text)
    lcd::sendKeycode(char)                   0x08003d6d   Thumb Code    28  lcd.o(.text)
    lcd::sendAddrValue(short, short)         0x08003d89   Thumb Code    56  lcd.o(.text)
    lcd::sendAddrValue(short, short, short)  0x08003dc1   Thumb Code    72  lcd.o(.text)
    lcd::sendAddrValueLong(short, unsigned long) 0x08003e09   Thumb Code    72  lcd.o(.text)
    lcd::displayUnicode(short, short*, short) 0x08003e51   Thumb Code   136  lcd.o(.text)
    lcd::displayUnicodeQueue(short, short*, short) 0x08003ed9   Thumb Code   136  lcd.o(.text)
    api::Tracer::operator <<(const char*)    0x08004001   Thumb Code    16  tracer.o(.text)
    api::Tracer::operator <<(unsigned)       0x08004011   Thumb Code    88  tracer.o(.text)
    api::Tracer::operator <<(int)            0x08004069   Thumb Code   108  tracer.o(.text)
    api::Tracer::printf(char*, ...)          0x080040d5   Thumb Code    46  tracer.o(.text)
    I2C1_init                                0x08004105   Thumb Code   116  i2c.o(.text)
    At24c02_w8                               0x08004179   Thumb Code   168  i2c.o(.text)
    At24c02_write                            0x08004221   Thumb Code   150  i2c.o(.text)
    I2C_WaitEepromStandbyState               0x080042b7   Thumb Code    72  i2c.o(.text)
    At24c02_read                             0x080042ff   Thumb Code   250  i2c.o(.text)
    I2C2_Config                              0x080043f9   Thumb Code   102  i2c.o(.text)
    I2C_AcknowledgePolling                   0x0800445f   Thumb Code    68  i2c.o(.text)
    I2C_SequentialRead_AT24C01A_02           0x080044a3   Thumb Code   264  i2c.o(.text)
    I2C_PageWrite_AT24C01A_02                0x080045ab   Thumb Code   212  i2c.o(.text)
    EXTI9_5_IRQHandler                       0x0800468d   Thumb Code    52  encoder.o(.text)
    ENCODER_Init                             0x080046c1   Thumb Code   218  encoder.o(.text)
    tool::convertFixed(int, int, short*, unsigned, bool, short) 0x080047a5   Thumb Code   256  tool.o(.text)
    tool::convertPulseToAngle(unsigned, unsigned, short*, unsigned) 0x080048a5   Thumb Code   214  tool.o(.text)
    Timer_Configuration                      0x08004981   Thumb Code    82  timer.o(.text)
    NVIC2_Configuration                      0x080049d3   Thumb Code    72  timer.o(.text)
    TIM2_IRQHandler                          0x08004a1b   Thumb Code    32  timer.o(.text)
    Timer2_Stop                              0x08004a3b   Thumb Code    32  timer.o(.text)
    Timer2_Init                              0x08004a5b   Thumb Code    52  timer.o(.text)
    TIM3_IRQHandler                          0x08004a8f   Thumb Code    32  timer.o(.text)
    Timer3_Stop                              0x08004aaf   Thumb Code    30  timer.o(.text)
    Timer3_Init                              0x08004acd   Thumb Code    52  timer.o(.text)
    TIM4_IRQHandler                          0x08004b01   Thumb Code    32  timer.o(.text)
    Timer4_Stop                              0x08004b21   Thumb Code    30  timer.o(.text)
    Timer4_Init                              0x08004b3f   Thumb Code    52  timer.o(.text)
    TIM5_IRQHandler                          0x08004b73   Thumb Code    32  timer.o(.text)
    Timer5_Stop                              0x08004b93   Thumb Code    30  timer.o(.text)
    Timer5_Init                              0x08004bb1   Thumb Code    52  timer.o(.text)
    TIM6_IRQHandler                          0x08004be5   Thumb Code    32  timer.o(.text)
    Timer6_Stop                              0x08004c05   Thumb Code    30  timer.o(.text)
    Timer6_Init                              0x08004c23   Thumb Code    52  timer.o(.text)
    TIM7_IRQHandler                          0x08004c57   Thumb Code    32  timer.o(.text)
    Timer7_Stop                              0x08004c77   Thumb Code    30  timer.o(.text)
    Timer7_Init                              0x08004c95   Thumb Code    52  timer.o(.text)
    Timer1_Init                              0x08004cc9   Thumb Code    12  timer.o(.text)
    Timer1_DelayUS                           0x08004cd5   Thumb Code    82  timer.o(.text)
    Timer1_DelayMS                           0x08004d27   Thumb Code    84  timer.o(.text)
    setOuputMode()                           0x08004dd1   Thumb Code    52  fpga.o(.text)
    setInputMode()                           0x08004e05   Thumb Code    52  fpga.o(.text)
    ext::Fpga::Init()                        0x08004e39   Thumb Code   224  fpga.o(.text)
    ext::Fpga::Write(unsigned char, unsigned char) 0x08004f19   Thumb Code    94  fpga.o(.text)
    ext::Fpga::Read(unsigned char)           0x08004f77   Thumb Code    90  fpga.o(.text)
    ext::Led::Init()                         0x08005011   Thumb Code    64  led.o(.text)
    ext::Led::SetLed(int, bool)              0x08005051   Thumb Code    28  led.o(.text)
    original_method(int, int, int, int)      0x08005071   Thumb Code   236  setting.o(.text)
    Setting::getDistUMCountPerTooth()        0x0800515d   Thumb Code     6  setting.o(.text)
    Setting::getPulseCountPerCircle()        0x08005163   Thumb Code     6  setting.o(.text)
    current_method(int, int, int, int)       0x08005169   Thumb Code   156  setting.o(.text)
    Setting::initSetting()                   0x08005205   Thumb Code   194  setting.o(.text)
    Setting::setMeasureFixPulse(unsigned, unsigned) 0x080052c7   Thumb Code    10  setting.o(.text)
    Setting::getMeasureFixPulse(unsigned&, unsigned&) 0x080052d1   Thumb Code    14  setting.o(.text)
    Setting::setWhellFixPulse(int, int)      0x080052df   Thumb Code    10  setting.o(.text)
    Setting::getWhellFixPulse(int&, int&)    0x080052e9   Thumb Code    14  setting.o(.text)
    Setting::setMainAxisAngleInPulse(unsigned) 0x080052f7   Thumb Code     6  setting.o(.text)
    Setting::getMainAxisAngleInPulse()       0x080052fd   Thumb Code     6  setting.o(.text)
    Setting::setToothCount(unsigned)         0x08005303   Thumb Code     6  setting.o(.text)
    Setting::getToothCount()                 0x08005309   Thumb Code     6  setting.o(.text)
    Setting::getInput(unsigned)              0x0800530f   Thumb Code    56  setting.o(.text)
    Setting::setInput(unsigned, unsigned)    0x08005347   Thumb Code    16  setting.o(.text)
    Setting::setBaseConfigInput(unsigned, unsigned, int) 0x08005357   Thumb Code    68  setting.o(.text)
    Setting::setDefaultBaseConfigInputIndex(unsigned) 0x0800539b   Thumb Code    18  setting.o(.text)
    Setting::getDefaultBaseConfigInputIndex() 0x080053ad   Thumb Code     6  setting.o(.text)
    Setting::getBaseConfigInput(unsigned, int&) 0x080053b3   Thumb Code    76  setting.o(.text)
    Setting::getDefautMeasureFixPulse(int&, int&) 0x080053ff   Thumb Code    78  setting.o(.text)
    Setting::setConfigToothType(ToothType)   0x0800544d   Thumb Code     6  setting.o(.text)
    Setting::getConfigToothType()            0x08005453   Thumb Code     6  setting.o(.text)
    Setting::saveToFlash()                   0x08005459   Thumb Code   336  setting.o(.text)
    Setting::distUMToPulse(long)             0x080055a9   Thumb Code    24  setting.o(.text)
    Setting::pulseToDistUM(float)            0x080055c1   Thumb Code    52  setting.o(.text)
    Setting::getRoundPerMin()                0x080055f5   Thumb Code     6  setting.o(.text)
    Setting::resetRoundPerMin()              0x080055fb   Thumb Code    26  setting.o(.text)
    Setting::incRoundPerMinTicks()           0x08005615   Thumb Code    14  setting.o(.text)
    Setting::getRoundPerMinTicks()           0x08005623   Thumb Code     6  setting.o(.text)
    Setting::updateRoundPerMin(unsigned, unsigned short) 0x08005629   Thumb Code   196  setting.o(.text)
    Setting::needPresetParameters()          0x080056ed   Thumb Code     6  setting.o(.text)
    Setting::setNeedPresetParameters(bool)   0x080056f3   Thumb Code     6  setting.o(.text)
    Setting::calcDegreePulse(unsigned)       0x080056f9   Thumb Code   112  setting.o(.text)
    Setting::getPrecision()                  0x08005769   Thumb Code     6  setting.o(.text)
    Setting::calculateDelayedPulse(int, int, int, int) 0x0800576f   Thumb Code    32  setting.o(.text)
    Setting::calcDistToZero(unsigned, int)   0x0800578f   Thumb Code   218  setting.o(.text)
    __use_no_semihosting                     0x08005935   Thumb Code     2  use_no_semi_2.o(.text)
    __c89vsprintf                            0x08005939   Thumb Code    32  c89vsprintf.o(.text)
    __aeabi_memcpy4                          0x0800595d   Thumb Code     0  rt_memcpy_w.o(.text)
    __aeabi_memcpy8                          0x0800595d   Thumb Code     0  rt_memcpy_w.o(.text)
    __rt_memcpy_w                            0x0800595d   Thumb Code   100  rt_memcpy_w.o(.text)
    _memcpy_lastbytes_aligned                0x080059a5   Thumb Code     0  rt_memcpy_w.o(.text)
    __use_two_region_memory                  0x080059c1   Thumb Code     2  heapauxi.o(.text)
    __rt_heap_escrow$2region                 0x080059c3   Thumb Code     2  heapauxi.o(.text)
    __rt_heap_expand$2region                 0x080059c5   Thumb Code     2  heapauxi.o(.text)
    __cpp_initialize__aeabi_                 0x080059c9   Thumb Code    26  init_aeabi.o(.text)
    __I$use$semihosting                      0x080059ed   Thumb Code     0  use_no_semi.o(.text)
    __use_no_semihosting_swi                 0x080059ed   Thumb Code     2  use_no_semi.o(.text)
    _printf_pre_padding                      0x080059ef   Thumb Code    46  _printf_pad.o(.text)
    _printf_post_padding                     0x08005a1d   Thumb Code    36  _printf_pad.o(.text)
    _printf_truncate_signed                  0x08005a41   Thumb Code    18  _printf_truncate.o(.text)
    _printf_truncate_unsigned                0x08005a53   Thumb Code    18  _printf_truncate.o(.text)
    _printf_str                              0x08005a65   Thumb Code    82  _printf_str.o(.text)
    _printf_int_dec                          0x08005ab9   Thumb Code   102  _printf_dec.o(.text)
    _printf_charcount                        0x08005b31   Thumb Code    42  _printf_charcount.o(.text)
    _printf_char_common                      0x08005b67   Thumb Code    32  _printf_char_common.o(.text)
    _sputc                                   0x08005b8d   Thumb Code    10  _sputc.o(.text)
    _printf_wctomb                           0x08005b99   Thumb Code   182  _printf_wctomb.o(.text)
    _printf_longlong_dec                     0x08005c55   Thumb Code   104  _printf_longlong_dec.o(.text)
    _printf_longlong_oct                     0x08005ccd   Thumb Code    76  _printf_oct_int_ll.o(.text)
    _printf_int_oct                          0x08005d19   Thumb Code    24  _printf_oct_int_ll.o(.text)
    _printf_ll_oct                           0x08005d31   Thumb Code    12  _printf_oct_int_ll.o(.text)
    _printf_longlong_hex                     0x08005d45   Thumb Code    92  _printf_hex_int_ll_ptr.o(.text)
    _printf_int_hex                          0x08005da1   Thumb Code    28  _printf_hex_int_ll_ptr.o(.text)
    _printf_ll_hex                           0x08005dbd   Thumb Code    12  _printf_hex_int_ll_ptr.o(.text)
    _printf_hex_ptr                          0x08005dc9   Thumb Code    18  _printf_hex_int_ll_ptr.o(.text)
    __printf                                 0x08005de1   Thumb Code   390  __printf_flags_ss_wp.o(.text)
    _ll_udiv10                               0x08005f6d   Thumb Code   138  lludiv10.o(.text)
    _printf_int_common                       0x08005ff7   Thumb Code   184  _printf_intcommon.o(.text)
    __lib_sel_fp_printf                      0x080060af   Thumb Code     2  _printf_fp_dec.o(.text)
    _printf_fp_dec_real                      0x0800625b   Thumb Code   626  _printf_fp_dec.o(.text)
    _printf_cs_common                        0x080064cd   Thumb Code    20  _printf_char.o(.text)
    _printf_char                             0x080064e1   Thumb Code    16  _printf_char.o(.text)
    _printf_string                           0x080064f1   Thumb Code     8  _printf_char.o(.text)
    _printf_lcs_common                       0x080064f9   Thumb Code    20  _printf_wchar.o(.text)
    _printf_wchar                            0x0800650d   Thumb Code    16  _printf_wchar.o(.text)
    _printf_wstring                          0x0800651d   Thumb Code     8  _printf_wchar.o(.text)
    _wcrtomb                                 0x08006525   Thumb Code    64  _wcrtomb.o(.text)
    __user_setup_stackheap                   0x08006565   Thumb Code    74  sys_stackheap_outer.o(.text)
    __rt_ctype_table                         0x080065b1   Thumb Code    16  rt_ctype_table.o(.text)
    __rt_locale                              0x080065c1   Thumb Code     8  rt_locale_intlibspace.o(.text)
    _printf_fp_infnan                        0x080065c9   Thumb Code   112  _printf_fp_infnan.o(.text)
    _btod_etento                             0x08006649   Thumb Code   222  bigflt0.o(.text)
    exit                                     0x0800672d   Thumb Code    12  exit.o(.text)
    __user_libspace                          0x08006739   Thumb Code     8  libspace.o(.text)
    __user_perproc_libspace                  0x08006739   Thumb Code     0  libspace.o(.text)
    __user_perthread_libspace                0x08006739   Thumb Code     0  libspace.o(.text)
    strcmp                                   0x08006741   Thumb Code   128  strcmpv7m.o(.text)
    __rt_fp_status_addr                      0x080067c1   Thumb Code     8  rt_fp_status_addr_intlibspace.o(.text)
    _btod_d2e                                0x080067c9   Thumb Code    62  btod.o(CL$$btod_d2e)
    _d2e_denorm_low                          0x08006807   Thumb Code    70  btod.o(CL$$btod_d2e_denorm_low)
    _d2e_norm_op1                            0x0800684d   Thumb Code    96  btod.o(CL$$btod_d2e_norm_op1)
    __btod_div_common                        0x080068ad   Thumb Code   696  btod.o(CL$$btod_div_common)
    _e2e                                     0x08006be5   Thumb Code   198  btod.o(CL$$btod_e2e)
    _btod_ediv                               0x08006cab   Thumb Code    40  btod.o(CL$$btod_ediv)
    _btod_emul                               0x08006cd3   Thumb Code    40  btod.o(CL$$btod_emul)
    __btod_mult_common                       0x08006cfb   Thumb Code   580  btod.o(CL$$btod_mult_common)
    Page::handleEnter()                      0x08006f3f   Thumb Code    20  main.o(i._ZN4Page11handleEnterEv)
    Page::onKeyPressed(ext::ExeCommand)      0x08006f55   Thumb Code    92  main.o(i._ZN4Page12onKeyPressedEN3ext10ExeCommandE)
    Page::enter()                            0x08007015   Thumb Code     2  main.o(i._ZN4Page5enterEv)
    Page::leave()                            0x08007017   Thumb Code     2  main.o(i._ZN4Page5leaveEv)
    Page::onTimer()                          0x08007019   Thumb Code     2  main.o(i._ZN4Page7onTimerEv)
    Page::Page()                             0x0800701d   Thumb Code    12  main.o(i._ZN4PageC1Ev)
    Page::Page__sub_object()                 0x0800701d   Thumb Code     0  main.o(i._ZN4PageC1Ev)
    Page0::onTimer()                         0x0800702d   Thumb Code    64  main.o(i._ZN5Page07onTimerEv)
    Page1::onTimer()                         0x080070a1   Thumb Code    64  main.o(i._ZN5Page17onTimerEv)
    Page2::onKeyPressed(ext::ExeCommand)     0x08007115   Thumb Code    64  main.o(i._ZN5Page212onKeyPressedEN3ext10ExeCommandE)
    Page2::enter()                           0x08007195   Thumb Code    44  main.o(i._ZN5Page25enterEv)
    Page2::onTimer()                         0x080071f9   Thumb Code    46  main.o(i._ZN5Page27onTimerEv)
    Page3::onKeyPressed(ext::ExeCommand)     0x08007229   Thumb Code    76  main.o(i._ZN5Page312onKeyPressedEN3ext10ExeCommandE)
    Page3::dispToothDist()                   0x080072b1   Thumb Code   120  main.o(i._ZN5Page313dispToothDistEv)
    Page3::dispToothType()                   0x08007329   Thumb Code   140  main.o(i._ZN5Page313dispToothTypeEv)
    Page3::dispToothCoverType()              0x080073b5   Thumb Code   116  main.o(i._ZN5Page318dispToothCoverTypeEv)
    Page3::enter()                           0x08007429   Thumb Code   104  main.o(i._ZN5Page35enterEv)
    Page4::onKeyPressed(ext::ExeCommand)     0x080074c9   Thumb Code   242  main.o(i._ZN5Page412onKeyPressedEN3ext10ExeCommandE)
    Page4::enter()                           0x080075fd   Thumb Code    54  main.o(i._ZN5Page45enterEv)
    Page4::leave()                           0x08007633   Thumb Code    54  main.o(i._ZN5Page45leaveEv)
    Page5::onKeyPressed(ext::ExeCommand)     0x08007669   Thumb Code   296  main.o(i._ZN5Page512onKeyPressedEN3ext10ExeCommandE)
    Page5::displayFixedPulse(int, unsigned)  0x080077d1   Thumb Code   288  main.o(i._ZN5Page517displayFixedPulseEij)
    Page5::displayRotateSpeed()              0x08007901   Thumb Code   114  main.o(i._ZN5Page518displayRotateSpeedEv)
    Page5::enter()                           0x08007975   Thumb Code   200  main.o(i._ZN5Page55enterEv)
    Page5::onTimer()                         0x08007a85   Thumb Code    18  main.o(i._ZN5Page57onTimerEv)
    Page6::updateState(unsigned char)        0x08007a97   Thumb Code   200  main.o(i._ZN5Page611updateStateEh)
    Page6::onKeyPressed(ext::ExeCommand)     0x08007b61   Thumb Code   260  main.o(i._ZN5Page612onKeyPressedEN3ext10ExeCommandE)
    Page6::updateFpgaData()                  0x08007cc1   Thumb Code   102  main.o(i._ZN5Page614updateFpgaDataEv)
    Page6::updateDataAndUI(unsigned, unsigned) 0x08007d69   Thumb Code  1112  main.o(i._ZN5Page615updateDataAndUIEjj)
    Page6::enter()                           0x08008229   Thumb Code    44  main.o(i._ZN5Page65enterEv)
    Page6::leave()                           0x08008255   Thumb Code    36  main.o(i._ZN5Page65leaveEv)
    Page6::onTimer()                         0x08008279   Thumb Code    28  main.o(i._ZN5Page67onTimerEv)
    Page7::displayInfor(bool)                0x08008295   Thumb Code   108  main.o(i._ZN5Page712displayInforEb)
    Page7::onKeyPressed(ext::ExeCommand)     0x08008301   Thumb Code   260  main.o(i._ZN5Page712onKeyPressedEN3ext10ExeCommandE)
    Page7::enter()                           0x08008445   Thumb Code    62  main.o(i._ZN5Page75enterEv)
    Page7::leave()                           0x08008483   Thumb Code    54  main.o(i._ZN5Page75leaveEv)
    Page8::onKeyPressed(ext::ExeCommand)     0x080084b9   Thumb Code    64  main.o(i._ZN5Page812onKeyPressedEN3ext10ExeCommandE)
    Page9::onKeyPressed(ext::ExeCommand)     0x08008535   Thumb Code   280  main.o(i._ZN5Page912onKeyPressedEN3ext10ExeCommandE)
    Page9::enter()                           0x0800868d   Thumb Code    76  main.o(i._ZN5Page95enterEv)
    Page9::leave()                           0x080086d9   Thumb Code    76  main.o(i._ZN5Page95leaveEv)
    Page10::onKeyPressed(ext::ExeCommand)    0x08008725   Thumb Code   218  main.o(i._ZN6Page1012onKeyPressedEN3ext10ExeCommandE)
    Page10::enter()                          0x08008841   Thumb Code   136  main.o(i._ZN6Page105enterEv)
    Page11::onKeyPressed(ext::ExeCommand)    0x080088c9   Thumb Code    70  main.o(i._ZN6Page1112onKeyPressedEN3ext10ExeCommandE)
    Page12::updateIcon()                     0x08008951   Thumb Code    72  main.o(i._ZN6Page1210updateIconEv)
    Page12::onKeyPressed(ext::ExeCommand)    0x08008999   Thumb Code   172  main.o(i._ZN6Page1212onKeyPressedEN3ext10ExeCommandE)
    Page12::handleEncoder(char)              0x08008a8d   Thumb Code   100  main.o(i._ZN6Page1213handleEncoderEc)
    Page12::enter()                          0x08008af1   Thumb Code    44  main.o(i._ZN6Page125enterEv)
    Page12::leave()                          0x08008b1d   Thumb Code     2  main.o(i._ZN6Page125leaveEv)
    Page12::display()                        0x08008b21   Thumb Code   250  main.o(i._ZN6Page127displayEv)
    InputPage::onKeyPressed(ext::ExeCommand) 0x08008c55   Thumb Code  1744  main.o(i._ZN9InputPage12onKeyPressedEN3ext10ExeCommandE)
    InputPage::haveValidInput()              0x08009325   Thumb Code    24  main.o(i._ZN9InputPage14haveValidInputEv)
    InputPage::displayAllValue()             0x0800933d   Thumb Code    82  main.o(i._ZN9InputPage15displayAllValueEv)
    InputPage::displayMeasured(int)          0x08009391   Thumb Code    92  main.o(i._ZN9InputPage15displayMeasuredEi)
    InputPage::dotNumbToUnicode(int, unsigned) 0x080093fd   Thumb Code   298  main.o(i._ZN9InputPage16dotNumbToUnicodeEij)
    InputPage::checkAndFillInput(int)        0x0800952d   Thumb Code   976  main.o(i._ZN9InputPage17checkAndFillInputEi)
    InputPage::displayFixedPulse(int, unsigned) 0x080098fd   Thumb Code   238  main.o(i._ZN9InputPage17displayFixedPulseEij)
    InputPage::displayEditorFocus(unsigned)  0x080099fd   Thumb Code    36  main.o(i._ZN9InputPage18displayEditorFocusEj)
    InputPage::displayFixedDigree(int, unsigned) 0x08009a21   Thumb Code   128  main.o(i._ZN9InputPage18displayFixedDigreeEij)
    InputPage::hideAllEditorFocus()          0x08009aa1   Thumb Code    26  main.o(i._ZN9InputPage18hideAllEditorFocusEv)
    InputPage::displayMainAxisDegree()       0x08009abb   Thumb Code    48  main.o(i._ZN9InputPage21displayMainAxisDegreeEv)
    InputPage::checkAndFillInputWhenEditing(int, int) 0x08009aeb   Thumb Code   476  main.o(i._ZN9InputPage28checkAndFillInputWhenEditingEii)
    InputPage::enter()                       0x08009cc7   Thumb Code   190  main.o(i._ZN9InputPage5enterEv)
    InputPage::onTimer()                     0x08009d85   Thumb Code    74  main.o(i._ZN9InputPage7onTimerEv)
    InputPage::InputPage()                   0x08009dd1   Thumb Code    20  main.o(i._ZN9InputPageC1Ev)
    InputPage::InputPage__sub_object()       0x08009dd1   Thumb Code     0  main.o(i._ZN9InputPageC1Ev)
    __ARM_fpclassify                         0x08009de9   Thumb Code    40  fpclassify.o(i.__ARM_fpclassify)
    _is_digit                                0x08009e11   Thumb Code    14  __printf_wp.o(i._is_digit)
    _get_lc_numeric                          0x08009e21   Thumb Code    44  lc_numeric_c.o(locale$$code)
    _get_lc_ctype                            0x08009e4d   Thumb Code    44  lc_ctype_c.o(locale$$code)
    __file_name__<(unsigned)15>(const char(&)[T1]) 0x08009e79   Thumb Code    32  lcd.o(t._Z13__file_name__ILj15EEPKcRAT__S0_)
    __file_name__<(unsigned)16>(const char(&)[T1]) 0x08009e99   Thumb Code    32  fpga.o(t._Z13__file_name__ILj16EEPKcRAT__S0_)
    __file_name__<(unsigned)17>(const char(&)[T1]) 0x08009eb9   Thumb Code    32  main.o(t._Z13__file_name__ILj17EEPKcRAT__S0_)
    __file_name__<(unsigned)20>(const char(&)[T1]) 0x08009ed9   Thumb Code    32  keyboard.o(t._Z13__file_name__ILj20EEPKcRAT__S0_)
    __file_name__<(unsigned)23>(const char(&)[T1]) 0x08009ef9   Thumb Code    32  setting.o(t._Z13__file_name__ILj23EEPKcRAT__S0_)
    __file_name__<(unsigned)24>(const char(&)[T1]) 0x08009f19   Thumb Code    32  main.o(t._Z13__file_name__ILj24EEPKcRAT__S0_)
    __file_name__<(unsigned)25>(const char(&)[T1]) 0x08009f39   Thumb Code    32  main.o(t._Z13__file_name__ILj25EEPKcRAT__S0_)
    __file_name__<(unsigned)30>(const char(&)[T1]) 0x08009f59   Thumb Code    32  main.o(t._Z13__file_name__ILj30EEPKcRAT__S0_)
    StaticQueue<Node, (int)512>::inQueue(const Node&) 0x08009f79   Thumb Code   106  event.o(t._ZN11StaticQueueI4NodeLi512EE7inQueueERKS0_)
    StaticQueue<Node, (int)512>::outQueue(Node&) 0x08009fe3   Thumb Code   104  event.o(t._ZN11StaticQueueI4NodeLi512EE8outQueueERS0_)
    __aeabi_d2f                              0x0800a04d   Thumb Code     0  d2f.o(x$fpl$d2f)
    _d2f                                     0x0800a04d   Thumb Code    98  d2f.o(x$fpl$d2f)
    __aeabi_dadd                             0x0800a0b1   Thumb Code     0  daddsub_clz.o(x$fpl$dadd)
    _dadd                                    0x0800a0b1   Thumb Code   332  daddsub_clz.o(x$fpl$dadd)
    __aeabi_ddiv                             0x0800a201   Thumb Code     0  ddiv.o(x$fpl$ddiv)
    _ddiv                                    0x0800a201   Thumb Code   552  ddiv.o(x$fpl$ddiv)
    __aeabi_d2iz                             0x0800a4b1   Thumb Code     0  dfix.o(x$fpl$dfix)
    _dfix                                    0x0800a4b1   Thumb Code    94  dfix.o(x$fpl$dfix)
    __aeabi_i2d                              0x0800a50f   Thumb Code     0  dflt_clz.o(x$fpl$dflt)
    _dflt                                    0x0800a50f   Thumb Code    46  dflt_clz.o(x$fpl$dflt)
    __aeabi_dmul                             0x0800a53d   Thumb Code     0  dmul.o(x$fpl$dmul)
    _dmul                                    0x0800a53d   Thumb Code   332  dmul.o(x$fpl$dmul)
    __fpl_dnaninf                            0x0800a691   Thumb Code   156  dnaninf.o(x$fpl$dnaninf)
    __fpl_dretinf                            0x0800a72d   Thumb Code    12  dretinf.o(x$fpl$dretinf)
    __aeabi_dsub                             0x0800a739   Thumb Code     0  daddsub_clz.o(x$fpl$dsub)
    _dsub                                    0x0800a739   Thumb Code   464  daddsub_clz.o(x$fpl$dsub)
    __aeabi_fadd                             0x0800a90d   Thumb Code     0  faddsub_clz.o(x$fpl$fadd)
    _fadd                                    0x0800a90d   Thumb Code   196  faddsub_clz.o(x$fpl$fadd)
    __fpl_fcmp_Inf                           0x0800a9d1   Thumb Code    24  fcmpi.o(x$fpl$fcmpinf)
    __aeabi_fdiv                             0x0800a9e9   Thumb Code     0  fdiv.o(x$fpl$fdiv)
    _fdiv                                    0x0800a9e9   Thumb Code   384  fdiv.o(x$fpl$fdiv)
    __aeabi_f2iz                             0x0800ab6d   Thumb Code     0  ffix.o(x$fpl$ffix)
    _ffix                                    0x0800ab6d   Thumb Code    54  ffix.o(x$fpl$ffix)
    __aeabi_i2f                              0x0800aba5   Thumb Code     0  fflt_clz.o(x$fpl$fflt)
    _fflt                                    0x0800aba5   Thumb Code    48  fflt_clz.o(x$fpl$fflt)
    __aeabi_cfcmple                          0x0800abd5   Thumb Code     0  fleqf.o(x$fpl$fleqf)
    _fcmple                                  0x0800abd5   Thumb Code   104  fleqf.o(x$fpl$fleqf)
    __fpl_fcmple_InfNaN                      0x0800ac27   Thumb Code     0  fleqf.o(x$fpl$fleqf)
    __aeabi_fmul                             0x0800ac3d   Thumb Code     0  fmul.o(x$fpl$fmul)
    _fmul                                    0x0800ac3d   Thumb Code   258  fmul.o(x$fpl$fmul)
    __fpl_fnaninf                            0x0800ad3f   Thumb Code   140  fnaninf.o(x$fpl$fnaninf)
    _fp_init                                 0x0800adcb   Thumb Code    14  fpinit.o(x$fpl$fpinit)
    __fplib_config_pureend_doubles           0x0800add7   Thumb Code     0  fpinit.o(x$fpl$fpinit)
    __fpl_fretinf                            0x0800add9   Thumb Code    10  fretinf.o(x$fpl$fretinf)
    __aeabi_frsub                            0x0800ade3   Thumb Code     0  faddsub_clz.o(x$fpl$frsb)
    _frsb                                    0x0800ade3   Thumb Code    20  faddsub_clz.o(x$fpl$frsb)
    __aeabi_fsub                             0x0800adf9   Thumb Code     0  faddsub_clz.o(x$fpl$fsub)
    _fsub                                    0x0800adf9   Thumb Code   234  faddsub_clz.o(x$fpl$fsub)
    _printf_fp_dec                           0x0800aee3   Thumb Code     4  printf1.o(x$fpl$printf1)
    __I$use$fp                               0x0800aee7   Thumb Code     0  usenofp.o(x$fpl$usenofp)
    vtable for Page                          0x0800b010   Data          24  main.o(.constdata__ZTV4Page)
    vtable for Page0                         0x0800b028   Data          24  main.o(.constdata__ZTV5Page0)
    vtable for Page1                         0x0800b040   Data          24  main.o(.constdata__ZTV5Page1)
    vtable for Page2                         0x0800b058   Data          24  main.o(.constdata__ZTV5Page2)
    vtable for Page3                         0x0800b070   Data          24  main.o(.constdata__ZTV5Page3)
    vtable for Page4                         0x0800b088   Data          24  main.o(.constdata__ZTV5Page4)
    vtable for Page5                         0x0800b0a0   Data          28  main.o(.constdata__ZTV5Page5)
    vtable for Page6                         0x0800b0bc   Data          24  main.o(.constdata__ZTV5Page6)
    vtable for Page7                         0x0800b0d4   Data          24  main.o(.constdata__ZTV5Page7)
    vtable for Page8                         0x0800b0ec   Data          24  main.o(.constdata__ZTV5Page8)
    vtable for Page9                         0x0800b104   Data          24  main.o(.constdata__ZTV5Page9)
    vtable for Page10                        0x0800b11c   Data          28  main.o(.constdata__ZTV6Page10)
    vtable for Page11                        0x0800b138   Data          24  main.o(.constdata__ZTV6Page11)
    vtable for Page12                        0x0800b150   Data          24  main.o(.constdata__ZTV6Page12)
    vtable for InputPage                     0x0800b168   Data          28  main.o(.constdata__ZTV9InputPage)
    Region$$Table$$Base                      0x0800b184   Number         0  anon$$obj.o(Region$$Table)
    Region$$Table$$Limit                     0x0800b1a4   Number         0  anon$$obj.o(Region$$Table)
    __ctype                                  0x0800b1cd   Data           0  lc_ctype_c.o(locale$$data)
    SHT$$INIT_ARRAY$$Base                    0x0800b2d0   Number         0  main.o(.init_array)
    SHT$$INIT_ARRAY$$Limit                   0x0800b2d8   Number         0  event.o(.init_array)
    SystemCoreClock                          0x20000008   Data           4  system_stm32f10x.o(.data)
    AHBPrescTable                            0x2000000c   Data          16  system_stm32f10x.o(.data)
    LedRead                                  0x2000001c   Data           6  main.o(.data)
    KeyCode                                  0x20000022   Data           6  main.o(.data)
    BeepCode                                 0x20000028   Data           6  main.o(.data)
    page3                                    0x20000030   Data           8  main.o(.data)
    page4                                    0x20000038   Data           8  main.o(.data)
    page7                                    0x20000040   Data           8  main.o(.data)
    page8                                    0x20000048   Data           8  main.o(.data)
    page9                                    0x20000050   Data           8  main.o(.data)
    page11                                   0x20000058   Data           8  main.o(.data)
    preCmd                                   0x20000060   Data           1  main.o(.data)
    scanLines                                0x20000080   Data          56  keyboard.o(.data)
    ext::Keyboard::key_prev                  0x200000b8   Data           2  keyboard.o(.data)
    api::tracer                              0x2000013a   Data           1  tracer.o(.data)
    TIM2_UserCallback                        0x20000144   Data           4  timer.o(.data)
    TIM3_UserCallback                        0x2000014c   Data           4  timer.o(.data)
    TIM4_UserCallback                        0x20000154   Data           4  timer.o(.data)
    TIM5_UserCallback                        0x2000015c   Data           4  timer.o(.data)
    TIM6_UserCallback                        0x20000164   Data           4  timer.o(.data)
    TIM7_UserCallback                        0x2000016c   Data           4  timer.o(.data)
    uart3Buff                                0x200001a4   Data        1024  main.o(.bss)
    uart2Buff                                0x200005a4   Data        1024  main.o(.bss)
    uart3TxBuffer                            0x200009a4   Data        1024  main.o(.bss)
    uart3RxBuffer                            0x20000da4   Data        1024  main.o(.bss)
    uart2TxBuffer                            0x200011a4   Data        1024  main.o(.bss)
    uart2RxBuffer                            0x200015a4   Data        1024  main.o(.bss)
    page0                                    0x200019a4   Data          12  main.o(.bss)
    page1                                    0x200019b0   Data          12  main.o(.bss)
    page2                                    0x200019bc   Data          12  main.o(.bss)
    page5                                    0x200019c8   Data         216  main.o(.bss)
    page6                                    0x20001aa0   Data          16  main.o(.bss)
    page10                                   0x20001ab0   Data         216  main.o(.bss)
    page12                                   0x20001b88   Data          16  main.o(.bss)
    USART1_RX_BUF                            0x20001b98   Data         200  usart.o(.bss)
    hUart1                                   0x20001c60   Data          48  usart.o(.bss)
    hUart2                                   0x20001c90   Data          48  usart.o(.bss)
    hUart3                                   0x20001cc0   Data          48  usart.o(.bss)
    __libspace_start                         0x20003d40   Data          96  libspace.o(.bss)
    __temporary_stack_top$libspace           0x20003da0   Data           0  libspace.o(.bss)



==============================================================================

Memory Map of the image

  Image Entry point : 0x08000131

  Load Region LR_IROM1 (Base: 0x08000000, Size: 0x0000b47c, Max: 0x00080000, ABSOLUTE, COMPRESSED[0x0000b334])

    Execution Region ER_IROM1 (Base: 0x08000000, Size: 0x0000b2d8, Max: 0x00080000, ABSOLUTE)

    Base Addr    Size         Type   Attr      Idx    E Section Name        Object

    0x08000000   0x00000130   Data   RO          795    RESET               startup_stm32f10x_hd.o
    0x08000130   0x00000008   Code   RO         1702  * !!!main             c_w.l(__main.o)
    0x08000138   0x00000034   Code   RO         2188    !!!scatter          c_w.l(__scatter.o)
    0x0800016c   0x0000005a   Code   RO         2186    !!dczerorl2         c_w.l(__dczerorl2.o)
    0x080001c6   0x00000002   PAD
    0x080001c8   0x0000001c   Code   RO         2190    !!handler_zi        c_w.l(__scatter_zi.o)
    0x080001e4   0x00000000   Code   RO         1942    .ARM.Collect$$_printf_percent$$00000000  c_w.l(_printf_percent.o)
    0x080001e4   0x00000006   Code   RO         1931    .ARM.Collect$$_printf_percent$$00000001  c_w.l(_printf_n.o)
    0x080001ea   0x00000006   Code   RO         1933    .ARM.Collect$$_printf_percent$$00000002  c_w.l(_printf_p.o)
    0x080001f0   0x00000006   Code   RO         1938    .ARM.Collect$$_printf_percent$$00000003  c_w.l(_printf_f.o)
    0x080001f6   0x00000006   Code   RO         1939    .ARM.Collect$$_printf_percent$$00000004  c_w.l(_printf_e.o)
    0x080001fc   0x00000006   Code   RO         1940    .ARM.Collect$$_printf_percent$$00000005  c_w.l(_printf_g.o)
    0x08000202   0x00000006   Code   RO         1941    .ARM.Collect$$_printf_percent$$00000006  c_w.l(_printf_a.o)
    0x08000208   0x0000000a   Code   RO         1946    .ARM.Collect$$_printf_percent$$00000007  c_w.l(_printf_ll.o)
    0x08000212   0x00000006   Code   RO         1935    .ARM.Collect$$_printf_percent$$00000008  c_w.l(_printf_i.o)
    0x08000218   0x00000006   Code   RO         1936    .ARM.Collect$$_printf_percent$$00000009  c_w.l(_printf_d.o)
    0x0800021e   0x00000006   Code   RO         1937    .ARM.Collect$$_printf_percent$$0000000A  c_w.l(_printf_u.o)
    0x08000224   0x00000006   Code   RO         1934    .ARM.Collect$$_printf_percent$$0000000B  c_w.l(_printf_o.o)
    0x0800022a   0x00000006   Code   RO         1932    .ARM.Collect$$_printf_percent$$0000000C  c_w.l(_printf_x.o)
    0x08000230   0x00000006   Code   RO         1943    .ARM.Collect$$_printf_percent$$0000000D  c_w.l(_printf_lli.o)
    0x08000236   0x00000006   Code   RO         1944    .ARM.Collect$$_printf_percent$$0000000E  c_w.l(_printf_lld.o)
    0x0800023c   0x00000006   Code   RO         1945    .ARM.Collect$$_printf_percent$$0000000F  c_w.l(_printf_llu.o)
    0x08000242   0x00000006   Code   RO         1950    .ARM.Collect$$_printf_percent$$00000010  c_w.l(_printf_llo.o)
    0x08000248   0x00000006   Code   RO         1951    .ARM.Collect$$_printf_percent$$00000011  c_w.l(_printf_llx.o)
    0x0800024e   0x0000000a   Code   RO         1947    .ARM.Collect$$_printf_percent$$00000012  c_w.l(_printf_l.o)
    0x08000258   0x00000006   Code   RO         1929    .ARM.Collect$$_printf_percent$$00000013  c_w.l(_printf_c.o)
    0x0800025e   0x00000006   Code   RO         1930    .ARM.Collect$$_printf_percent$$00000014  c_w.l(_printf_s.o)
    0x08000264   0x00000006   Code   RO         1948    .ARM.Collect$$_printf_percent$$00000015  c_w.l(_printf_lc.o)
    0x0800026a   0x00000006   Code   RO         1949    .ARM.Collect$$_printf_percent$$00000016  c_w.l(_printf_ls.o)
    0x08000270   0x00000004   Code   RO         2043    .ARM.Collect$$_printf_percent$$00000017  c_w.l(_printf_percent_end.o)
    0x08000274   0x00000006   Code   RO         2098    .ARM.Collect$$libinit$$00000000  c_w.l(libinit.o)
    0x0800027a   0x00000000   Code   RO         1954    .ARM.Collect$$libinit$$00000006  c_w.l(libinit2.o)
    0x0800027a   0x00000000   Code   RO         1956    .ARM.Collect$$libinit$$00000008  c_w.l(libinit2.o)
    0x0800027a   0x00000000   Code   RO         1958    .ARM.Collect$$libinit$$0000000A  c_w.l(libinit2.o)
    0x0800027a   0x00000006   Code   RO         1959    .ARM.Collect$$libinit$$0000000B  c_w.l(libinit2.o)
    0x08000280   0x00000000   Code   RO         1961    .ARM.Collect$$libinit$$0000000D  c_w.l(libinit2.o)
    0x08000280   0x0000000c   Code   RO         1962    .ARM.Collect$$libinit$$0000000E  c_w.l(libinit2.o)
    0x0800028c   0x00000000   Code   RO         1963    .ARM.Collect$$libinit$$0000000F  c_w.l(libinit2.o)
    0x0800028c   0x00000000   Code   RO         1965    .ARM.Collect$$libinit$$00000011  c_w.l(libinit2.o)
    0x0800028c   0x0000000a   Code   RO         1966    .ARM.Collect$$libinit$$00000012  c_w.l(libinit2.o)
    0x08000296   0x00000000   Code   RO         1967    .ARM.Collect$$libinit$$00000013  c_w.l(libinit2.o)
    0x08000296   0x00000000   Code   RO         1969    .ARM.Collect$$libinit$$00000015  c_w.l(libinit2.o)
    0x08000296   0x00000000   Code   RO         1971    .ARM.Collect$$libinit$$00000017  c_w.l(libinit2.o)
    0x08000296   0x00000000   Code   RO         1973    .ARM.Collect$$libinit$$00000019  c_w.l(libinit2.o)
    0x08000296   0x00000000   Code   RO         1975    .ARM.Collect$$libinit$$0000001B  c_w.l(libinit2.o)
    0x08000296   0x00000000   Code   RO         1977    .ARM.Collect$$libinit$$0000001D  c_w.l(libinit2.o)
    0x08000296   0x00000000   Code   RO         1979    .ARM.Collect$$libinit$$0000001F  c_w.l(libinit2.o)
    0x08000296   0x00000000   Code   RO         1981    .ARM.Collect$$libinit$$00000021  c_w.l(libinit2.o)
    0x08000296   0x00000000   Code   RO         1985    .ARM.Collect$$libinit$$00000028  c_w.l(libinit2.o)
    0x08000296   0x00000000   Code   RO         1987    .ARM.Collect$$libinit$$0000002A  c_w.l(libinit2.o)
    0x08000296   0x00000000   Code   RO         1989    .ARM.Collect$$libinit$$0000002C  c_w.l(libinit2.o)
    0x08000296   0x00000004   Code   RO         1990    .ARM.Collect$$libinit$$0000002D  c_w.l(libinit2.o)
    0x0800029a   0x00000000   Code   RO         1991    .ARM.Collect$$libinit$$0000002E  c_w.l(libinit2.o)
    0x0800029a   0x00000002   Code   RO         1992    .ARM.Collect$$libinit$$0000002F  c_w.l(libinit2.o)
    0x0800029c   0x00000002   Code   RO         2148    .ARM.Collect$$libshutdown$$00000000  c_w.l(libshutdown.o)
    0x0800029e   0x00000000   Code   RO         2155    .ARM.Collect$$libshutdown$$00000003  c_w.l(libshutdown2.o)
    0x0800029e   0x00000000   Code   RO         2158    .ARM.Collect$$libshutdown$$00000006  c_w.l(libshutdown2.o)
    0x0800029e   0x00000000   Code   RO         2161    .ARM.Collect$$libshutdown$$00000009  c_w.l(libshutdown2.o)
    0x0800029e   0x00000000   Code   RO         2163    .ARM.Collect$$libshutdown$$0000000B  c_w.l(libshutdown2.o)
    0x0800029e   0x00000000   Code   RO         2166    .ARM.Collect$$libshutdown$$0000000E  c_w.l(libshutdown2.o)
    0x0800029e   0x00000002   Code   RO         2167    .ARM.Collect$$libshutdown$$0000000F  c_w.l(libshutdown2.o)
    0x080002a0   0x00000000   Code   RO         1860    .ARM.Collect$$rtentry$$00000000  c_w.l(rtentry.o)
    0x080002a0   0x00000000   Code   RO         2017    .ARM.Collect$$rtentry$$00000002  c_w.l(rtentry2.o)
    0x080002a0   0x00000006   Code   RO         2029    .ARM.Collect$$rtentry$$00000004  c_w.l(rtentry4.o)
    0x080002a6   0x00000000   Code   RO         2019    .ARM.Collect$$rtentry$$00000009  c_w.l(rtentry2.o)
    0x080002a6   0x00000004   Code   RO         2020    .ARM.Collect$$rtentry$$0000000A  c_w.l(rtentry2.o)
    0x080002aa   0x00000000   Code   RO         2022    .ARM.Collect$$rtentry$$0000000C  c_w.l(rtentry2.o)
    0x080002aa   0x00000008   Code   RO         2023    .ARM.Collect$$rtentry$$0000000D  c_w.l(rtentry2.o)
    0x080002b2   0x00000002   Code   RO         2108    .ARM.Collect$$rtexit$$00000000  c_w.l(rtexit.o)
    0x080002b4   0x00000000   Code   RO         2125    .ARM.Collect$$rtexit$$00000002  c_w.l(rtexit2.o)
    0x080002b4   0x00000004   Code   RO         2126    .ARM.Collect$$rtexit$$00000003  c_w.l(rtexit2.o)
    0x080002b8   0x00000006   Code   RO         2127    .ARM.Collect$$rtexit$$00000004  c_w.l(rtexit2.o)
    0x080002be   0x00000002   PAD
    0x080002c0   0x00000050   Code   RO            2    .text               stm32f10x_it.o
    0x08000310   0x000001e0   Code   RO           76    .text               system_stm32f10x.o
    0x080004f0   0x000006e8   Code   RO           98    .text               main.o
    0x08000bd8   0x00000040   Code   RO          796    .text               startup_stm32f10x_hd.o
    0x08000c18   0x00000100   Code   RO          801    .text               misc.o
    0x08000d18   0x00000148   Code   RO          966    .text               stm32f10x_exti.o
    0x08000e60   0x000003ac   Code   RO         1020    .text               stm32f10x_gpio.o
    0x0800120c   0x0000046a   Code   RO         1036    .text               stm32f10x_i2c.o
    0x08001676   0x00000002   PAD
    0x08001678   0x00000414   Code   RO         1093    .text               stm32f10x_rcc.o
    0x08001a8c   0x00000fd0   Code   RO         1168    .text               stm32f10x_tim.o
    0x08002a5c   0x000004a6   Code   RO         1184    .text               stm32f10x_usart.o
    0x08002f02   0x00000002   PAD
    0x08002f04   0x000000d4   Code   RO         1219    .text               delay.o
    0x08002fd8   0x0000000c   Code   RO         1243    .text               sys.o
    0x08002fe4   0x00000714   Code   RO         1259    .text               usart.o
    0x080036f8   0x000000e8   Code   RO         1290    .text               event.o
    0x080037e0   0x0000043c   Code   RO         1347    .text               keyboard.o
    0x08003c1c   0x000003e4   Code   RO         1399    .text               lcd.o
    0x08004000   0x00000102   Code   RO         1446    .text               tracer.o
    0x08004102   0x00000002   PAD
    0x08004104   0x00000588   Code   RO         1471    .text               i2c.o
    0x0800468c   0x00000118   Code   RO         1496    .text               encoder.o
    0x080047a4   0x000001dc   Code   RO         1534    .text               tool.o
    0x08004980   0x00000450   Code   RO         1559    .text               timer.o
    0x08004dd0   0x00000240   Code   RO         1588    .text               fpga.o
    0x08005010   0x00000060   Code   RO         1615    .text               led.o
    0x08005070   0x000008c4   Code   RO         1637    .text               setting.o
    0x08005934   0x00000002   Code   RO         1694    .text               c_w.l(use_no_semi_2.o)
    0x08005936   0x00000002   PAD
    0x08005938   0x00000024   Code   RO         1696    .text               c_w.l(c89vsprintf.o)
    0x0800595c   0x00000064   Code   RO         1698    .text               c_w.l(rt_memcpy_w.o)
    0x080059c0   0x00000006   Code   RO         1700    .text               c_w.l(heapauxi.o)
    0x080059c6   0x00000002   PAD
    0x080059c8   0x00000024   Code   RO         1707    .text               c_w.l(init_aeabi.o)
    0x080059ec   0x00000002   Code   RO         1858    .text               c_w.l(use_no_semi.o)
    0x080059ee   0x00000052   Code   RO         1863    .text               c_w.l(_printf_pad.o)
    0x08005a40   0x00000024   Code   RO         1865    .text               c_w.l(_printf_truncate.o)
    0x08005a64   0x00000052   Code   RO         1867    .text               c_w.l(_printf_str.o)
    0x08005ab6   0x00000002   PAD
    0x08005ab8   0x00000078   Code   RO         1869    .text               c_w.l(_printf_dec.o)
    0x08005b30   0x0000002a   Code   RO         1871    .text               c_w.l(_printf_charcount.o)
    0x08005b5a   0x00000002   PAD
    0x08005b5c   0x00000030   Code   RO         1873    .text               c_w.l(_printf_char_common.o)
    0x08005b8c   0x0000000a   Code   RO         1875    .text               c_w.l(_sputc.o)
    0x08005b96   0x00000002   PAD
    0x08005b98   0x000000bc   Code   RO         1877    .text               c_w.l(_printf_wctomb.o)
    0x08005c54   0x00000078   Code   RO         1880    .text               c_w.l(_printf_longlong_dec.o)
    0x08005ccc   0x00000078   Code   RO         1886    .text               c_w.l(_printf_oct_int_ll.o)
    0x08005d44   0x0000009c   Code   RO         1906    .text               c_w.l(_printf_hex_int_ll_ptr.o)
    0x08005de0   0x0000018c   Code   RO         1926    .text               c_w.l(__printf_flags_ss_wp.o)
    0x08005f6c   0x0000008a   Code   RO         2031    .text               c_w.l(lludiv10.o)
    0x08005ff6   0x000000b8   Code   RO         2033    .text               c_w.l(_printf_intcommon.o)
    0x080060ae   0x0000041e   Code   RO         2035    .text               c_w.l(_printf_fp_dec.o)
    0x080064cc   0x0000002c   Code   RO         2039    .text               c_w.l(_printf_char.o)
    0x080064f8   0x0000002c   Code   RO         2041    .text               c_w.l(_printf_wchar.o)
    0x08006524   0x00000040   Code   RO         2044    .text               c_w.l(_wcrtomb.o)
    0x08006564   0x0000004a   Code   RO         2048    .text               c_w.l(sys_stackheap_outer.o)
    0x080065ae   0x00000002   PAD
    0x080065b0   0x00000010   Code   RO         2050    .text               c_w.l(rt_ctype_table.o)
    0x080065c0   0x00000008   Code   RO         2055    .text               c_w.l(rt_locale_intlibspace.o)
    0x080065c8   0x00000080   Code   RO         2057    .text               c_w.l(_printf_fp_infnan.o)
    0x08006648   0x000000e4   Code   RO         2059    .text               c_w.l(bigflt0.o)
    0x0800672c   0x0000000c   Code   RO         2087    .text               c_w.l(exit.o)
    0x08006738   0x00000008   Code   RO         2105    .text               c_w.l(libspace.o)
    0x08006740   0x00000080   Code   RO         2119    .text               c_w.l(strcmpv7m.o)
    0x080067c0   0x00000008   Code   RO         2136    .text               c_w.l(rt_fp_status_addr_intlibspace.o)
    0x080067c8   0x0000003e   Code   RO         2062    CL$$btod_d2e        c_w.l(btod.o)
    0x08006806   0x00000046   Code   RO         2064    CL$$btod_d2e_denorm_low  c_w.l(btod.o)
    0x0800684c   0x00000060   Code   RO         2063    CL$$btod_d2e_norm_op1  c_w.l(btod.o)
    0x080068ac   0x00000338   Code   RO         2072    CL$$btod_div_common  c_w.l(btod.o)
    0x08006be4   0x000000c6   Code   RO         2069    CL$$btod_e2e        c_w.l(btod.o)
    0x08006caa   0x00000028   Code   RO         2066    CL$$btod_ediv       c_w.l(btod.o)
    0x08006cd2   0x00000028   Code   RO         2065    CL$$btod_emul       c_w.l(btod.o)
    0x08006cfa   0x00000244   Code   RO         2071    CL$$btod_mult_common  c_w.l(btod.o)
    0x08006f3e   0x00000014   Code   RO          259    i._ZN4Page11handleEnterEv  main.o
    0x08006f52   0x00000002   PAD
    0x08006f54   0x000000c0   Code   RO          368    i._ZN4Page12onKeyPressedEN3ext10ExeCommandE  main.o
    0x08007014   0x00000002   Code   RO          350    i._ZN4Page5enterEv  main.o
    0x08007016   0x00000002   Code   RO          356    i._ZN4Page5leaveEv  main.o
    0x08007018   0x00000002   Code   RO          362    i._ZN4Page7onTimerEv  main.o
    0x0800701a   0x00000002   PAD
    0x0800701c   0x00000010   Code   RO          272    i._ZN4PageC1Ev      main.o
    0x0800702c   0x00000074   Code   RO          374    i._ZN5Page07onTimerEv  main.o
    0x080070a0   0x00000074   Code   RO          380    i._ZN5Page17onTimerEv  main.o
    0x08007114   0x00000080   Code   RO          398    i._ZN5Page212onKeyPressedEN3ext10ExeCommandE  main.o
    0x08007194   0x00000064   Code   RO          386    i._ZN5Page25enterEv  main.o
    0x080071f8   0x0000002e   Code   RO          392    i._ZN5Page27onTimerEv  main.o
    0x08007226   0x00000002   PAD
    0x08007228   0x00000088   Code   RO          410    i._ZN5Page312onKeyPressedEN3ext10ExeCommandE  main.o
    0x080072b0   0x00000078   Code   RO          578    i._ZN5Page313dispToothDistEv  main.o
    0x08007328   0x0000008c   Code   RO          572    i._ZN5Page313dispToothTypeEv  main.o
    0x080073b4   0x00000074   Code   RO          566    i._ZN5Page318dispToothCoverTypeEv  main.o
    0x08007428   0x000000a0   Code   RO          404    i._ZN5Page35enterEv  main.o
    0x080074c8   0x00000134   Code   RO          428    i._ZN5Page412onKeyPressedEN3ext10ExeCommandE  main.o
    0x080075fc   0x00000036   Code   RO          416    i._ZN5Page45enterEv  main.o
    0x08007632   0x00000036   Code   RO          422    i._ZN5Page45leaveEv  main.o
    0x08007668   0x00000168   Code   RO          458    i._ZN5Page512onKeyPressedEN3ext10ExeCommandE  main.o
    0x080077d0   0x00000130   Code   RO          452    i._ZN5Page517displayFixedPulseEij  main.o
    0x08007900   0x00000072   Code   RO          223    i._ZN5Page518displayRotateSpeedEv  main.o
    0x08007972   0x00000002   PAD
    0x08007974   0x00000110   Code   RO          440    i._ZN5Page55enterEv  main.o
    0x08007a84   0x00000012   Code   RO          446    i._ZN5Page57onTimerEv  main.o
    0x08007a96   0x000000c8   Code   RO          235    i._ZN5Page611updateStateEh  main.o
    0x08007b5e   0x00000002   PAD
    0x08007b60   0x00000160   Code   RO          476    i._ZN5Page612onKeyPressedEN3ext10ExeCommandE  main.o
    0x08007cc0   0x000000a8   Code   RO          229    i._ZN5Page614updateFpgaDataEv  main.o
    0x08007d68   0x000004c0   Code   RO          241    i._ZN5Page615updateDataAndUIEjj  main.o
    0x08008228   0x0000002c   Code   RO          464    i._ZN5Page65enterEv  main.o
    0x08008254   0x00000024   Code   RO          470    i._ZN5Page65leaveEv  main.o
    0x08008278   0x0000001c   Code   RO          482    i._ZN5Page67onTimerEv  main.o
    0x08008294   0x0000006c   Code   RO          247    i._ZN5Page712displayInforEb  main.o
    0x08008300   0x00000144   Code   RO          500    i._ZN5Page712onKeyPressedEN3ext10ExeCommandE  main.o
    0x08008444   0x0000003e   Code   RO          488    i._ZN5Page75enterEv  main.o
    0x08008482   0x00000036   Code   RO          494    i._ZN5Page75leaveEv  main.o
    0x080084b8   0x0000007c   Code   RO          506    i._ZN5Page812onKeyPressedEN3ext10ExeCommandE  main.o
    0x08008534   0x00000158   Code   RO          524    i._ZN5Page912onKeyPressedEN3ext10ExeCommandE  main.o
    0x0800868c   0x0000004c   Code   RO          512    i._ZN5Page95enterEv  main.o
    0x080086d8   0x0000004c   Code   RO          518    i._ZN5Page95leaveEv  main.o
    0x08008724   0x0000011c   Code   RO          536    i._ZN6Page1012onKeyPressedEN3ext10ExeCommandE  main.o
    0x08008840   0x00000088   Code   RO          530    i._ZN6Page105enterEv  main.o
    0x080088c8   0x00000088   Code   RO          542    i._ZN6Page1112onKeyPressedEN3ext10ExeCommandE  main.o
    0x08008950   0x00000048   Code   RO          253    i._ZN6Page1210updateIconEv  main.o
    0x08008998   0x000000f4   Code   RO          560    i._ZN6Page1212onKeyPressedEN3ext10ExeCommandE  main.o
    0x08008a8c   0x00000064   Code   RO          266    i._ZN6Page1213handleEncoderEc  main.o
    0x08008af0   0x0000002c   Code   RO          548    i._ZN6Page125enterEv  main.o
    0x08008b1c   0x00000002   Code   RO          554    i._ZN6Page125leaveEv  main.o
    0x08008b1e   0x00000002   PAD
    0x08008b20   0x00000134   Code   RO          146    i._ZN6Page127displayEv  main.o
    0x08008c54   0x000006d0   Code   RO          209    i._ZN9InputPage12onKeyPressedEN3ext10ExeCommandE  main.o
    0x08009324   0x00000018   Code   RO          584    i._ZN9InputPage14haveValidInputEv  main.o
    0x0800933c   0x00000052   Code   RO          176    i._ZN9InputPage15displayAllValueEv  main.o
    0x0800938e   0x00000002   PAD
    0x08009390   0x0000006c   Code   RO          164    i._ZN9InputPage15displayMeasuredEi  main.o
    0x080093fc   0x00000130   Code   RO          190    i._ZN9InputPage16dotNumbToUnicodeEij  main.o
    0x0800952c   0x000003d0   Code   RO          196    i._ZN9InputPage17checkAndFillInputEi  main.o
    0x080098fc   0x00000100   Code   RO          434    i._ZN9InputPage17displayFixedPulseEij  main.o
    0x080099fc   0x00000024   Code   RO          152    i._ZN9InputPage18displayEditorFocusEj  main.o
    0x08009a20   0x00000080   Code   RO          158    i._ZN9InputPage18displayFixedDigreeEij  main.o
    0x08009aa0   0x0000001a   Code   RO          284    i._ZN9InputPage18hideAllEditorFocusEv  main.o
    0x08009aba   0x00000030   Code   RO          170    i._ZN9InputPage21displayMainAxisDegreeEv  main.o
    0x08009aea   0x000001dc   Code   RO          202    i._ZN9InputPage28checkAndFillInputWhenEditingEii  main.o
    0x08009cc6   0x000000be   Code   RO          183    i._ZN9InputPage5enterEv  main.o
    0x08009d84   0x0000004a   Code   RO          216    i._ZN9InputPage7onTimerEv  main.o
    0x08009dce   0x00000002   PAD
    0x08009dd0   0x00000018   Code   RO          278    i._ZN9InputPageC1Ev  main.o
    0x08009de8   0x00000028   Code   RO         2101    i.__ARM_fpclassify  m_ws.l(fpclassify.o)
    0x08009e10   0x0000000e   Code   RO         1919    i._is_digit         c_w.l(__printf_wp.o)
    0x08009e1e   0x00000002   PAD
    0x08009e20   0x0000002c   Code   RO         2085    locale$$code        c_w.l(lc_numeric_c.o)
    0x08009e4c   0x0000002c   Code   RO         2113    locale$$code        c_w.l(lc_ctype_c.o)
    0x08009e78   0x00000020   Code   RO         1413    t._Z13__file_name__ILj15EEPKcRAT__S0_  lcd.o
    0x08009e98   0x00000020   Code   RO         1601    t._Z13__file_name__ILj16EEPKcRAT__S0_  fpga.o
    0x08009eb8   0x00000020   Code   RO          139    t._Z13__file_name__ILj17EEPKcRAT__S0_  main.o
    0x08009ed8   0x00000020   Code   RO         1363    t._Z13__file_name__ILj20EEPKcRAT__S0_  keyboard.o
    0x08009ef8   0x00000020   Code   RO         1653    t._Z13__file_name__ILj23EEPKcRAT__S0_  setting.o
    0x08009f18   0x00000020   Code   RO          125    t._Z13__file_name__ILj24EEPKcRAT__S0_  main.o
    0x08009f38   0x00000020   Code   RO          118    t._Z13__file_name__ILj25EEPKcRAT__S0_  main.o
    0x08009f58   0x00000020   Code   RO          132    t._Z13__file_name__ILj30EEPKcRAT__S0_  main.o
    0x08009f78   0x0000006a   Code   RO         1306    t._ZN11StaticQueueI4NodeLi512EE7inQueueERKS0_  event.o
    0x08009fe2   0x00000068   Code   RO         1312    t._ZN11StaticQueueI4NodeLi512EE8outQueueERS0_  event.o
    0x0800a04a   0x00000002   PAD
    0x0800a04c   0x00000062   Code   RO         1810    x$fpl$d2f           fz_ws.l(d2f.o)
    0x0800a0ae   0x00000002   PAD
    0x0800a0b0   0x00000150   Code   RO         1812    x$fpl$dadd          fz_ws.l(daddsub_clz.o)
    0x0800a200   0x000002b0   Code   RO         1819    x$fpl$ddiv          fz_ws.l(ddiv.o)
    0x0800a4b0   0x0000005e   Code   RO         1822    x$fpl$dfix          fz_ws.l(dfix.o)
    0x0800a50e   0x0000002e   Code   RO         1827    x$fpl$dflt          fz_ws.l(dflt_clz.o)
    0x0800a53c   0x00000154   Code   RO         1832    x$fpl$dmul          fz_ws.l(dmul.o)
    0x0800a690   0x0000009c   Code   RO         2003    x$fpl$dnaninf       fz_ws.l(dnaninf.o)
    0x0800a72c   0x0000000c   Code   RO         2005    x$fpl$dretinf       fz_ws.l(dretinf.o)
    0x0800a738   0x000001d4   Code   RO         1814    x$fpl$dsub          fz_ws.l(daddsub_clz.o)
    0x0800a90c   0x000000c4   Code   RO         1834    x$fpl$fadd          fz_ws.l(faddsub_clz.o)
    0x0800a9d0   0x00000018   Code   RO         2007    x$fpl$fcmpinf       fz_ws.l(fcmpi.o)
    0x0800a9e8   0x00000184   Code   RO         1841    x$fpl$fdiv          fz_ws.l(fdiv.o)
    0x0800ab6c   0x00000036   Code   RO         1844    x$fpl$ffix          fz_ws.l(ffix.o)
    0x0800aba2   0x00000002   PAD
    0x0800aba4   0x00000030   Code   RO         1849    x$fpl$fflt          fz_ws.l(fflt_clz.o)
    0x0800abd4   0x00000068   Code   RO         1854    x$fpl$fleqf         fz_ws.l(fleqf.o)
    0x0800ac3c   0x00000102   Code   RO         1856    x$fpl$fmul          fz_ws.l(fmul.o)
    0x0800ad3e   0x0000008c   Code   RO         2009    x$fpl$fnaninf       fz_ws.l(fnaninf.o)
    0x0800adca   0x0000000e   Code   RO         2121    x$fpl$fpinit        fz_ws.l(fpinit.o)
    0x0800add8   0x0000000a   Code   RO         2011    x$fpl$fretinf       fz_ws.l(fretinf.o)
    0x0800ade2   0x00000014   Code   RO         1835    x$fpl$frsb          fz_ws.l(faddsub_clz.o)
    0x0800adf6   0x00000002   PAD
    0x0800adf8   0x000000ea   Code   RO         1836    x$fpl$fsub          fz_ws.l(faddsub_clz.o)
    0x0800aee2   0x00000004   Code   RO         2013    x$fpl$printf1       fz_ws.l(printf1.o)
    0x0800aee6   0x00000000   Code   RO         2015    x$fpl$usenofp       fz_ws.l(usenofp.o)
    0x0800aee6   0x00000002   PAD
    0x0800aee8   0x00000034   Data   RO          101    .constdata          main.o
    0x0800af1c   0x0000001c   Data   RO         1349    .constdata          keyboard.o
    0x0800af38   0x00000008   Data   RO         1878    .constdata          c_w.l(_printf_wctomb.o)
    0x0800af40   0x00000028   Data   RO         1907    .constdata          c_w.l(_printf_hex_int_ll_ptr.o)
    0x0800af68   0x00000011   Data   RO         1927    .constdata          c_w.l(__printf_flags_ss_wp.o)
    0x0800af79   0x00000003   PAD
    0x0800af7c   0x00000094   Data   RO         2060    .constdata          c_w.l(bigflt0.o)
    0x0800b010   0x00000018   Data   RO          291    .constdata__ZTV4Page  main.o
    0x0800b028   0x00000018   Data   RO          293    .constdata__ZTV5Page0  main.o
    0x0800b040   0x00000018   Data   RO          295    .constdata__ZTV5Page1  main.o
    0x0800b058   0x00000018   Data   RO          297    .constdata__ZTV5Page2  main.o
    0x0800b070   0x00000018   Data   RO          299    .constdata__ZTV5Page3  main.o
    0x0800b088   0x00000018   Data   RO          301    .constdata__ZTV5Page4  main.o
    0x0800b0a0   0x0000001c   Data   RO          305    .constdata__ZTV5Page5  main.o
    0x0800b0bc   0x00000018   Data   RO          307    .constdata__ZTV5Page6  main.o
    0x0800b0d4   0x00000018   Data   RO          309    .constdata__ZTV5Page7  main.o
    0x0800b0ec   0x00000018   Data   RO          311    .constdata__ZTV5Page8  main.o
    0x0800b104   0x00000018   Data   RO          313    .constdata__ZTV5Page9  main.o
    0x0800b11c   0x0000001c   Data   RO          315    .constdata__ZTV6Page10  main.o
    0x0800b138   0x00000018   Data   RO          317    .constdata__ZTV6Page11  main.o
    0x0800b150   0x00000018   Data   RO          319    .constdata__ZTV6Page12  main.o
    0x0800b168   0x0000001c   Data   RO          303    .constdata__ZTV9InputPage  main.o
    0x0800b184   0x00000020   Data   RO         2184    Region$$Table       anon$$obj.o
    0x0800b1a4   0x0000001c   Data   RO         2084    locale$$data        c_w.l(lc_numeric_c.o)
    0x0800b1c0   0x00000110   Data   RO         2112    locale$$data        c_w.l(lc_ctype_c.o)
    0x0800b2d0   0x00000004   Data   RO          103    .init_array         main.o
    0x0800b2d4   0x00000004   Data   RO         1293    .init_array         event.o


    Execution Region RW_IRAM1 (Base: 0x20000000, Size: 0x000043a0, Max: 0x00010000, ABSOLUTE, COMPRESSED[0x0000005c])

    Base Addr    Size         Type   Attr      Idx    E Section Name        Object

    0x20000000   0x00000008   Data   RW            3    .data               stm32f10x_it.o
    0x20000008   0x00000014   Data   RW           77    .data               system_stm32f10x.o
    0x2000001c   0x00000045   Data   RW          102    .data               main.o
    0x20000061   0x00000014   Data   RW         1094    .data               stm32f10x_rcc.o
    0x20000075   0x00000003   PAD
    0x20000078   0x00000008   Data   RW         1220    .data               delay.o
    0x20000080   0x0000003a   Data   RW         1350    .data               keyboard.o
    0x200000ba   0x00000080   Data   RW         1401    .data               lcd.o
    0x2000013a   0x00000001   Data   RW         1448    .data               tracer.o
    0x2000013b   0x00000001   PAD
    0x2000013c   0x00000004   Data   RW         1497    .data               encoder.o
    0x20000140   0x00000030   Data   RW         1560    .data               timer.o
    0x20000170   0x00000034   Data   RW         1640    .data               setting.o
    0x200001a4   0x000019f4   Zero   RW          100    .bss                main.o
    0x20001b98   0x00000158   Zero   RW         1260    .bss                usart.o
    0x20001cf0   0x00002008   Zero   RW         1292    .bss                event.o
    0x20003cf8   0x00000048   Zero   RW         1639    .bss                setting.o
    0x20003d40   0x00000060   Zero   RW         2106    .bss                c_w.l(libspace.o)
    0x20003da0   0x00000200   Zero   RW          794    HEAP                startup_stm32f10x_hd.o
    0x20003fa0   0x00000400   Zero   RW          793    STACK               startup_stm32f10x_hd.o


==============================================================================

Image component sizes


      Code (inc. data)   RO Data    RW Data    ZI Data      Debug   Object Name

       212         18          0          8          0        891   delay.o
       280         10          0          4          0       1306   encoder.o
       442         72          4          0       8200       5070   event.o
       608         64          0          0          0       2576   fpga.o
      1416         46          0          0          0       3777   i2c.o
      1116        264         28         58          0       4472   keyboard.o
      1028        160          0        128          0       4172   lcd.o
        96          4          0          0          0       1020   led.o
     13826       1952        428         69       6644     286281   main.o
       256         30          0          0          0       1725   misc.o
      2276        484          0         52         72      11109   setting.o
        64         26        304          0       1536        736   startup_stm32f10x_hd.o
       328         24          0          0          0       2187   stm32f10x_exti.o
       940         46          0          0          0       5705   stm32f10x_gpio.o
      1130         16          0          0          0      17095   stm32f10x_i2c.o
        80          8          0          8          0     256415   stm32f10x_it.o
      1044         52          0         20          0       8840   stm32f10x_rcc.o
      4048         86          0          0          0      22988   stm32f10x_tim.o
      1190         22          0          0          0       8424   stm32f10x_usart.o
        12          0          0          0          0        381   sys.o
       480         36          0         20          0       1631   system_stm32f10x.o
      1104         86          0         48          0      21381   timer.o
       476          6          0          0          0       2264   tool.o
       258          0          0          1          0       3076   tracer.o
      1812         42          0          0        344       8025   usart.o

    ----------------------------------------------------------------------
     34546       3554        796        420      16796     681547   Object Totals
         0          0         32          0          0          0   (incl. Generated)
        24          0          0          4          0          0   (incl. Padding)

    ----------------------------------------------------------------------

      Code (inc. data)   RO Data    RW Data    ZI Data      Debug   Library Member Name

        90          0          0          0          0          0   __dczerorl2.o
         8          0          0          0          0         68   __main.o
       396          6         17          0          0         92   __printf_flags_ss_wp.o
        14          0          0          0          0         68   __printf_wp.o
        52          8          0          0          0          0   __scatter.o
        28          0          0          0          0          0   __scatter_zi.o
         6          0          0          0          0          0   _printf_a.o
         6          0          0          0          0          0   _printf_c.o
        44          0          0          0          0        108   _printf_char.o
        48          6          0          0          0         96   _printf_char_common.o
        42          0          0          0          0         68   _printf_charcount.o
         6          0          0          0          0          0   _printf_d.o
       120         18          0          0          0         92   _printf_dec.o
         6          0          0          0          0          0   _printf_e.o
         6          0          0          0          0          0   _printf_f.o
      1054          0          0          0          0        216   _printf_fp_dec.o
       128         16          0          0          0         84   _printf_fp_infnan.o
         6          0          0          0          0          0   _printf_g.o
       156          6         40          0          0        160   _printf_hex_int_ll_ptr.o
         6          0          0          0          0          0   _printf_i.o
       184          0          0          0          0         88   _printf_intcommon.o
        10          0          0          0          0          0   _printf_l.o
         6          0          0          0          0          0   _printf_lc.o
        10          0          0          0          0          0   _printf_ll.o
         6          0          0          0          0          0   _printf_lld.o
         6          0          0          0          0          0   _printf_lli.o
         6          0          0          0          0          0   _printf_llo.o
         6          0          0          0          0          0   _printf_llu.o
         6          0          0          0          0          0   _printf_llx.o
       120         16          0          0          0         92   _printf_longlong_dec.o
         6          0          0          0          0          0   _printf_ls.o
         6          0          0          0          0          0   _printf_n.o
         6          0          0          0          0          0   _printf_o.o
       120          8          0          0          0        124   _printf_oct_int_ll.o
         6          0          0          0          0          0   _printf_p.o
        82          0          0          0          0        108   _printf_pad.o
         0          0          0          0          0          0   _printf_percent.o
         4          0          0          0          0          0   _printf_percent_end.o
         6          0          0          0          0          0   _printf_s.o
        82          0          0          0          0         80   _printf_str.o
        36          0          0          0          0         84   _printf_truncate.o
         6          0          0          0          0          0   _printf_u.o
        44          0          0          0          0        108   _printf_wchar.o
       188          6          8          0          0         92   _printf_wctomb.o
         6          0          0          0          0          0   _printf_x.o
        10          0          0          0          0         68   _sputc.o
        64          0          0          0          0         92   _wcrtomb.o
       228          6        148          0          0         96   bigflt0.o
      1910        128          0          0          0        672   btod.o
        36          4          0          0          0         76   c89vsprintf.o
        12          0          0          0          0         72   exit.o
         6          0          0          0          0        152   heapauxi.o
        36         10          0          0          0         80   init_aeabi.o
        44         10        272          0          0         76   lc_ctype_c.o
        44         10         28          0          0         76   lc_numeric_c.o
         6          0          0          0          0          0   libinit.o
        34          0          0          0          0          0   libinit2.o
         2          0          0          0          0          0   libshutdown.o
         2          0          0          0          0          0   libshutdown2.o
         8          4          0          0         96         68   libspace.o
       138          0          0          0          0         80   lludiv10.o
        16          4          0          0          0         76   rt_ctype_table.o
         8          4          0          0          0         68   rt_fp_status_addr_intlibspace.o
         8          4          0          0          0         68   rt_locale_intlibspace.o
       100          0          0          0          0         80   rt_memcpy_w.o
         0          0          0          0          0          0   rtentry.o
        12          0          0          0          0          0   rtentry2.o
         6          0          0          0          0          0   rtentry4.o
         2          0          0          0          0          0   rtexit.o
        10          0          0          0          0          0   rtexit2.o
       128          0          0          0          0         68   strcmpv7m.o
        74          0          0          0          0         80   sys_stackheap_outer.o
         2          0          0          0          0         68   use_no_semi.o
         2          0          0          0          0         68   use_no_semi_2.o
        98          4          0          0          0         92   d2f.o
       804         16          0          0          0        280   daddsub_clz.o
       688        140          0          0          0        212   ddiv.o
        94          4          0          0          0         92   dfix.o
        46          0          0          0          0         68   dflt_clz.o
       340         12          0          0          0        104   dmul.o
       156          4          0          0          0         92   dnaninf.o
        12          0          0          0          0         68   dretinf.o
       450          8          0          0          0        236   faddsub_clz.o
        24          0          0          0          0         68   fcmpi.o
       388         76          0          0          0         96   fdiv.o
        54          4          0          0          0         84   ffix.o
        48          0          0          0          0         68   fflt_clz.o
       104          4          0          0          0         84   fleqf.o
       258          4          0          0          0         84   fmul.o
       140          4          0          0          0         84   fnaninf.o
        14          0          0          0          0         76   fpinit.o
        10          0          0          0          0         68   fretinf.o
         4          0          0          0          0         68   printf1.o
         0          0          0          0          0          0   usenofp.o
        40          0          0          0          0         68   fpclassify.o

    ----------------------------------------------------------------------
      9926        554        516          0         96       6104   Library Totals
        26          0          3          0          0          0   (incl. Padding)

    ----------------------------------------------------------------------

      Code (inc. data)   RO Data    RW Data    ZI Data      Debug   Library Name

      6128        274        513          0         96       4012   c_w.l
      3732        280          0          0          0       2024   fz_ws.l
        40          0          0          0          0         68   m_ws.l

    ----------------------------------------------------------------------
      9926        554        516          0         96       6104   Library Totals

    ----------------------------------------------------------------------

==============================================================================


      Code (inc. data)   RO Data    RW Data    ZI Data      Debug   

     44472       4108       1312        420      16892     678135   Grand Totals
     44472       4108       1312         92      16892     678135   ELF Image Totals (compressed)
     44472       4108       1312         92          0          0   ROM Totals

==============================================================================

    Total RO  Size (Code + RO Data)                45784 (  44.71kB)
    Total RW  Size (RW Data + ZI Data)             17312 (  16.91kB)
    Total ROM Size (Code + RO Data + RW Data)      45876 (  44.80kB)

==============================================================================

